88.255.145.211 - - [19/Mar/2026:15:01:17 +0300] "GET /static/js/toast.js HTTP/1.0" 304 0 "https://minibartakip.com/login" "Mozilla/5.0 (Linux; Android 10; K) AppleWebKit/537.36 (KHTML, like Gecko) Chrome/146.0.0.0 Safari/537.36" 3040
88.255.145.211 - - [19/Mar/2026:15:01:17 +0300] "GET /static/js/form-validation.js HTTP/1.0" 304 0 "https://minibartakip.com/login" "Mozilla/5.0 (Linux; Android 10; K) AppleWebKit/537.36 (KHTML, like Gecko) Chrome/146.0.0.0 Safari/537.36" 2349
94.78.89.124 - - [19/Mar/2026:15:01:17 +0300] "GET /api/kat-sorumlusu/bugun-eklemeler/1478 HTTP/1.0" 200 32 "https://minibartakip.com/kat-sorumlusu/oda-kontrol?kat_id=13&oda_id=1478&from_kat_detay=1" "Mozilla/5.0 (iPhone; CPU iPhone OS 18_7 like Mac OS X) AppleWebKit/605.1.15 (KHTML, like Gecko) Version/26.3 Mobile/15E148 Safari/604.1" 8296
94.78.89.124 - - [19/Mar/2026:15:01:17 +0300] "GET /api/kat-sorumlusu/oda-setup/1478 HTTP/1.0" 200 9282 "https://minibartakip.com/kat-sorumlusu/oda-kontrol?kat_id=13&oda_id=1478&from_kat_detay=1" "Mozilla/5.0 (iPhone; CPU iPhone OS 18_7 like Mac OS X) AppleWebKit/605.1.15 (KHTML, like Gecko) Version/26.3 Mobile/15E148 Safari/604.1" 100695
127.0.0.1 - - [19/Mar/2026:15:01:18 +0300] "GET /health HTTP/1.1" 200 243 "-" "curl/8.14.1" 104738
88.255.145.211 - - [19/Mar/2026:15:01:22 +0300] "POST /login HTTP/1.0" 302 207 "https://minibartakip.com/login" "Mozilla/5.0 (Linux; Android 10; K) AppleWebKit/537.36 (KHTML, like Gecko) Chrome/146.0.0.0 Safari/537.36" 364616
88.255.145.211 - - [19/Mar/2026:15:01:23 +0300] "GET /dashboard HTTP/1.0" 302 235 "https://minibartakip.com/login" "Mozilla/5.0 (Linux; Android 10; K) AppleWebKit/537.36 (KHTML, like Gecko) Chrome/146.0.0.0 Safari/537.36" 3035
88.255.145.211 - - [19/Mar/2026:15:01:29 +0300] "GET /kat-sorumlusu/dashboard HTTP/1.0" 200 138360 "https://minibartakip.com/login" "Mozilla/5.0 (Linux; Android 10; K) AppleWebKit/537.36 (KHTML, like Gecko) Chrome/146.0.0.0 Safari/537.36" 6007725
88.255.145.211 - - [19/Mar/2026:15:01:30 +0300] "GET /static/css/tablet-touch.css HTTP/1.0" 304 0 "https://minibartakip.com/kat-sorumlusu/dashboard" "Mozilla/5.0 (Linux; Android 10; K) AppleWebKit/537.36 (KHTML, like Gecko) Chrome/146.0.0.0 Safari/537.36" 3462
88.255.145.211 - - [19/Mar/2026:15:01:30 +0300] "GET /static/css/tailwind.min.css HTTP/1.0" 304 0 "https://minibartakip.com/kat-sorumlusu/dashboard" "Mozilla/5.0 (Linux; Android 10; K) AppleWebKit/537.36 (KHTML, like Gecko) Chrome/146.0.0.0 Safari/537.36" 3227
88.255.145.211 - - [19/Mar/2026:15:01:31 +0300] "GET /static/js/bildirim_manager.js HTTP/1.0" 304 0 "https://minibartakip.com/kat-sorumlusu/dashboard" "Mozilla/5.0 (Linux; Android 10; K) AppleWebKit/537.36 (KHTML, like Gecko) Chrome/146.0.0.0 Safari/537.36" 5258
88.255.145.211 - - [19/Mar/2026:15:01:31 +0300] "GET /static/js/table-search-filter.js HTTP/1.0" 304 0 "https://minibartakip.com/kat-sorumlusu/dashboard" "Mozilla/5.0 (Linux; Android 10; K) AppleWebKit/537.36 (KHTML, like Gecko) Chrome/146.0.0.0 Safari/537.36" 5053
88.255.145.211 - - [19/Mar/2026:15:01:31 +0300] "GET /static/js/gorev_oncelik.js?v=1.1.87 HTTP/1.0" 304 0 "https://minibartakip.com/kat-sorumlusu/dashboard" "Mozilla/5.0 (Linux; Android 10; K) AppleWebKit/537.36 (KHTML, like Gecko) Chrome/146.0.0.0 Safari/537.36" 2657
88.255.145.211 - - [19/Mar/2026:15:01:31 +0300] "GET /static/js/pwa-install.js HTTP/1.0" 304 0 "https://minibartakip.com/kat-sorumlusu/dashboard" "Mozilla/5.0 (Linux; Android 10; K) AppleWebKit/537.36 (KHTML, like Gecko) Chrome/146.0.0.0 Safari/537.36" 9822
88.255.145.211 - - [19/Mar/2026:15:01:31 +0300] "GET /static/js/guide-system.js?v=1.1.87 HTTP/1.0" 304 0 "https://minibartakip.com/kat-sorumlusu/dashboard" "Mozilla/5.0 (Linux; Android 10; K) AppleWebKit/537.36 (KHTML, like Gecko) Chrome/146.0.0.0 Safari/537.36" 8999
88.255.145.211 - - [19/Mar/2026:15:01:31 +0300] "GET /static/js/tema_modal.js HTTP/1.0" 304 0 "https://minibartakip.com/kat-sorumlusu/dashboard" "Mozilla/5.0 (Linux; Android 10; K) AppleWebKit/537.36 (KHTML, like Gecko) Chrome/146.0.0.0 Safari/537.36" 8497
88.255.145.211 - - [19/Mar/2026:15:01:31 +0300] "GET /static/js/theme.js HTTP/1.0" 304 0 "https://minibartakip.com/kat-sorumlusu/dashboard" "Mozilla/5.0 (Linux; Android 10; K) AppleWebKit/537.36 (KHTML, like Gecko) Chrome/146.0.0.0 Safari/537.36" 2740
88.255.145.211 - - [19/Mar/2026:15:01:31 +0300] "GET /api/bildirimler?limit=20 HTTP/1.0" 200 2010 "https://minibartakip.com/kat-sorumlusu/dashboard" "Mozilla/5.0 (Linux; Android 10; K) AppleWebKit/537.36 (KHTML, like Gecko) Chrome/146.0.0.0 Safari/537.36" 7601
88.255.145.211 - - [19/Mar/2026:15:01:31 +0300] "GET /api/dolum-talepleri HTTP/1.0" 200 41 "https://minibartakip.com/kat-sorumlusu/dashboard" "Mozilla/5.0 (Linux; Android 10; K) AppleWebKit/537.36 (KHTML, like Gecko) Chrome/146.0.0.0 Safari/537.36" 8008
88.255.145.211 - - [19/Mar/2026:15:01:31 +0300] "GET /gorevler/api/bekleyen HTTP/1.0" 200 49 "https://minibartakip.com/kat-sorumlusu/dashboard" "Mozilla/5.0 (Linux; Android 10; K) AppleWebKit/537.36 (KHTML, like Gecko) Chrome/146.0.0.0 Safari/537.36" 18066
88.255.145.211 - - [19/Mar/2026:15:01:31 +0300] "GET /static/manifest.json HTTP/1.0" 304 0 "https://minibartakip.com/kat-sorumlusu/dashboard" "Mozilla/5.0 (Linux; Android 10; K) AppleWebKit/537.36 (KHTML, like Gecko) Chrome/146.0.0.0 Safari/537.36" 2390
88.255.145.211 - - [19/Mar/2026:15:01:32 +0300] "GET /static/icons/ios/180.png HTTP/1.0" 304 0 "https://minibartakip.com/kat-sorumlusu/dashboard" "Mozilla/5.0 (Linux; Android 10; K) AppleWebKit/537.36 (KHTML, like Gecko) Chrome/146.0.0.0 Safari/537.36" 2897
88.255.145.211 - - [19/Mar/2026:15:01:32 +0300] "GET /static/icons/android/android-launchericon-192-192.png HTTP/1.0" 304 0 "https://minibartakip.com/kat-sorumlusu/dashboard" "Mozilla/5.0 (Linux; Android 10; K) AppleWebKit/537.36 (KHTML, like Gecko) Chrome/146.0.0.0 Safari/537.36" 2526
88.255.145.211 - - [19/Mar/2026:15:01:35 +0300] "GET /kat-sorumlusu/dashboard HTTP/1.0" 200 137809 "https://minibartakip.com/login" "Mozilla/5.0 (Linux; Android 10; K) AppleWebKit/537.36 (KHTML, like Gecko) Chrome/146.0.0.0 Safari/537.36" 431434
94.79.98.177 - - [19/Mar/2026:15:01:40 +0300] "GET /gorevler/api/bekleyen HTTP/1.0" 200 54 "https://minibartakip.com/kat-sorumlusu/oda-kontrol" "Mozilla/5.0 (iPhone; CPU iPhone OS 18_7 like Mac OS X) AppleWebKit/605.1.15 (KHTML, like Gecko) Version/26.3 Mobile/15E148 Safari/604.1" 2688387
88.255.145.211 - - [19/Mar/2026:15:01:51 +0300] "GET /kat-doluluk/24 HTTP/1.0" 200 150612 "https://minibartakip.com/kat-sorumlusu/dashboard" "Mozilla/5.0 (Linux; Android 10; K) AppleWebKit/537.36 (KHTML, like Gecko) Chrome/146.0.0.0 Safari/537.36" 15687668
127.0.0.1 - - [19/Mar/2026:15:01:54 +0300] "GET /health HTTP/1.1" 200 243 "-" "curl/8.14.1" 692442
94.78.89.124 - - [19/Mar/2026:15:01:56 +0300] "GET /api/kat-sorumlusu/dnd-durum/1478 HTTP/1.0" 200 35 "https://minibartakip.com/kat-sorumlusu/oda-kontrol" "Mozilla/5.0 (iPhone; CPU iPhone OS 18_7 like Mac OS X) AppleWebKit/605.1.15 (KHTML, like Gecko) Version/26.3 Mobile/15E148 Safari/604.1" 597085
88.255.145.211 - - [19/Mar/2026:15:01:58 +0300] "GET /kat-doluluk/24 HTTP/1.0" 200 150612 "https://minibartakip.com/kat-sorumlusu/dashboard" "Mozilla/5.0 (Linux; Android 10; K) AppleWebKit/537.36 (KHTML, like Gecko) Chrome/146.0.0.0 Safari/537.36" 20596839
🔍 DND Görev Arama - Otel: 3, Tarih: 2026-03-19, Oda: 1478
✅ Görev detay bulundu: ID=51683, Durum=pending
88.255.145.211 - - [19/Mar/2026:15:02:03 +0300] "GET /kat-doluluk/24 HTTP/1.0" 200 150612 "https://minibartakip.com/kat-sorumlusu/dashboard" "Mozilla/5.0 (Linux; Android 10; K) AppleWebKit/537.36 (KHTML, like Gecko) Chrome/146.0.0.0 Safari/537.36" 24433504
88.255.145.211 - - [19/Mar/2026:15:02:07 +0300] "GET /kat-doluluk/24 HTTP/1.0" 200 150612 "https://minibartakip.com/kat-sorumlusu/dashboard" "Mozilla/5.0 (Linux; Android 10; K) AppleWebKit/537.36 (KHTML, like Gecko) Chrome/146.0.0.0 Safari/537.36" 24711700
88.255.145.211 - - [19/Mar/2026:15:02:07 +0300] "GET /kat-doluluk/24 HTTP/1.0" 200 150612 "https://minibartakip.com/kat-sorumlusu/dashboard" "Mozilla/5.0 (Linux; Android 10; K) AppleWebKit/537.36 (KHTML, like Gecko) Chrome/146.0.0.0 Safari/537.36" 23451359
88.255.145.211 - - [19/Mar/2026:15:02:07 +0300] "GET /api/dolum-talepleri HTTP/1.0" 200 41 "https://minibartakip.com/kat-sorumlusu/dashboard" "Mozilla/5.0 (Linux; Android 10; K) AppleWebKit/537.36 (KHTML, like Gecko) Chrome/146.0.0.0 Safari/537.36" 303001
✅ DND bildirimi gönderildi: Oda 154
94.78.89.124 - - [19/Mar/2026:15:02:08 +0300] "POST /api/kat-sorumlusu/dnd-kaydet HTTP/1.0" 200 170 "https://minibartakip.com/kat-sorumlusu/oda-kontrol" "Mozilla/5.0 (iPhone; CPU iPhone OS 18_7 like Mac OS X) AppleWebKit/605.1.15 (KHTML, like Gecko) Version/26.3 Mobile/15E148 Safari/604.1" 11092535
88.255.145.211 - - [19/Mar/2026:15:02:11 +0300] "GET /kat-doluluk/24 HTTP/1.0" 200 150612 "https://minibartakip.com/kat-sorumlusu/dashboard" "Mozilla/5.0 (Linux; Android 10; K) AppleWebKit/537.36 (KHTML, like Gecko) Chrome/146.0.0.0 Safari/537.36" 32108882
88.255.145.211 - - [19/Mar/2026:15:02:12 +0300] "GET /kat-doluluk/24 HTTP/1.0" 200 150612 "https://minibartakip.com/kat-sorumlusu/dashboard" "Mozilla/5.0 (Linux; Android 10; K) AppleWebKit/537.36 (KHTML, like Gecko) Chrome/146.0.0.0 Safari/537.36" 33660347
94.78.89.124 - - [19/Mar/2026:15:02:13 +0300] "GET /kat-doluluk/13 HTTP/1.0" 200 154568 "https://minibartakip.com/kat-sorumlusu/oda-kontrol" "Mozilla/5.0 (iPhone; CPU iPhone OS 18_7 like Mac OS X) AppleWebKit/605.1.15 (KHTML, like Gecko) Version/26.3 Mobile/15E148 Safari/604.1" 9837735
94.78.89.124 - - [19/Mar/2026:15:02:16 +0300] "GET /api/kat-sorumlusu/dnd-durum/1478 HTTP/1.0" 200 374 "https://minibartakip.com/kat-sorumlusu/oda-kontrol" "Mozilla/5.0 (iPhone; CPU iPhone OS 18_7 like Mac OS X) AppleWebKit/605.1.15 (KHTML, like Gecko) Version/26.3 Mobile/15E148 Safari/604.1" 3889531
94.78.89.124 - - [19/Mar/2026:15:02:16 +0300] "GET /gorevler/api/bekleyen HTTP/1.0" 200 53 "https://minibartakip.com/kat-doluluk/13" "Mozilla/5.0 (iPhone; CPU iPhone OS 18_7 like Mac OS X) AppleWebKit/605.1.15 (KHTML, like Gecko) Version/26.3 Mobile/15E148 Safari/604.1" 1850728
94.78.89.124 - - [19/Mar/2026:15:02:16 +0300] "GET /api/bildirimler?limit=20 HTTP/1.0" 200 2010 "https://minibartakip.com/kat-doluluk/13" "Mozilla/5.0 (iPhone; CPU iPhone OS 18_7 like Mac OS X) AppleWebKit/605.1.15 (KHTML, like Gecko) Version/26.3 Mobile/15E148 Safari/604.1" 355369
94.78.89.124 - - [19/Mar/2026:15:02:18 +0300] "GET /kat-sorumlusu/oda-kontrol?kat_id=13&oda_id=1477&from_kat_detay=1 HTTP/1.0" 200 115024 "https://minibartakip.com/kat-doluluk/13" "Mozilla/5.0 (iPhone; CPU iPhone OS 18_7 like Mac OS X) AppleWebKit/605.1.15 (KHTML, like Gecko) Version/26.3 Mobile/15E148 Safari/604.1" 1124267
88.255.145.211 - - [19/Mar/2026:15:02:20 +0300] "GET /kat-doluluk/24 HTTP/1.0" 200 150612 "https://minibartakip.com/kat-sorumlusu/dashboard" "Mozilla/5.0 (Linux; Android 10; K) AppleWebKit/537.36 (KHTML, like Gecko) Chrome/146.0.0.0 Safari/537.36" 28553488
94.78.89.124 - - [19/Mar/2026:15:02:20 +0300] "GET /api/bildirimler?limit=20 HTTP/1.0" 200 2010 "https://minibartakip.com/kat-sorumlusu/oda-kontrol?kat_id=13&oda_id=1477&from_kat_detay=1" "Mozilla/5.0 (iPhone; CPU iPhone OS 18_7 like Mac OS X) AppleWebKit/605.1.15 (KHTML, like Gecko) Version/26.3 Mobile/15E148 Safari/604.1" 720897
94.78.89.124 - - [19/Mar/2026:15:02:21 +0300] "GET /gorevler/api/bekleyen HTTP/1.0" 200 53 "https://minibartakip.com/kat-sorumlusu/oda-kontrol?kat_id=13&oda_id=1477&from_kat_detay=1" "Mozilla/5.0 (iPhone; CPU iPhone OS 18_7 like Mac OS X) AppleWebKit/605.1.15 (KHTML, like Gecko) Version/26.3 Mobile/15E148 Safari/604.1" 1746758
94.78.89.124 - - [19/Mar/2026:15:02:22 +0300] "GET /kat-odalari?kat_id=13 HTTP/1.0" 200 865 "https://minibartakip.com/kat-sorumlusu/oda-kontrol?kat_id=13&oda_id=1477&from_kat_detay=1" "Mozilla/5.0 (iPhone; CPU iPhone OS 18_7 like Mac OS X) AppleWebKit/605.1.15 (KHTML, like Gecko) Version/26.3 Mobile/15E148 Safari/604.1" 1205949
88.255.145.211 - - [19/Mar/2026:15:02:22 +0300] "GET /kat-doluluk/24 HTTP/1.0" 200 150612 "https://minibartakip.com/kat-sorumlusu/dashboard" "Mozilla/5.0 (Linux; Android 10; K) AppleWebKit/537.36 (KHTML, like Gecko) Chrome/146.0.0.0 Safari/537.36" 18744547
94.78.89.124 - - [19/Mar/2026:15:02:23 +0300] "GET /api/kat-sorumlusu/bugun-eklemeler/1477 HTTP/1.0" 200 32 "https://minibartakip.com/kat-sorumlusu/oda-kontrol?kat_id=13&oda_id=1477&from_kat_detay=1" "Mozilla/5.0 (iPhone; CPU iPhone OS 18_7 like Mac OS X) AppleWebKit/605.1.15 (KHTML, like Gecko) Version/26.3 Mobile/15E148 Safari/604.1" 432180
88.255.145.211 - - [19/Mar/2026:15:02:26 +0300] "GET /kat-doluluk/24 HTTP/1.0" 200 150612 "https://minibartakip.com/kat-sorumlusu/dashboard" "Mozilla/5.0 (Linux; Android 10; K) AppleWebKit/537.36 (KHTML, like Gecko) Chrome/146.0.0.0 Safari/537.36" 6569724
127.0.0.1 - - [19/Mar/2026:15:02:27 +0300] "GET /health HTTP/1.1" 200 243 "-" "curl/8.14.1" 699220
94.78.89.124 - - [19/Mar/2026:15:02:28 +0300] "GET /api/kat-sorumlusu/oda-setup/1477 HTTP/1.0" 200 9282 "https://minibartakip.com/kat-sorumlusu/oda-kontrol?kat_id=13&oda_id=1477&from_kat_detay=1" "Mozilla/5.0 (iPhone; CPU iPhone OS 18_7 like Mac OS X) AppleWebKit/605.1.15 (KHTML, like Gecko) Version/26.3 Mobile/15E148 Safari/604.1" 4005031
94.78.89.124 - - [19/Mar/2026:15:02:29 +0300] "GET /api/kat-sorumlusu/dnd-durum/1477 HTTP/1.0" 200 35 "https://minibartakip.com/kat-sorumlusu/oda-kontrol" "Mozilla/5.0 (iPhone; CPU iPhone OS 18_7 like Mac OS X) AppleWebKit/605.1.15 (KHTML, like Gecko) Version/26.3 Mobile/15E148 Safari/604.1" 6981
88.255.145.211 - - [19/Mar/2026:15:02:29 +0300] "GET /kat-doluluk/27 HTTP/1.0" 200 121415 "https://minibartakip.com/kat-sorumlusu/dashboard" "Mozilla/5.0 (Linux; Android 10; K) AppleWebKit/537.36 (KHTML, like Gecko) Chrome/146.0.0.0 Safari/537.36" 1589287
88.255.145.211 - - [19/Mar/2026:15:02:29 +0300] "GET /static/css/tablet-touch.css HTTP/1.0" 304 0 "https://minibartakip.com/kat-doluluk/27" "Mozilla/5.0 (Linux; Android 10; K) AppleWebKit/537.36 (KHTML, like Gecko) Chrome/146.0.0.0 Safari/537.36" 3281
88.255.145.211 - - [19/Mar/2026:15:02:29 +0300] "GET /static/css/tailwind.min.css HTTP/1.0" 304 0 "https://minibartakip.com/kat-doluluk/27" "Mozilla/5.0 (Linux; Android 10; K) AppleWebKit/537.36 (KHTML, like Gecko) Chrome/146.0.0.0 Safari/537.36" 2509
🔍 DND Görev Arama - Otel: 3, Tarih: 2026-03-19, Oda: 1477
✅ Görev detay bulundu: ID=51657, Durum=pending
88.255.145.211 - - [19/Mar/2026:15:02:30 +0300] "GET /api/bildirimler?limit=20 HTTP/1.0" 200 2010 "https://minibartakip.com/kat-doluluk/27" "Mozilla/5.0 (Linux; Android 10; K) AppleWebKit/537.36 (KHTML, like Gecko) Chrome/146.0.0.0 Safari/537.36" 15927
88.255.145.211 - - [19/Mar/2026:15:02:31 +0300] "GET /gorevler/api/bekleyen HTTP/1.0" 200 49 "https://minibartakip.com/kat-doluluk/27" "Mozilla/5.0 (Linux; Android 10; K) AppleWebKit/537.36 (KHTML, like Gecko) Chrome/146.0.0.0 Safari/537.36" 882602
88.255.145.211 - - [19/Mar/2026:15:02:31 +0300] "GET /static/icons/android/android-launchericon-192-192.png HTTP/1.0" 304 0 "https://minibartakip.com/kat-doluluk/27" "Mozilla/5.0 (Linux; Android 10; K) AppleWebKit/537.36 (KHTML, like Gecko) Chrome/146.0.0.0 Safari/537.36" 5361
✅ DND bildirimi gönderildi: Oda 153
94.78.89.124 - - [19/Mar/2026:15:02:31 +0300] "POST /api/kat-sorumlusu/dnd-kaydet HTTP/1.0" 200 170 "https://minibartakip.com/kat-sorumlusu/oda-kontrol" "Mozilla/5.0 (iPhone; CPU iPhone OS 18_7 like Mac OS X) AppleWebKit/605.1.15 (KHTML, like Gecko) Version/26.3 Mobile/15E148 Safari/604.1" 1541863
88.255.145.211 - - [19/Mar/2026:15:02:32 +0300] "GET /static/icons/ios/180.png HTTP/1.0" 304 0 "https://minibartakip.com/kat-doluluk/27" "Mozilla/5.0 (Linux; Android 10; K) AppleWebKit/537.36 (KHTML, like Gecko) Chrome/146.0.0.0 Safari/537.36" 3956
74.125.208.229 - - [19/Mar/2026:15:02:33 +0300] "GET /kat-doluluk/27 HTTP/1.0" 302 199 "-" "Mozilla/5.0 (Linux; Android 10; K) AppleWebKit/537.36 (KHTML, like Gecko) Chrome/138.0.0.0 Mobile Safari/537.36 (compatible; Google-Read-Aloud; +https://support.google.com/webmasters/answer/1061943)" 1952
74.125.208.227 - - [19/Mar/2026:15:02:35 +0300] "GET /login HTTP/1.0" 200 13360 "-" "Mozilla/5.0 (Linux; Android 10; K) AppleWebKit/537.36 (KHTML, like Gecko) Chrome/138.0.0.0 Mobile Safari/537.36 (compatible; Google-Read-Aloud; +https://support.google.com/webmasters/answer/1061943)" 829042
94.78.89.124 - - [19/Mar/2026:15:02:41 +0300] "GET /kat-doluluk/13 HTTP/1.0" 200 155242 "https://minibartakip.com/kat-sorumlusu/oda-kontrol" "Mozilla/5.0 (iPhone; CPU iPhone OS 18_7 like Mac OS X) AppleWebKit/605.1.15 (KHTML, like Gecko) Version/26.3 Mobile/15E148 Safari/604.1" 7359025
94.78.89.124 - - [19/Mar/2026:15:02:42 +0300] "GET /api/bildirimler?limit=20 HTTP/1.0" 200 2010 "https://minibartakip.com/kat-doluluk/13" "Mozilla/5.0 (iPhone; CPU iPhone OS 18_7 like Mac OS X) AppleWebKit/605.1.15 (KHTML, like Gecko) Version/26.3 Mobile/15E148 Safari/604.1" 934510
94.78.89.124 - - [19/Mar/2026:15:02:43 +0300] "GET /gorevler/api/bekleyen HTTP/1.0" 200 53 "https://minibartakip.com/kat-doluluk/13" "Mozilla/5.0 (iPhone; CPU iPhone OS 18_7 like Mac OS X) AppleWebKit/605.1.15 (KHTML, like Gecko) Version/26.3 Mobile/15E148 Safari/604.1" 1436457
2026-03-19 15:02:45,181 - utils.otel_zimmet_servisleri - INFO - Otel zimmet stok düşüşü: otel_id=1, urun_id=14, miktar=1, personel_id=2, kalan=805
2026-03-19 15:02:46,394 - utils.minibar_servisleri - INFO - Görev tamamlandı: oda_id=1259, gorev_detay_id=51397
2026-03-19 15:02:51,477 - utils.otel_zimmet_servisleri - INFO - Otel zimmet stok düşüşü: otel_id=1, urun_id=150, miktar=1, personel_id=2, kalan=2876
2026-03-19 15:02:51,480 - utils.otel_zimmet_servisleri - INFO - Otel zimmet stok düşüşü: otel_id=1, urun_id=141, miktar=3, personel_id=2, kalan=1350
2026-03-19 15:02:52,159 - utils.otel_zimmet_servisleri - INFO - Otel zimmet stok düşüşü: otel_id=1, urun_id=13, miktar=1, personel_id=2, kalan=995
2026-03-19 15:02:52,176 - utils.otel_zimmet_servisleri - INFO - Otel zimmet stok düşüşü: otel_id=1, urun_id=148, miktar=1, personel_id=2, kalan=967
94.79.98.177 - - [19/Mar/2026:15:02:53 +0300] "POST /api/kat-sorumlusu/urun-ekle HTTP/1.0" 200 173 "https://minibartakip.com/kat-sorumlusu/oda-kontrol" "Mozilla/5.0 (iPhone; CPU iPhone OS 18_7 like Mac OS X) AppleWebKit/605.1.15 (KHTML, like Gecko) Version/26.3 Mobile/15E148 Safari/604.1" 12043631
2026-03-19 15:02:54,613 - utils.minibar_servisleri - INFO - Görev tamamlandı: oda_id=1259, gorev_detay_id=51571
2026-03-19 15:02:55,215 - utils.minibar_servisleri - INFO - Görev tamamlandı: oda_id=1259, gorev_detay_id=51571
[2026-03-19 15:02:55,548: INFO/MainProcess] Task bildirim.gorev_tamamlandi_bildirimi[e1d2f651-3721-4021-9969-44393cc1ba7c] received
[2026-03-19 15:02:57,015: INFO/ForkPoolWorker-2] Async bildirim gönderildi: Oda 1415
[2026-03-19 15:02:57,017: INFO/ForkPoolWorker-2] Task bildirim.gorev_tamamlandi_bildirimi[e1d2f651-3721-4021-9969-44393cc1ba7c] succeeded in 1.4679249150212854s: None
94.79.98.177 - - [19/Mar/2026:15:02:57 +0300] "POST /api/kat-sorumlusu/urun-ekle HTTP/1.0" 200 174 "https://minibartakip.com/kat-sorumlusu/oda-kontrol" "Mozilla/5.0 (iPhone; CPU iPhone OS 18_7 like Mac OS X) AppleWebKit/605.1.15 (KHTML, like Gecko) Version/26.3 Mobile/15E148 Safari/604.1" 14540414
2026-03-19 15:02:57,026 - utils.minibar_servisleri - INFO - Görev tamamlandı: oda_id=1259, gorev_detay_id=51571
94.79.98.177 - - [19/Mar/2026:15:02:57 +0300] "POST /api/kat-sorumlusu/urun-ekle HTTP/1.0" 200 173 "https://minibartakip.com/kat-sorumlusu/oda-kontrol" "Mozilla/5.0 (iPhone; CPU iPhone OS 18_7 like Mac OS X) AppleWebKit/605.1.15 (KHTML, like Gecko) Version/26.3 Mobile/15E148 Safari/604.1" 10659295
2026-03-19 15:02:57,036 - utils.minibar_servisleri - INFO - Görev tamamlandı: oda_id=1259, gorev_detay_id=51630
94.79.98.177 - - [19/Mar/2026:15:02:59 +0300] "POST /api/kat-sorumlusu/kontrol-tamamla HTTP/1.0" 200 120 "https://minibartakip.com/kat-sorumlusu/oda-kontrol" "Mozilla/5.0 (iPhone; CPU iPhone OS 18_7 like Mac OS X) AppleWebKit/605.1.15 (KHTML, like Gecko) Version/26.3 Mobile/15E148 Safari/604.1" 1523244
94.79.98.177 - - [19/Mar/2026:15:03:00 +0300] "POST /api/kat-sorumlusu/kontrol-tamamla HTTP/1.0" 200 120 "https://minibartakip.com/kat-sorumlusu/oda-kontrol" "Mozilla/5.0 (iPhone; CPU iPhone OS 18_7 like Mac OS X) AppleWebKit/605.1.15 (KHTML, like Gecko) Version/26.3 Mobile/15E148 Safari/604.1" 2571661
94.79.98.177 - - [19/Mar/2026:15:03:01 +0300] "POST /api/kat-sorumlusu/urun-ekle HTTP/1.0" 200 173 "https://minibartakip.com/kat-sorumlusu/oda-kontrol" "Mozilla/5.0 (iPhone; CPU iPhone OS 18_7 like Mac OS X) AppleWebKit/605.1.15 (KHTML, like Gecko) Version/26.3 Mobile/15E148 Safari/604.1" 15445687
127.0.0.1 - - [19/Mar/2026:15:03:03 +0300] "GET /health HTTP/1.1" 200 243 "-" "curl/8.14.1" 10337
94.79.98.177 - - [19/Mar/2026:15:03:03 +0300] "POST /api/kat-sorumlusu/kontrol-tamamla HTTP/1.0" 200 120 "https://minibartakip.com/kat-sorumlusu/oda-kontrol" "Mozilla/5.0 (iPhone; CPU iPhone OS 18_7 like Mac OS X) AppleWebKit/605.1.15 (KHTML, like Gecko) Version/26.3 Mobile/15E148 Safari/604.1" 1260601
94.79.98.177 - - [19/Mar/2026:15:03:03 +0300] "POST /api/kat-sorumlusu/urun-ekle HTTP/1.0" 200 174 "https://minibartakip.com/kat-sorumlusu/oda-kontrol" "Mozilla/5.0 (iPhone; CPU iPhone OS 18_7 like Mac OS X) AppleWebKit/605.1.15 (KHTML, like Gecko) Version/26.3 Mobile/15E148 Safari/604.1" 18122041
94.79.98.177 - - [19/Mar/2026:15:03:04 +0300] "POST /api/kat-sorumlusu/kontrol-tamamla HTTP/1.0" 200 120 "https://minibartakip.com/kat-sorumlusu/oda-kontrol" "Mozilla/5.0 (iPhone; CPU iPhone OS 18_7 like Mac OS X) AppleWebKit/605.1.15 (KHTML, like Gecko) Version/26.3 Mobile/15E148 Safari/604.1" 3258999
2026-03-19 15:03:05,652 - root - ERROR - Hata: str - gunluk_doluluk
Modül: expected token 'end of statement block', got '='
URL: https://minibartakip.com/gunluk-doluluk
Kullanıcı: 15
Detay:
Traceback (most recent call last):
  File "/app/routes/doluluk_routes.py", line 146, in gunluk_doluluk
    return render_template("kat_sorumlusu/gunluk_doluluk.html", rapor=rapor, kat_bazli_ozet=kat_bazli_ozet,
           ^^^^^^^^^^^^^^^^^^^^^^^^^^^^^^^^^^^^^^^^^^^^^^^^^^^^^^^^^^^^^^^^^^^^^^^^^^^^^^^^^^^^^^^^^^^^^^^^
  File "/usr/local/lib/python3.11/site-packages/flask/templating.py", line 151, in render_template
    template = app.jinja_env.get_or_select_template(template_name_or_list)
               ^^^^^^^^^^^^^^^^^^^^^^^^^^^^^^^^^^^^^^^^^^^^^^^^^^^^^^^^^^^
  File "/usr/local/lib/python3.11/site-packages/jinja2/environment.py", line 1087, in get_or_select_template
    return self.get_template(template_name_or_list, parent, globals)
           ^^^^^^^^^^^^^^^^^^^^^^^^^^^^^^^^^^^^^^^^^^^^^^^^^^^^^^^^^
  File "/usr/local/lib/python3.11/site-packages/jinja2/environment.py", line 1016, in get_template
    return self._load_template(name, globals)
           ^^^^^^^^^^^^^^^^^^^^^^^^^^^^^^^^^^
  File "/usr/local/lib/python3.11/site-packages/jinja2/environment.py", line 975, in _load_template
    template = self.loader.load(self, name, self.make_globals(globals))
               ^^^^^^^^^^^^^^^^^^^^^^^^^^^^^^^^^^^^^^^^^^^^^^^^^^^^^^^^
  File "/usr/local/lib/python3.11/site-packages/jinja2/loaders.py", line 138, in load
    code = environment.compile(source, name, filename)
           ^^^^^^^^^^^^^^^^^^^^^^^^^^^^^^^^^^^^^^^^^^^
  File "/usr/local/lib/python3.11/site-packages/jinja2/environment.py", line 771, in compile
    self.handle_exception(source=source_hint)
  File "/usr/local/lib/python3.11/site-packages/jinja2/environment.py", line 942, in handle_exception
    raise rewrite_traceback_stack(source=source)
  File "/app/templates/kat_sorumlusu/gunluk_doluluk.html", line 55, in template
    secili_otel_id=""
jinja2.exceptions.TemplateSyntaxError: expected token 'end of statement block', got '='


Ek Bilgiler:
15
94.79.98.177 - - [19/Mar/2026:15:03:06 +0300] "POST /api/kat-sorumlusu/kontrol-tamamla HTTP/1.0" 200 120 "https://minibartakip.com/kat-sorumlusu/oda-kontrol" "Mozilla/5.0 (iPhone; CPU iPhone OS 18_7 like Mac OS X) AppleWebKit/605.1.15 (KHTML, like Gecko) Version/26.3 Mobile/15E148 Safari/604.1" 1677987
88.255.145.211 - - [19/Mar/2026:15:03:06 +0300] "GET /gunluk-doluluk HTTP/1.0" 302 235 "https://minibartakip.com/kat-doluluk/27" "Mozilla/5.0 (Linux; Android 10; K) AppleWebKit/537.36 (KHTML, like Gecko) Chrome/146.0.0.0 Safari/537.36" 33176337
94.79.98.177 - - [19/Mar/2026:15:03:13 +0300] "GET /gorevler/api/bekleyen HTTP/1.0" 200 54 "https://minibartakip.com/kat-sorumlusu/oda-kontrol" "Mozilla/5.0 (iPhone; CPU iPhone OS 18_7 like Mac OS X) AppleWebKit/605.1.15 (KHTML, like Gecko) Version/26.3 Mobile/15E148 Safari/604.1" 3439926
88.255.145.211 - - [19/Mar/2026:15:03:17 +0300] "GET /kat-sorumlusu/oda-kontrol?kat_id=27&oda_id=1696&from_kat_detay=1 HTTP/1.0" 200 115556 "https://minibartakip.com/kat-doluluk/27" "Mozilla/5.0 (Linux; Android 10; K) AppleWebKit/537.36 (KHTML, like Gecko) Chrome/146.0.0.0 Safari/537.36" 830473
88.255.145.211 - - [19/Mar/2026:15:03:19 +0300] "GET /kat-sorumlusu/oda-kontrol?kat_id=27&oda_id=1700&from_kat_detay=1 HTTP/1.0" 200 115556 "https://minibartakip.com/kat-doluluk/27" "Mozilla/5.0 (Linux; Android 10; K) AppleWebKit/537.36 (KHTML, like Gecko) Chrome/146.0.0.0 Safari/537.36" 1334066
88.255.145.211 - - [19/Mar/2026:15:03:20 +0300] "GET /kat-sorumlusu/oda-kontrol?kat_id=27&oda_id=1697&from_kat_detay=1 HTTP/1.0" 200 115556 "https://minibartakip.com/kat-doluluk/27" "Mozilla/5.0 (Linux; Android 10; K) AppleWebKit/537.36 (KHTML, like Gecko) Chrome/146.0.0.0 Safari/537.36" 784192
88.255.145.211 - - [19/Mar/2026:15:03:21 +0300] "GET /static/js/oda_kontrol.js?v=1.1.87 HTTP/1.0" 304 0 "https://minibartakip.com/kat-sorumlusu/oda-kontrol?kat_id=27&oda_id=1697&from_kat_detay=1" "Mozilla/5.0 (Linux; Android 10; K) AppleWebKit/537.36 (KHTML, like Gecko) Chrome/146.0.0.0 Safari/537.36" 4329
88.255.145.211 - - [19/Mar/2026:15:03:21 +0300] "GET /static/js/tema_secenekleri.js?v=1.1.87 HTTP/1.0" 304 0 "https://minibartakip.com/kat-sorumlusu/oda-kontrol?kat_id=27&oda_id=1697&from_kat_detay=1" "Mozilla/5.0 (Linux; Android 10; K) AppleWebKit/537.36 (KHTML, like Gecko) Chrome/146.0.0.0 Safari/537.36" 6729
88.255.145.211 - - [19/Mar/2026:15:03:23 +0300] "GET /api/bildirimler?limit=20 HTTP/1.0" 200 2010 "https://minibartakip.com/kat-sorumlusu/oda-kontrol?kat_id=27&oda_id=1697&from_kat_detay=1" "Mozilla/5.0 (Linux; Android 10; K) AppleWebKit/537.36 (KHTML, like Gecko) Chrome/146.0.0.0 Safari/537.36" 1378523
94.79.98.177 - - [19/Mar/2026:15:03:23 +0300] "GET /kat-sorumlusu/oda-kontrol HTTP/1.0" 200 115084 "https://minibartakip.com/kat-doluluk/22" "Mozilla/5.0 (iPhone; CPU iPhone OS 18_7 like Mac OS X) AppleWebKit/605.1.15 (KHTML, like Gecko) Version/26.3 Mobile/15E148 Safari/604.1" 821563
88.255.145.211 - - [19/Mar/2026:15:03:23 +0300] "GET /kat-sorumlusu/dashboard HTTP/1.0" 200 138399 "https://minibartakip.com/kat-doluluk/27" "Mozilla/5.0 (Linux; Android 10; K) AppleWebKit/537.36 (KHTML, like Gecko) Chrome/146.0.0.0 Safari/537.36" 17358144
74.125.208.228 - - [19/Mar/2026:15:03:24 +0300] "GET /kat-sorumlusu/oda-kontrol?kat_id=27&oda_id=1697&from_kat_detay=1 HTTP/1.0" 302 199 "-" "Mozilla/5.0 (Linux; Android 10; K) AppleWebKit/537.36 (KHTML, like Gecko) Chrome/138.0.0.0 Mobile Safari/537.36 (compatible; Google-Read-Aloud; +https://support.google.com/webmasters/answer/1061943)" 4828
88.255.145.211 - - [19/Mar/2026:15:03:25 +0300] "GET /gorevler/api/bekleyen HTTP/1.0" 200 49 "https://minibartakip.com/kat-sorumlusu/oda-kontrol?kat_id=27&oda_id=1697&from_kat_detay=1" "Mozilla/5.0 (Linux; Android 10; K) AppleWebKit/537.36 (KHTML, like Gecko) Chrome/146.0.0.0 Safari/537.36" 1681799
74.125.208.228 - - [19/Mar/2026:15:03:27 +0300] "GET /login HTTP/1.0" 200 13360 "-" "Mozilla/5.0 (Linux; Android 10; K) AppleWebKit/537.36 (KHTML, like Gecko) Chrome/138.0.0.0 Mobile Safari/537.36 (compatible; Google-Read-Aloud; +https://support.google.com/webmasters/answer/1061943)" 2012560
94.79.98.177 - - [19/Mar/2026:15:03:27 +0300] "GET /gorevler/api/bekleyen HTTP/1.0" 200 54 "https://minibartakip.com/kat-sorumlusu/oda-kontrol" "Mozilla/5.0 (iPhone; CPU iPhone OS 18_7 like Mac OS X) AppleWebKit/605.1.15 (KHTML, like Gecko) Version/26.3 Mobile/15E148 Safari/604.1" 2031783
88.255.145.211 - - [19/Mar/2026:15:03:27 +0300] "GET /kat-odalari?kat_id=27 HTTP/1.0" 200 460 "https://minibartakip.com/kat-sorumlusu/oda-kontrol?kat_id=27&oda_id=1697&from_kat_detay=1" "Mozilla/5.0 (Linux; Android 10; K) AppleWebKit/537.36 (KHTML, like Gecko) Chrome/146.0.0.0 Safari/537.36" 3716979
88.255.145.211 - - [19/Mar/2026:15:03:28 +0300] "GET /api/kat-sorumlusu/bugun-eklemeler/1697 HTTP/1.0" 200 32 "https://minibartakip.com/kat-sorumlusu/oda-kontrol?kat_id=27&oda_id=1697&from_kat_detay=1" "Mozilla/5.0 (Linux; Android 10; K) AppleWebKit/537.36 (KHTML, like Gecko) Chrome/146.0.0.0 Safari/537.36" 12385
94.78.89.124 - - [19/Mar/2026:15:03:33 +0300] "GET /kat-sorumlusu/dashboard HTTP/1.0" 200 139230 "https://minibartakip.com/kat-doluluk/13" "Mozilla/5.0 (iPhone; CPU iPhone OS 18_7 like Mac OS X) AppleWebKit/605.1.15 (KHTML, like Gecko) Version/26.3 Mobile/15E148 Safari/604.1" 36658330
127.0.0.1 - - [19/Mar/2026:15:03:36 +0300] "GET /health HTTP/1.1" 200 243 "-" "curl/8.14.1" 6523
88.255.145.211 - - [19/Mar/2026:15:03:41 +0300] "GET /kat-sorumlusu/dashboard HTTP/1.0" 200 138399 "https://minibartakip.com/kat-doluluk/27" "Mozilla/5.0 (Linux; Android 10; K) AppleWebKit/537.36 (KHTML, like Gecko) Chrome/146.0.0.0 Safari/537.36" 29113091
94.78.89.124 - - [19/Mar/2026:15:03:46 +0300] "GET /kat-sorumlusu/dashboard HTTP/1.0" 302 199 "-" "Mozilla/5.0 (iPhone; CPU iPhone OS 18_7 like Mac OS X) AppleWebKit/605.1.15 (KHTML, like Gecko) Version/26.3 Mobile/15E148 Safari/604.1" 1732
94.78.89.124 - - [19/Mar/2026:15:03:47 +0300] "GET /login HTTP/1.0" 200 13653 "-" "Mozilla/5.0 (iPhone; CPU iPhone OS 18_7 like Mac OS X) AppleWebKit/605.1.15 (KHTML, like Gecko) Version/26.3 Mobile/15E148 Safari/604.1" 582938
94.79.98.177 - - [19/Mar/2026:15:03:48 +0300] "GET /kat-doluluk/22 HTTP/1.0" 200 199480 "https://minibartakip.com/kat-sorumlusu/dashboard" "Mozilla/5.0 (iPhone; CPU iPhone OS 18_7 like Mac OS X) AppleWebKit/605.1.15 (KHTML, like Gecko) Version/26.3 Mobile/15E148 Safari/604.1" 34848033
88.255.145.211 - - [19/Mar/2026:15:03:49 +0300] "GET /api/kat-sorumlusu/oda-setup/1697 HTTP/1.0" 200 13414 "https://minibartakip.com/kat-sorumlusu/oda-kontrol?kat_id=27&oda_id=1697&from_kat_detay=1" "Mozilla/5.0 (Linux; Android 10; K) AppleWebKit/537.36 (KHTML, like Gecko) Chrome/146.0.0.0 Safari/537.36" 20321032
94.78.89.124 - - [19/Mar/2026:15:03:49 +0300] "GET /kat-doluluk/13 HTTP/1.0" 200 155242 "https://minibartakip.com/kat-sorumlusu/oda-kontrol" "Mozilla/5.0 (iPhone; CPU iPhone OS 18_7 like Mac OS X) AppleWebKit/605.1.15 (KHTML, like Gecko) Version/26.3 Mobile/15E148 Safari/604.1" 22215460
94.79.98.177 - - [19/Mar/2026:15:03:51 +0300] "GET /kat-doluluk/22 HTTP/1.0" 200 199480 "https://minibartakip.com/kat-sorumlusu/dashboard" "Mozilla/5.0 (iPhone; CPU iPhone OS 18_7 like Mac OS X) AppleWebKit/605.1.15 (KHTML, like Gecko) Version/26.3 Mobile/15E148 Safari/604.1" 22208631
94.78.89.124 - - [19/Mar/2026:15:04:00 +0300] "POST /login HTTP/1.0" 302 207 "https://minibartakip.com/login" "Mozilla/5.0 (iPhone; CPU iPhone OS 18_7 like Mac OS X) AppleWebKit/605.1.15 (KHTML, like Gecko) Version/26.3 Mobile/15E148 Safari/604.1" 9232983
94.78.89.124 - - [19/Mar/2026:15:04:01 +0300] "GET /dashboard HTTP/1.0" 302 235 "https://minibartakip.com/login" "Mozilla/5.0 (iPhone; CPU iPhone OS 18_7 like Mac OS X) AppleWebKit/605.1.15 (KHTML, like Gecko) Version/26.3 Mobile/15E148 Safari/604.1" 2207
127.0.0.1 - - [19/Mar/2026:15:04:17 +0300] "GET /health HTTP/1.1" 200 243 "-" "curl/8.14.1" 945204
94.79.98.177 - - [19/Mar/2026:15:04:21 +0300] "GET /login HTTP/1.0" 200 13360 "-" "Mozilla/5.0 (iPhone; CPU iPhone OS 18_7 like Mac OS X) AppleWebKit/605.1.15 (KHTML, like Gecko) Version/26.3 Mobile/15E148 Safari/604.1" 4196055
94.79.98.177 - - [19/Mar/2026:15:04:23 +0300] "GET / HTTP/1.0" 302 207 "-" "Mozilla/5.0 (iPhone; CPU iPhone OS 18_7 like Mac OS X) AppleWebKit/605.1.15 (KHTML, like Gecko) Version/26.3 Mobile/15E148 Safari/604.1" 57004
94.79.98.177 - - [19/Mar/2026:15:04:24 +0300] "GET /dashboard HTTP/1.0" 302 235 "-" "Mozilla/5.0 (iPhone; CPU iPhone OS 18_7 like Mac OS X) AppleWebKit/605.1.15 (KHTML, like Gecko) Version/26.3 Mobile/15E148 Safari/604.1" 2129
94.79.98.177 - - [19/Mar/2026:15:04:31 +0300] "GET /kat-sorumlusu/dashboard HTTP/1.0" 200 143180 "https://minibartakip.com/login" "Mozilla/5.0 (iPhone; CPU iPhone OS 18_7 like Mac OS X) AppleWebKit/605.1.15 (KHTML, like Gecko) Version/26.3 Mobile/15E148 Safari/604.1" 45453804
88.255.145.211 - - [19/Mar/2026:15:04:37 +0300] "GET /kat-doluluk/27 HTTP/1.0" 200 121415 "https://minibartakip.com/kat-sorumlusu/oda-kontrol" "Mozilla/5.0 (Linux; Android 10; K) AppleWebKit/537.36 (KHTML, like Gecko) Chrome/146.0.0.0 Safari/537.36" 35957858
88.255.145.211 - - [19/Mar/2026:15:04:48 +0300] "GET /kat-sorumlusu/dashboard HTTP/1.0" 200 137809 "https://minibartakip.com/kat-sorumlusu/oda-kontrol" "Mozilla/5.0 (Linux; Android 10; K) AppleWebKit/537.36 (KHTML, like Gecko) Chrome/146.0.0.0 Safari/537.36" 44224167
127.0.0.1 - - [19/Mar/2026:15:04:51 +0300] "GET /health HTTP/1.1" 200 243 "-" "curl/8.14.1" 586930
94.78.89.124 - - [19/Mar/2026:15:04:59 +0300] "GET /kat-sorumlusu/dashboard HTTP/1.0" 200 139771 "https://minibartakip.com/login" "Mozilla/5.0 (iPhone; CPU iPhone OS 18_7 like Mac OS X) AppleWebKit/605.1.15 (KHTML, like Gecko) Version/26.3 Mobile/15E148 Safari/604.1" 57035358
94.78.89.124 - - [19/Mar/2026:15:05:06 +0300] "GET /kat-sorumlusu/dashboard HTTP/1.0" 200 139771 "https://minibartakip.com/login" "Mozilla/5.0 (iPhone; CPU iPhone OS 18_7 like Mac OS X) AppleWebKit/605.1.15 (KHTML, like Gecko) Version/26.3 Mobile/15E148 Safari/604.1" 34903413
94.79.98.177 - - [19/Mar/2026:15:05:13 +0300] "GET /kat-sorumlusu/dashboard HTTP/1.0" 200 143180 "-" "Mozilla/5.0 (iPhone; CPU iPhone OS 18_7 like Mac OS X) AppleWebKit/605.1.15 (KHTML, like Gecko) Version/26.3 Mobile/15E148 Safari/604.1" 47845824
94.79.98.177 - - [19/Mar/2026:15:05:14 +0300] "GET /kat-sorumlusu/dashboard HTTP/1.0" 200 143180 "https://minibartakip.com/login" "Mozilla/5.0 (iPhone; CPU iPhone OS 18_7 like Mac OS X) AppleWebKit/605.1.15 (KHTML, like Gecko) Version/26.3 Mobile/15E148 Safari/604.1" 63743008
94.78.89.124 - - [19/Mar/2026:15:05:15 +0300] "GET /gorevler/api/bekleyen HTTP/1.0" 200 53 "https://minibartakip.com/kat-sorumlusu/dashboard" "Mozilla/5.0 (iPhone; CPU iPhone OS 18_7 like Mac OS X) AppleWebKit/605.1.15 (KHTML, like Gecko) Version/26.3 Mobile/15E148 Safari/604.1" 592290
94.78.89.124 - - [19/Mar/2026:15:05:15 +0300] "GET /api/dolum-talepleri HTTP/1.0" 200 41 "https://minibartakip.com/kat-sorumlusu/dashboard" "Mozilla/5.0 (iPhone; CPU iPhone OS 18_7 like Mac OS X) AppleWebKit/605.1.15 (KHTML, like Gecko) Version/26.3 Mobile/15E148 Safari/604.1" 6341
94.79.98.177 - - [19/Mar/2026:15:05:16 +0300] "GET /gorevler/api/bekleyen HTTP/1.0" 200 54 "https://minibartakip.com/kat-sorumlusu/dashboard" "Mozilla/5.0 (iPhone; CPU iPhone OS 18_7 like Mac OS X) AppleWebKit/605.1.15 (KHTML, like Gecko) Version/26.3 Mobile/15E148 Safari/604.1" 26307
94.78.89.124 - - [19/Mar/2026:15:05:17 +0300] "GET /kat-doluluk/14 HTTP/1.0" 200 151886 "https://minibartakip.com/kat-sorumlusu/dashboard" "Mozilla/5.0 (iPhone; CPU iPhone OS 18_7 like Mac OS X) AppleWebKit/605.1.15 (KHTML, like Gecko) Version/26.3 Mobile/15E148 Safari/604.1" 1947688
94.78.89.124 - - [19/Mar/2026:15:05:17 +0300] "GET /api/bildirimler?limit=20 HTTP/1.0" 200 2010 "https://minibartakip.com/kat-doluluk/14" "Mozilla/5.0 (iPhone; CPU iPhone OS 18_7 like Mac OS X) AppleWebKit/605.1.15 (KHTML, like Gecko) Version/26.3 Mobile/15E148 Safari/604.1" 27034
94.78.89.124 - - [19/Mar/2026:15:05:18 +0300] "GET /gorevler/api/bekleyen HTTP/1.0" 200 53 "https://minibartakip.com/kat-doluluk/14" "Mozilla/5.0 (iPhone; CPU iPhone OS 18_7 like Mac OS X) AppleWebKit/605.1.15 (KHTML, like Gecko) Version/26.3 Mobile/15E148 Safari/604.1" 267193
94.79.98.177 - - [19/Mar/2026:15:05:18 +0300] "GET / HTTP/1.0" 302 207 "-" "Mozilla/5.0 (iPhone; CPU iPhone OS 18_7 like Mac OS X) AppleWebKit/605.1.15 (KHTML, like Gecko) Version/26.3 Mobile/15E148 Safari/604.1" 5793
94.79.98.177 - - [19/Mar/2026:15:05:18 +0300] "GET /dashboard HTTP/1.0" 302 235 "-" "Mozilla/5.0 (iPhone; CPU iPhone OS 18_7 like Mac OS X) AppleWebKit/605.1.15 (KHTML, like Gecko) Version/26.3 Mobile/15E148 Safari/604.1" 2633
94.78.89.124 - - [19/Mar/2026:15:05:22 +0300] "GET /kat-sorumlusu/oda-kontrol?kat_id=14&oda_id=1517&from_kat_detay=1 HTTP/1.0" 200 115024 "https://minibartakip.com/kat-doluluk/14" "Mozilla/5.0 (iPhone; CPU iPhone OS 18_7 like Mac OS X) AppleWebKit/605.1.15 (KHTML, like Gecko) Version/26.3 Mobile/15E148 Safari/604.1" 347930
94.78.89.124 - - [19/Mar/2026:15:05:24 +0300] "GET /api/bildirimler?limit=20 HTTP/1.0" 200 2010 "https://minibartakip.com/kat-sorumlusu/oda-kontrol?kat_id=14&oda_id=1517&from_kat_detay=1" "Mozilla/5.0 (iPhone; CPU iPhone OS 18_7 like Mac OS X) AppleWebKit/605.1.15 (KHTML, like Gecko) Version/26.3 Mobile/15E148 Safari/604.1" 7196
94.78.89.124 - - [19/Mar/2026:15:05:26 +0300] "GET /kat-odalari?kat_id=14 HTTP/1.0" 200 865 "https://minibartakip.com/kat-sorumlusu/oda-kontrol?kat_id=14&oda_id=1517&from_kat_detay=1" "Mozilla/5.0 (iPhone; CPU iPhone OS 18_7 like Mac OS X) AppleWebKit/605.1.15 (KHTML, like Gecko) Version/26.3 Mobile/15E148 Safari/604.1" 665699
127.0.0.1 - - [19/Mar/2026:15:05:27 +0300] "GET /health HTTP/1.1" 200 243 "-" "curl/8.14.1" 960505
94.78.89.124 - - [19/Mar/2026:15:05:27 +0300] "GET /gorevler/api/bekleyen HTTP/1.0" 200 53 "https://minibartakip.com/kat-sorumlusu/oda-kontrol?kat_id=14&oda_id=1517&from_kat_detay=1" "Mozilla/5.0 (iPhone; CPU iPhone OS 18_7 like Mac OS X) AppleWebKit/605.1.15 (KHTML, like Gecko) Version/26.3 Mobile/15E148 Safari/604.1" 2423720
94.78.89.124 - - [19/Mar/2026:15:05:27 +0300] "GET /api/kat-sorumlusu/bugun-eklemeler/1517 HTTP/1.0" 200 32 "https://minibartakip.com/kat-sorumlusu/oda-kontrol?kat_id=14&oda_id=1517&from_kat_detay=1" "Mozilla/5.0 (iPhone; CPU iPhone OS 18_7 like Mac OS X) AppleWebKit/605.1.15 (KHTML, like Gecko) Version/26.3 Mobile/15E148 Safari/604.1" 11606
94.78.89.124 - - [19/Mar/2026:15:05:29 +0300] "GET /api/kat-sorumlusu/oda-setup/1517 HTTP/1.0" 200 9280 "https://minibartakip.com/kat-sorumlusu/oda-kontrol?kat_id=14&oda_id=1517&from_kat_detay=1" "Mozilla/5.0 (iPhone; CPU iPhone OS 18_7 like Mac OS X) AppleWebKit/605.1.15 (KHTML, like Gecko) Version/26.3 Mobile/15E148 Safari/604.1" 1062167
94.79.98.177 - - [19/Mar/2026:15:05:34 +0300] "GET /kat-sorumlusu/dashboard HTTP/1.0" 200 143180 "-" "Mozilla/5.0 (iPhone; CPU iPhone OS 18_7 like Mac OS X) AppleWebKit/605.1.15 (KHTML, like Gecko) Version/26.3 Mobile/15E148 Safari/604.1" 16220293
94.79.98.177 - - [19/Mar/2026:15:05:36 +0300] "GET /gorevler/api/bekleyen HTTP/1.0" 200 54 "https://minibartakip.com/kat-sorumlusu/dashboard" "Mozilla/5.0 (iPhone; CPU iPhone OS 18_7 like Mac OS X) AppleWebKit/605.1.15 (KHTML, like Gecko) Version/26.3 Mobile/15E148 Safari/604.1" 405894
94.79.98.177 - - [19/Mar/2026:15:05:36 +0300] "GET /api/bildirimler?limit=20 HTTP/1.0" 200 2010 "https://minibartakip.com/kat-sorumlusu/dashboard" "Mozilla/5.0 (iPhone; CPU iPhone OS 18_7 like Mac OS X) AppleWebKit/605.1.15 (KHTML, like Gecko) Version/26.3 Mobile/15E148 Safari/604.1" 7134
94.79.98.177 - - [19/Mar/2026:15:05:36 +0300] "GET /api/dolum-talepleri HTTP/1.0" 200 41 "https://minibartakip.com/kat-sorumlusu/dashboard" "Mozilla/5.0 (iPhone; CPU iPhone OS 18_7 like Mac OS X) AppleWebKit/605.1.15 (KHTML, like Gecko) Version/26.3 Mobile/15E148 Safari/604.1" 8263
94.79.98.177 - - [19/Mar/2026:15:05:40 +0300] "GET /kat-doluluk/22 HTTP/1.0" 200 199480 "https://minibartakip.com/kat-sorumlusu/dashboard" "Mozilla/5.0 (iPhone; CPU iPhone OS 18_7 like Mac OS X) AppleWebKit/605.1.15 (KHTML, like Gecko) Version/26.3 Mobile/15E148 Safari/604.1" 1489818
94.79.98.177 - - [19/Mar/2026:15:05:41 +0300] "GET /gorevler/api/bekleyen HTTP/1.0" 200 54 "https://minibartakip.com/kat-doluluk/22" "Mozilla/5.0 (iPhone; CPU iPhone OS 18_7 like Mac OS X) AppleWebKit/605.1.15 (KHTML, like Gecko) Version/26.3 Mobile/15E148 Safari/604.1" 23427
94.79.98.177 - - [19/Mar/2026:15:05:41 +0300] "GET /api/bildirimler?limit=20 HTTP/1.0" 200 2010 "https://minibartakip.com/kat-doluluk/22" "Mozilla/5.0 (iPhone; CPU iPhone OS 18_7 like Mac OS X) AppleWebKit/605.1.15 (KHTML, like Gecko) Version/26.3 Mobile/15E148 Safari/604.1" 6491
94.79.98.177 - - [19/Mar/2026:15:05:44 +0300] "GET /kat-sorumlusu/oda-kontrol?kat_id=22&oda_id=1255&from_kat_detay=1 HTTP/1.0" 200 115084 "https://minibartakip.com/kat-doluluk/22" "Mozilla/5.0 (iPhone; CPU iPhone OS 18_7 like Mac OS X) AppleWebKit/605.1.15 (KHTML, like Gecko) Version/26.3 Mobile/15E148 Safari/604.1" 18697
94.79.98.177 - - [19/Mar/2026:15:05:44 +0300] "GET /api/bildirimler?limit=20 HTTP/1.0" 200 2010 "https://minibartakip.com/kat-sorumlusu/oda-kontrol?kat_id=22&oda_id=1255&from_kat_detay=1" "Mozilla/5.0 (iPhone; CPU iPhone OS 18_7 like Mac OS X) AppleWebKit/605.1.15 (KHTML, like Gecko) Version/26.3 Mobile/15E148 Safari/604.1" 13091
94.79.98.177 - - [19/Mar/2026:15:05:44 +0300] "GET /gorevler/api/bekleyen HTTP/1.0" 200 54 "https://minibartakip.com/kat-sorumlusu/oda-kontrol?kat_id=22&oda_id=1255&from_kat_detay=1" "Mozilla/5.0 (iPhone; CPU iPhone OS 18_7 like Mac OS X) AppleWebKit/605.1.15 (KHTML, like Gecko) Version/26.3 Mobile/15E148 Safari/604.1" 37339
94.79.98.177 - - [19/Mar/2026:15:05:44 +0300] "GET /kat-odalari?kat_id=22 HTTP/1.0" 200 1624 "https://minibartakip.com/kat-sorumlusu/oda-kontrol?kat_id=22&oda_id=1255&from_kat_detay=1" "Mozilla/5.0 (iPhone; CPU iPhone OS 18_7 like Mac OS X) AppleWebKit/605.1.15 (KHTML, like Gecko) Version/26.3 Mobile/15E148 Safari/604.1" 32730
94.79.98.177 - - [19/Mar/2026:15:05:45 +0300] "GET /api/kat-sorumlusu/bugun-eklemeler/1255 HTTP/1.0" 200 32 "https://minibartakip.com/kat-sorumlusu/oda-kontrol?kat_id=22&oda_id=1255&from_kat_detay=1" "Mozilla/5.0 (iPhone; CPU iPhone OS 18_7 like Mac OS X) AppleWebKit/605.1.15 (KHTML, like Gecko) Version/26.3 Mobile/15E148 Safari/604.1" 7107
94.79.98.177 - - [19/Mar/2026:15:05:46 +0300] "GET /api/kat-sorumlusu/oda-setup/1255 HTTP/1.0" 200 7382 "https://minibartakip.com/kat-sorumlusu/oda-kontrol?kat_id=22&oda_id=1255&from_kat_detay=1" "Mozilla/5.0 (iPhone; CPU iPhone OS 18_7 like Mac OS X) AppleWebKit/605.1.15 (KHTML, like Gecko) Version/26.3 Mobile/15E148 Safari/604.1" 956417
127.0.0.1 - - [19/Mar/2026:15:05:57 +0300] "GET /health HTTP/1.1" 200 243 "-" "curl/8.14.1" 4087
127.0.0.1 - - [19/Mar/2026:15:06:27 +0300] "GET /health HTTP/1.1" 200 243 "-" "curl/8.14.1" 4478
✅ Sarfiyat yok bildirimi gönderildi: Oda 1411
94.79.98.177 - - [19/Mar/2026:15:06:29 +0300] "POST /api/kat-sorumlusu/kontrol-tamamla HTTP/1.0" 200 120 "https://minibartakip.com/kat-sorumlusu/oda-kontrol" "Mozilla/5.0 (iPhone; CPU iPhone OS 18_7 like Mac OS X) AppleWebKit/605.1.15 (KHTML, like Gecko) Version/26.3 Mobile/15E148 Safari/604.1" 37016
🔍 Sarfiyat Yok - Görev Arama: Otel=1, Tarih=2026-03-19, Oda=1255
✅ Görev detay bulundu: ID=51413, Durum=pending
ℹ️ DND otomatik tamamlama: Aktif DND kaydı yok veya zaten tamamlanmış
94.79.98.177 - - [19/Mar/2026:15:06:29 +0300] "POST /api/kat-sorumlusu/sarfiyat-yok HTTP/1.0" 200 116 "https://minibartakip.com/kat-sorumlusu/oda-kontrol" "Mozilla/5.0 (iPhone; CPU iPhone OS 18_7 like Mac OS X) AppleWebKit/605.1.15 (KHTML, like Gecko) Version/26.3 Mobile/15E148 Safari/604.1" 67410
94.79.98.177 - - [19/Mar/2026:15:06:32 +0300] "GET /gorevler/yonetim HTTP/1.0" 200 766194 "https://minibartakip.com/kat-sorumlusu/oda-kontrol" "Mozilla/5.0 (iPhone; CPU iPhone OS 18_7 like Mac OS X) AppleWebKit/605.1.15 (KHTML, like Gecko) Version/26.3 Mobile/15E148 Safari/604.1" 217651
94.79.98.177 - - [19/Mar/2026:15:06:32 +0300] "GET /gorevler/api/bekleyen HTTP/1.0" 200 54 "https://minibartakip.com/gorevler/yonetim" "Mozilla/5.0 (iPhone; CPU iPhone OS 18_7 like Mac OS X) AppleWebKit/605.1.15 (KHTML, like Gecko) Version/26.3 Mobile/15E148 Safari/604.1" 22648
94.79.98.177 - - [19/Mar/2026:15:06:32 +0300] "GET /api/bildirimler?limit=20 HTTP/1.0" 200 2010 "https://minibartakip.com/gorevler/yonetim" "Mozilla/5.0 (iPhone; CPU iPhone OS 18_7 like Mac OS X) AppleWebKit/605.1.15 (KHTML, like Gecko) Version/26.3 Mobile/15E148 Safari/604.1" 10898
94.79.98.177 - - [19/Mar/2026:15:06:34 +0300] "GET /kat-sorumlusu/oda-kontrol HTTP/1.0" 200 115084 "https://minibartakip.com/kat-doluluk/22" "Mozilla/5.0 (iPhone; CPU iPhone OS 18_7 like Mac OS X) AppleWebKit/605.1.15 (KHTML, like Gecko) Version/26.3 Mobile/15E148 Safari/604.1" 18772
94.79.98.177 - - [19/Mar/2026:15:06:34 +0300] "GET /gorevler/api/bekleyen HTTP/1.0" 200 54 "https://minibartakip.com/kat-sorumlusu/oda-kontrol" "Mozilla/5.0 (iPhone; CPU iPhone OS 18_7 like Mac OS X) AppleWebKit/605.1.15 (KHTML, like Gecko) Version/26.3 Mobile/15E148 Safari/604.1" 54754
94.79.98.177 - - [19/Mar/2026:15:06:34 +0300] "GET /api/bildirimler?limit=20 HTTP/1.0" 200 2010 "https://minibartakip.com/kat-sorumlusu/oda-kontrol" "Mozilla/5.0 (iPhone; CPU iPhone OS 18_7 like Mac OS X) AppleWebKit/605.1.15 (KHTML, like Gecko) Version/26.3 Mobile/15E148 Safari/604.1" 6289
94.79.98.177 - - [19/Mar/2026:15:06:40 +0300] "GET /kat-doluluk/22 HTTP/1.0" 200 199764 "https://minibartakip.com/kat-sorumlusu/dashboard" "Mozilla/5.0 (iPhone; CPU iPhone OS 18_7 like Mac OS X) AppleWebKit/605.1.15 (KHTML, like Gecko) Version/26.3 Mobile/15E148 Safari/604.1" 2068719
94.79.98.177 - - [19/Mar/2026:15:06:40 +0300] "GET /gorevler/api/bekleyen HTTP/1.0" 200 54 "https://minibartakip.com/kat-doluluk/22" "Mozilla/5.0 (iPhone; CPU iPhone OS 18_7 like Mac OS X) AppleWebKit/605.1.15 (KHTML, like Gecko) Version/26.3 Mobile/15E148 Safari/604.1" 368279
94.79.98.177 - - [19/Mar/2026:15:06:41 +0300] "GET /api/bildirimler?limit=20 HTTP/1.0" 200 2010 "https://minibartakip.com/kat-doluluk/22" "Mozilla/5.0 (iPhone; CPU iPhone OS 18_7 like Mac OS X) AppleWebKit/605.1.15 (KHTML, like Gecko) Version/26.3 Mobile/15E148 Safari/604.1" 12017
94.79.98.177 - - [19/Mar/2026:15:06:44 +0300] "GET /kat-sorumlusu/oda-kontrol?kat_id=22&oda_id=1252&from_kat_detay=1 HTTP/1.0" 200 115084 "https://minibartakip.com/kat-doluluk/22" "Mozilla/5.0 (iPhone; CPU iPhone OS 18_7 like Mac OS X) AppleWebKit/605.1.15 (KHTML, like Gecko) Version/26.3 Mobile/15E148 Safari/604.1" 19381
94.79.98.177 - - [19/Mar/2026:15:06:44 +0300] "GET /api/bildirimler?limit=20 HTTP/1.0" 200 2010 "https://minibartakip.com/kat-sorumlusu/oda-kontrol?kat_id=22&oda_id=1252&from_kat_detay=1" "Mozilla/5.0 (iPhone; CPU iPhone OS 18_7 like Mac OS X) AppleWebKit/605.1.15 (KHTML, like Gecko) Version/26.3 Mobile/15E148 Safari/604.1" 6046
94.79.98.177 - - [19/Mar/2026:15:06:44 +0300] "GET /gorevler/api/bekleyen HTTP/1.0" 200 54 "https://minibartakip.com/kat-sorumlusu/oda-kontrol?kat_id=22&oda_id=1252&from_kat_detay=1" "Mozilla/5.0 (iPhone; CPU iPhone OS 18_7 like Mac OS X) AppleWebKit/605.1.15 (KHTML, like Gecko) Version/26.3 Mobile/15E148 Safari/604.1" 28098
94.79.98.177 - - [19/Mar/2026:15:06:44 +0300] "GET /kat-odalari?kat_id=22 HTTP/1.0" 200 1624 "https://minibartakip.com/kat-sorumlusu/oda-kontrol?kat_id=22&oda_id=1252&from_kat_detay=1" "Mozilla/5.0 (iPhone; CPU iPhone OS 18_7 like Mac OS X) AppleWebKit/605.1.15 (KHTML, like Gecko) Version/26.3 Mobile/15E148 Safari/604.1" 34622
94.79.98.177 - - [19/Mar/2026:15:06:45 +0300] "GET /api/kat-sorumlusu/bugun-eklemeler/1252 HTTP/1.0" 200 32 "https://minibartakip.com/kat-sorumlusu/oda-kontrol?kat_id=22&oda_id=1252&from_kat_detay=1" "Mozilla/5.0 (iPhone; CPU iPhone OS 18_7 like Mac OS X) AppleWebKit/605.1.15 (KHTML, like Gecko) Version/26.3 Mobile/15E148 Safari/604.1" 7347
94.79.98.177 - - [19/Mar/2026:15:06:45 +0300] "GET /api/kat-sorumlusu/oda-setup/1252 HTTP/1.0" 200 7368 "https://minibartakip.com/kat-sorumlusu/oda-kontrol?kat_id=22&oda_id=1252&from_kat_detay=1" "Mozilla/5.0 (iPhone; CPU iPhone OS 18_7 like Mac OS X) AppleWebKit/605.1.15 (KHTML, like Gecko) Version/26.3 Mobile/15E148 Safari/604.1" 81826
127.0.0.1 - - [19/Mar/2026:15:06:57 +0300] "GET /health HTTP/1.1" 200 243 "-" "curl/8.14.1" 4953
✅ Sarfiyat yok bildirimi gönderildi: Oda 1408
94.79.98.177 - - [19/Mar/2026:15:07:07 +0300] "POST /api/kat-sorumlusu/kontrol-tamamla HTTP/1.0" 200 120 "https://minibartakip.com/kat-sorumlusu/oda-kontrol" "Mozilla/5.0 (iPhone; CPU iPhone OS 18_7 like Mac OS X) AppleWebKit/605.1.15 (KHTML, like Gecko) Version/26.3 Mobile/15E148 Safari/604.1" 41074
🔍 Sarfiyat Yok - Görev Arama: Otel=1, Tarih=2026-03-19, Oda=1252
✅ Görev detay bulundu: ID=51410, Durum=pending
ℹ️ DND otomatik tamamlama: Aktif DND kaydı yok veya zaten tamamlanmış
94.79.98.177 - - [19/Mar/2026:15:07:07 +0300] "POST /api/kat-sorumlusu/sarfiyat-yok HTTP/1.0" 200 116 "https://minibartakip.com/kat-sorumlusu/oda-kontrol" "Mozilla/5.0 (iPhone; CPU iPhone OS 18_7 like Mac OS X) AppleWebKit/605.1.15 (KHTML, like Gecko) Version/26.3 Mobile/15E148 Safari/604.1" 44484
94.79.98.177 - - [19/Mar/2026:15:07:08 +0300] "GET /kat-doluluk/22 HTTP/1.0" 200 200048 "https://minibartakip.com/kat-sorumlusu/dashboard" "Mozilla/5.0 (iPhone; CPU iPhone OS 18_7 like Mac OS X) AppleWebKit/605.1.15 (KHTML, like Gecko) Version/26.3 Mobile/15E148 Safari/604.1" 201885
94.79.98.177 - - [19/Mar/2026:15:07:09 +0300] "GET /gorevler/api/bekleyen HTTP/1.0" 200 54 "https://minibartakip.com/kat-doluluk/22" "Mozilla/5.0 (iPhone; CPU iPhone OS 18_7 like Mac OS X) AppleWebKit/605.1.15 (KHTML, like Gecko) Version/26.3 Mobile/15E148 Safari/604.1" 23684
