ance.ml_metrics_temizle
  . maintenance.query_logs_gunluk_temizle
  . maintenance.query_logs_temizle
  . ml.anomali_tespiti
  . ml.eski_verileri_temizle
  . ml.model_egitimi
  . ml.stok_bitis_kontrolu
  . ml.veri_toplama
  . rapor.gunluk_gorev_raporu
  . rapor.gunluk_minibar_sarfiyat_raporu

[2026-03-19 13:58:56,057: INFO/MainProcess] Connected to redis://redis:6379/0
[2026-03-19 13:58:56,064: INFO/MainProcess] mingle: searching for neighbors
[2026-03-19 13:58:58,827: INFO/MainProcess] mingle: sync with 1 nodes
[2026-03-19 13:58:58,828: INFO/MainProcess] mingle: sync complete
[2026-03-19 13:59:01,135: INFO/MainProcess] celery@550df7b84099 ready.
2026-03-19 13:59:07,939 - app - INFO - ✅ Database engine yenilendi, metadata reflect edildi ve bağlantı test edildi
2026-03-19 13:59:07,939 - app - INFO - ℹ️ Cache devre dışı - Redis sadece Celery broker olarak kullanılıyor
[2026-03-19 13:59:12,934: INFO/MainProcess] missed heartbeat from celery@23df821c8a0e
2026-03-19 13:59:20,375 - utils.rate_limiter - INFO - 🔧 Rate Limiter: Redis storage (redis://redis:6379/0...)
2026-03-19 13:59:20,377 - utils.rate_limiter - INFO - ✅ Rate Limiter başarıyla aktifleştirildi
2026-03-19 13:59:20,378 - app - INFO - ✅ Rate Limiter aktifleştirildi
2026-03-19 13:59:20,382 - utils.cache_manager - INFO - ✅ Cache aktif (Redis: redis://redis:6379/0...)
2026-03-19 13:59:20,383 - app - INFO - ✅ Cache Manager aktifleştirildi (sadece master data)
2026-03-19 13:59:20,385 - utils.monitoring.query_analyzer - INFO - ✅ SQLAlchemy query logging aktif edildi (threshold: 100ms)
2026-03-19 13:59:20,386 - utils.monitoring.query_analyzer - INFO - ✅ SQLAlchemy query logging aktif edildi (threshold: 100ms)
2026-03-19 13:59:20,388 - middleware.metrics_middleware - INFO - ✅ Metrics middleware başlatıldı
[2026-03-19 14:00:00,707: INFO/MainProcess] Scheduler: Sending due task ml-veri-toplama (ml.veri_toplama)
2026-03-19 14:00:00,709 - app - INFO - ✅ Login rate limit aktif: 10 per minute
✅ CSRF exemptions uygulandı (stok, celery, db_optimization)
✅ Tüm route modülleri başarıyla register edildi!
[2026-03-19 14:00:01,073: INFO/MainProcess] Task ml.veri_toplama[ee95cd06-27bd-4a82-b157-e5f0f26538da] received
ℹ️ Web scheduler devre dışı (ENABLE_WEB_SCHEDULER=false)
[2026-03-19 14:00:01 +0300] [86] [INFO] Starting gunicorn 21.2.0
[2026-03-19 14:00:01 +0300] [86] [INFO] Listening at: http://0.0.0.0:5000 (86)
[2026-03-19 14:00:01 +0300] [86] [INFO] Using worker: gthread
[2026-03-19 14:00:01 +0300] [86] [INFO] Server is ready. Spawning workers
[2026-03-19 14:00:02 +0300] [116] [INFO] Booting worker with pid: 116
[2026-03-19 14:00:02 +0300] [116] [INFO] Worker spawned (pid: 116)
[2026-03-19 14:00:03 +0300] [116] [INFO] Worker DB pool reset tamamlandı
[2026-03-19 14:00:03 +0300] [117] [INFO] Booting worker with pid: 117
[2026-03-19 14:00:03 +0300] [117] [INFO] Worker spawned (pid: 117)
[2026-03-19 14:00:03 +0300] [117] [INFO] Worker DB pool reset tamamlandı
127.0.0.1 - - [19/Mar/2026:14:00:14 +0300] "GET /health HTTP/1.1" 200 244 "-" "curl/8.14.1" 2339388
[2026-03-19 14:00:36,454: INFO/ForkPoolWorker-2] Flask app Celery worker için manuel oluşturuldu
178.240.236.6 - - [19/Mar/2026:14:00:37 +0300] "GET /logout HTTP/1.0" 302 199 "https://minibartakip.com/executive-dashboard" "Mozilla/5.0 (Linux; Android 10; K) AppleWebKit/537.36 (KHTML, like Gecko) Chrome/146.0.0.0 Mobile Safari/537.36" 29239
88.231.129.62 - - [19/Mar/2026:14:00:39 +0300] "GET /api/system-monitor/db-stats HTTP/1.0" 401 67 "https://minibartakip.com/system-monitor" "Mozilla/5.0 (Windows NT 10.0; Win64; x64) AppleWebKit/537.36 (KHTML, like Gecko) Chrome/146.0.0.0 Safari/537.36" 2231
88.231.129.62 - - [19/Mar/2026:14:00:39 +0300] "GET /api/system-monitor/overview HTTP/1.0" 401 67 "https://minibartakip.com/system-monitor" "Mozilla/5.0 (Windows NT 10.0; Win64; x64) AppleWebKit/537.36 (KHTML, like Gecko) Chrome/146.0.0.0 Safari/537.36" 3506
88.231.129.62 - - [19/Mar/2026:14:00:39 +0300] "GET /api/system-monitor/error-log?limit=50 HTTP/1.0" 401 67 "https://minibartakip.com/system-monitor" "Mozilla/5.0 (Windows NT 10.0; Win64; x64) AppleWebKit/537.36 (KHTML, like Gecko) Chrome/146.0.0.0 Safari/537.36" 1689
88.231.129.62 - - [19/Mar/2026:14:00:39 +0300] "GET /api/system-monitor/endpoints?sort=avg_time HTTP/1.0" 401 67 "https://minibartakip.com/system-monitor" "Mozilla/5.0 (Windows NT 10.0; Win64; x64) AppleWebKit/537.36 (KHTML, like Gecko) Chrome/146.0.0.0 Safari/537.36" 5324
127.0.0.1 - - [19/Mar/2026:14:00:51 +0300] "GET /health HTTP/1.1" 200 244 "-" "curl/8.14.1" 3818502
178.240.236.6 - - [19/Mar/2026:14:00:52 +0300] "GET /logout HTTP/1.0" 302 199 "https://minibartakip.com/executive-dashboard" "Mozilla/5.0 (Linux; Android 10; K) AppleWebKit/537.36 (KHTML, like Gecko) Chrome/146.0.0.0 Mobile Safari/537.36" 3625
178.240.236.6 - - [19/Mar/2026:14:01:05 +0300] "GET /login HTTP/1.0" 200 13631 "https://minibartakip.com/executive-dashboard" "Mozilla/5.0 (Linux; Android 10; K) AppleWebKit/537.36 (KHTML, like Gecko) Chrome/146.0.0.0 Mobile Safari/537.36" 11446147
178.240.236.6 - - [19/Mar/2026:14:01:05 +0300] "GET /login HTTP/1.0" 200 13631 "https://minibartakip.com/executive-dashboard" "Mozilla/5.0 (Linux; Android 10; K) AppleWebKit/537.36 (KHTML, like Gecko) Chrome/146.0.0.0 Mobile Safari/537.36" 27088755
88.231.129.62 - - [19/Mar/2026:14:01:22 +0300] "GET /api/system-monitor/db-stats HTTP/1.0" 401 67 "https://minibartakip.com/system-monitor" "Mozilla/5.0 (Windows NT 10.0; Win64; x64) AppleWebKit/537.36 (KHTML, like Gecko) Chrome/146.0.0.0 Safari/537.36" 3203
88.231.129.62 - - [19/Mar/2026:14:01:22 +0300] "GET /api/system-monitor/overview HTTP/1.0" 401 67 "https://minibartakip.com/system-monitor" "Mozilla/5.0 (Windows NT 10.0; Win64; x64) AppleWebKit/537.36 (KHTML, like Gecko) Chrome/146.0.0.0 Safari/537.36" 3810
88.231.129.62 - - [19/Mar/2026:14:01:22 +0300] "GET /api/system-monitor/error-log?limit=50 HTTP/1.0" 401 67 "https://minibartakip.com/system-monitor" "Mozilla/5.0 (Windows NT 10.0; Win64; x64) AppleWebKit/537.36 (KHTML, like Gecko) Chrome/146.0.0.0 Safari/537.36" 2042
88.231.129.62 - - [19/Mar/2026:14:01:22 +0300] "GET /api/system-monitor/endpoints?sort=avg_time HTTP/1.0" 401 67 "https://minibartakip.com/system-monitor" "Mozilla/5.0 (Windows NT 10.0; Win64; x64) AppleWebKit/537.36 (KHTML, like Gecko) Chrome/146.0.0.0 Safari/537.36" 2131
178.240.236.6 - - [19/Mar/2026:14:01:23 +0300] "GET / HTTP/1.0" 302 199 "-" "Mozilla/5.0 (Linux; Android 10; K) AppleWebKit/537.36 (KHTML, like Gecko) Chrome/146.0.0.0 Mobile Safari/537.36" 22628140
88.231.129.62 - - [19/Mar/2026:14:01:23 +0300] "GET /system-monitor HTTP/1.0" 302 199 "-" "Mozilla/5.0 (Windows NT 10.0; Win64; x64) AppleWebKit/537.36 (KHTML, like Gecko) Chrome/146.0.0.0 Safari/537.36" 4635
178.240.236.6 - - [19/Mar/2026:14:01:28 +0300] "GET /login HTTP/1.0" 200 13631 "-" "Mozilla/5.0 (Linux; Android 10; K) AppleWebKit/537.36 (KHTML, like Gecko) Chrome/146.0.0.0 Mobile Safari/537.36" 4009092
88.231.129.62 - - [19/Mar/2026:14:01:29 +0300] "GET /login HTTP/1.0" 200 13653 "-" "Mozilla/5.0 (Windows NT 10.0; Win64; x64) AppleWebKit/537.36 (KHTML, like Gecko) Chrome/146.0.0.0 Safari/537.36" 4953845
88.231.129.62 - - [19/Mar/2026:14:01:30 +0300] "GET /static/js/browser@4.js HTTP/1.0" 304 0 "https://minibartakip.com/login" "Mozilla/5.0 (Windows NT 10.0; Win64; x64) AppleWebKit/537.36 (KHTML, like Gecko) Chrome/146.0.0.0 Safari/537.36" 816408
88.231.129.62 - - [19/Mar/2026:14:01:31 +0300] "GET /static/js/toast.js HTTP/1.0" 304 0 "https://minibartakip.com/login" "Mozilla/5.0 (Windows NT 10.0; Win64; x64) AppleWebKit/537.36 (KHTML, like Gecko) Chrome/146.0.0.0 Safari/537.36" 309718
178.240.236.6 - - [19/Mar/2026:14:01:31 +0300] "GET /static/js/browser@4.js HTTP/1.0" 304 0 "https://minibartakip.com/login" "Mozilla/5.0 (Linux; Android 10; K) AppleWebKit/537.36 (KHTML, like Gecko) Chrome/146.0.0.0 Mobile Safari/537.36" 1580897
178.240.236.6 - - [19/Mar/2026:14:01:31 +0300] "GET /static/js/form-validation.js HTTP/1.0" 304 0 "https://minibartakip.com/login" "Mozilla/5.0 (Linux; Android 10; K) AppleWebKit/537.36 (KHTML, like Gecko) Chrome/146.0.0.0 Mobile Safari/537.36" 1030872
88.231.129.62 - - [19/Mar/2026:14:01:31 +0300] "GET /static/js/form-validation.js HTTP/1.0" 304 0 "https://minibartakip.com/login" "Mozilla/5.0 (Windows NT 10.0; Win64; x64) AppleWebKit/537.36 (KHTML, like Gecko) Chrome/146.0.0.0 Safari/537.36" 1832955
178.240.236.6 - - [19/Mar/2026:14:01:31 +0300] "GET /static/js/toast.js HTTP/1.0" 304 0 "https://minibartakip.com/login" "Mozilla/5.0 (Linux; Android 10; K) AppleWebKit/537.36 (KHTML, like Gecko) Chrome/146.0.0.0 Mobile Safari/537.36" 1024220
127.0.0.1 - - [19/Mar/2026:14:01:32 +0300] "GET /health HTTP/1.1" 200 244 "-" "curl/8.14.1" 4792
[2026-03-19 14:01:53,460: INFO/ForkPoolWorker-2] 🔄 ML veri toplama başladı...
178.240.236.6 - - [19/Mar/2026:14:01:56 +0300] "POST /login HTTP/1.0" 302 207 "https://minibartakip.com/login" "Mozilla/5.0 (Linux; Android 10; K) AppleWebKit/537.36 (KHTML, like Gecko) Chrome/146.0.0.0 Mobile Safari/537.36" 15285378
178.240.236.6 - - [19/Mar/2026:14:01:56 +0300] "GET /dashboard HTTP/1.0" 302 223 "https://minibartakip.com/login" "Mozilla/5.0 (Linux; Android 10; K) AppleWebKit/537.36 (KHTML, like Gecko) Chrome/146.0.0.0 Mobile Safari/537.36" 3336
88.231.129.62 - - [19/Mar/2026:14:02:08 +0300] "POST /login HTTP/1.0" 302 207 "https://minibartakip.com/login" "Mozilla/5.0 (Windows NT 10.0; Win64; x64) AppleWebKit/537.36 (KHTML, like Gecko) Chrome/146.0.0.0 Safari/537.36" 11530561
88.231.129.62 - - [19/Mar/2026:14:02:08 +0300] "GET /dashboard HTTP/1.0" 302 223 "https://minibartakip.com/login" "Mozilla/5.0 (Windows NT 10.0; Win64; x64) AppleWebKit/537.36 (KHTML, like Gecko) Chrome/146.0.0.0 Safari/537.36" 4182
127.0.0.1 - - [19/Mar/2026:14:02:10 +0300] "GET /health HTTP/1.1" 200 244 "-" "curl/8.14.1" 6902
[2026-03-19 14:02:22,027: INFO/ForkPoolWorker-2] ML sistemi devre dışı - veri toplama atlandı
[2026-03-19 14:02:22,027: INFO/ForkPoolWorker-2] ✅ ML veri toplama tamamlandı: 0 metrik toplandı
[2026-03-19 14:02:22,030: INFO/ForkPoolWorker-2] Task ml.veri_toplama[ee95cd06-27bd-4a82-b157-e5f0f26538da] succeeded in 140.95511764701223s: {'status': 'success', 'message': '0 metrik toplandı', 'total_metrics': 0}
178.240.236.6 - - [19/Mar/2026:14:02:40 +0300] "GET /sistem-yoneticisi HTTP/1.0" 200 143293 "https://minibartakip.com/login" "Mozilla/5.0 (Linux; Android 10; K) AppleWebKit/537.36 (KHTML, like Gecko) Chrome/146.0.0.0 Mobile Safari/537.36" 41346936
88.231.129.62 - - [19/Mar/2026:14:02:40 +0300] "GET /sistem-yoneticisi HTTP/1.0" 200 143293 "https://minibartakip.com/login" "Mozilla/5.0 (Windows NT 10.0; Win64; x64) AppleWebKit/537.36 (KHTML, like Gecko) Chrome/146.0.0.0 Safari/537.36" 31193346
178.240.236.6 - - [19/Mar/2026:14:02:41 +0300] "GET /static/js/pwa-install.js HTTP/1.0" 304 0 "https://minibartakip.com/sistem-yoneticisi" "Mozilla/5.0 (Linux; Android 10; K) AppleWebKit/537.36 (KHTML, like Gecko) Chrome/146.0.0.0 Mobile Safari/537.36" 3104
178.240.236.6 - - [19/Mar/2026:14:02:41 +0300] "GET /static/css/tailwind.min.css HTTP/1.0" 304 0 "https://minibartakip.com/sistem-yoneticisi" "Mozilla/5.0 (Linux; Android 10; K) AppleWebKit/537.36 (KHTML, like Gecko) Chrome/146.0.0.0 Mobile Safari/537.36" 3746
178.240.236.6 - - [19/Mar/2026:14:02:41 +0300] "GET /static/css/tablet-touch.css HTTP/1.0" 304 0 "https://minibartakip.com/sistem-yoneticisi" "Mozilla/5.0 (Linux; Android 10; K) AppleWebKit/537.36 (KHTML, like Gecko) Chrome/146.0.0.0 Mobile Safari/537.36" 8852
178.240.236.6 - - [19/Mar/2026:14:02:41 +0300] "GET /static/js/guide-system.js?v=1.1.87 HTTP/1.0" 304 0 "https://minibartakip.com/sistem-yoneticisi" "Mozilla/5.0 (Linux; Android 10; K) AppleWebKit/537.36 (KHTML, like Gecko) Chrome/146.0.0.0 Mobile Safari/537.36" 4750
88.231.129.62 - - [19/Mar/2026:14:02:41 +0300] "GET /static/js/pwa-install.js HTTP/1.0" 304 0 "https://minibartakip.com/sistem-yoneticisi" "Mozilla/5.0 (Windows NT 10.0; Win64; x64) AppleWebKit/537.36 (KHTML, like Gecko) Chrome/146.0.0.0 Safari/537.36" 2342
88.231.129.62 - - [19/Mar/2026:14:02:41 +0300] "GET /static/css/tailwind.min.css HTTP/1.0" 304 0 "https://minibartakip.com/sistem-yoneticisi" "Mozilla/5.0 (Windows NT 10.0; Win64; x64) AppleWebKit/537.36 (KHTML, like Gecko) Chrome/146.0.0.0 Safari/537.36" 3558
88.231.129.62 - - [19/Mar/2026:14:02:41 +0300] "GET /static/css/tablet-touch.css HTTP/1.0" 304 0 "https://minibartakip.com/sistem-yoneticisi" "Mozilla/5.0 (Windows NT 10.0; Win64; x64) AppleWebKit/537.36 (KHTML, like Gecko) Chrome/146.0.0.0 Safari/537.36" 7850
178.240.236.6 - - [19/Mar/2026:14:02:41 +0300] "GET /static/js/tema_modal.js HTTP/1.0" 304 0 "https://minibartakip.com/sistem-yoneticisi" "Mozilla/5.0 (Linux; Android 10; K) AppleWebKit/537.36 (KHTML, like Gecko) Chrome/146.0.0.0 Mobile Safari/537.36" 6766
178.240.236.6 - - [19/Mar/2026:14:02:41 +0300] "GET /static/js/bildirim_manager.js HTTP/1.0" 304 0 "https://minibartakip.com/sistem-yoneticisi" "Mozilla/5.0 (Linux; Android 10; K) AppleWebKit/537.36 (KHTML, like Gecko) Chrome/146.0.0.0 Mobile Safari/537.36" 8860
88.231.129.62 - - [19/Mar/2026:14:02:42 +0300] "GET /static/js/tema_modal.js HTTP/1.0" 304 0 "https://minibartakip.com/sistem-yoneticisi" "Mozilla/5.0 (Windows NT 10.0; Win64; x64) AppleWebKit/537.36 (KHTML, like Gecko) Chrome/146.0.0.0 Safari/537.36" 369962
88.231.129.62 - - [19/Mar/2026:14:02:42 +0300] "GET /static/js/bildirim_manager.js HTTP/1.0" 304 0 "https://minibartakip.com/sistem-yoneticisi" "Mozilla/5.0 (Windows NT 10.0; Win64; x64) AppleWebKit/537.36 (KHTML, like Gecko) Chrome/146.0.0.0 Safari/537.36" 377940
88.231.129.62 - - [19/Mar/2026:14:02:42 +0300] "GET /static/js/guide-system.js?v=1.1.87 HTTP/1.0" 304 0 "https://minibartakip.com/sistem-yoneticisi" "Mozilla/5.0 (Windows NT 10.0; Win64; x64) AppleWebKit/537.36 (KHTML, like Gecko) Chrome/146.0.0.0 Safari/537.36" 376847
178.240.236.6 - - [19/Mar/2026:14:02:42 +0300] "GET /static/js/table-search-filter.js HTTP/1.0" 304 0 "https://minibartakip.com/sistem-yoneticisi" "Mozilla/5.0 (Linux; Android 10; K) AppleWebKit/537.36 (KHTML, like Gecko) Chrome/146.0.0.0 Mobile Safari/537.36" 10997
178.240.236.6 - - [19/Mar/2026:14:02:42 +0300] "GET /static/js/theme.js HTTP/1.0" 304 0 "https://minibartakip.com/sistem-yoneticisi" "Mozilla/5.0 (Linux; Android 10; K) AppleWebKit/537.36 (KHTML, like Gecko) Chrome/146.0.0.0 Mobile Safari/537.36" 6286
88.231.129.62 - - [19/Mar/2026:14:02:42 +0300] "GET /static/manifest.json HTTP/1.0" 304 0 "https://minibartakip.com/sistem-yoneticisi" "Mozilla/5.0 (Windows NT 10.0; Win64; x64) AppleWebKit/537.36 (KHTML, like Gecko) Chrome/146.0.0.0 Safari/537.36" 4153
88.231.129.62 - - [19/Mar/2026:14:02:43 +0300] "GET /static/js/table-search-filter.js HTTP/1.0" 304 0 "https://minibartakip.com/sistem-yoneticisi" "Mozilla/5.0 (Windows NT 10.0; Win64; x64) AppleWebKit/537.36 (KHTML, like Gecko) Chrome/146.0.0.0 Safari/537.36" 2723
88.231.129.62 - - [19/Mar/2026:14:02:43 +0300] "GET /static/js/theme.js HTTP/1.0" 304 0 "https://minibartakip.com/sistem-yoneticisi" "Mozilla/5.0 (Windows NT 10.0; Win64; x64) AppleWebKit/537.36 (KHTML, like Gecko) Chrome/146.0.0.0 Safari/537.36" 4840
178.240.236.6 - - [19/Mar/2026:14:02:45 +0300] "GET /api/bekleyen-dolum-sayisi HTTP/1.0" 200 27 "https://minibartakip.com/sistem-yoneticisi" "Mozilla/5.0 (Linux; Android 10; K) AppleWebKit/537.36 (KHTML, like Gecko) Chrome/146.0.0.0 Mobile Safari/537.36" 25616
127.0.0.1 - - [19/Mar/2026:14:02:45 +0300] "GET /health HTTP/1.1" 200 244 "-" "curl/8.14.1" 31709
88.231.129.62 - - [19/Mar/2026:14:02:45 +0300] "GET /api/dolum-talepleri HTTP/1.0" 200 41 "https://minibartakip.com/sistem-yoneticisi" "Mozilla/5.0 (Windows NT 10.0; Win64; x64) AppleWebKit/537.36 (KHTML, like Gecko) Chrome/146.0.0.0 Safari/537.36" 35303
178.240.236.6 - - [19/Mar/2026:14:02:45 +0300] "GET /api/dolum-talepleri HTTP/1.0" 200 41 "https://minibartakip.com/sistem-yoneticisi" "Mozilla/5.0 (Linux; Android 10; K) AppleWebKit/537.36 (KHTML, like Gecko) Chrome/146.0.0.0 Mobile Safari/537.36" 24406
88.231.129.62 - - [19/Mar/2026:14:02:45 +0300] "GET /api/bekleyen-dolum-sayisi HTTP/1.0" 200 27 "https://minibartakip.com/sistem-yoneticisi" "Mozilla/5.0 (Windows NT 10.0; Win64; x64) AppleWebKit/537.36 (KHTML, like Gecko) Chrome/146.0.0.0 Safari/537.36" 10073
178.240.236.6 - - [19/Mar/2026:14:02:47 +0300] "GET /static/manifest.json HTTP/1.0" 304 0 "https://minibartakip.com/sistem-yoneticisi" "Mozilla/5.0 (Linux; Android 10; K) AppleWebKit/537.36 (KHTML, like Gecko) Chrome/146.0.0.0 Mobile Safari/537.36" 2596
88.231.129.62 - - [19/Mar/2026:14:02:48 +0300] "GET /static/icons/android/android-launchericon-144-144.png HTTP/1.0" 304 0 "https://minibartakip.com/sistem-yoneticisi" "Mozilla/5.0 (Windows NT 10.0; Win64; x64) AppleWebKit/537.36 (KHTML, like Gecko) Chrome/146.0.0.0 Safari/537.36" 447701
88.231.129.62 - - [19/Mar/2026:14:02:48 +0300] "GET /api/bildirimler?limit=20 HTTP/1.0" 200 55 "https://minibartakip.com/sistem-yoneticisi" "Mozilla/5.0 (Windows NT 10.0; Win64; x64) AppleWebKit/537.36 (KHTML, like Gecko) Chrome/146.0.0.0 Safari/537.36" 1873542
178.240.236.6 - - [19/Mar/2026:14:02:48 +0300] "GET /api/tuketim-trendleri?gun=7 HTTP/1.0" 200 443 "https://minibartakip.com/sistem-yoneticisi" "Mozilla/5.0 (Linux; Android 10; K) AppleWebKit/537.36 (KHTML, like Gecko) Chrome/146.0.0.0 Mobile Safari/537.36" 3371238
88.231.129.62 - - [19/Mar/2026:14:02:49 +0300] "GET /api/tuketim-trendleri?gun=7 HTTP/1.0" 200 443 "https://minibartakip.com/sistem-yoneticisi" "Mozilla/5.0 (Windows NT 10.0; Win64; x64) AppleWebKit/537.36 (KHTML, like Gecko) Chrome/146.0.0.0 Safari/537.36" 4228679
178.240.236.6 - - [19/Mar/2026:14:02:50 +0300] "GET /api/bildirimler?limit=20 HTTP/1.0" 200 55 "https://minibartakip.com/sistem-yoneticisi" "Mozilla/5.0 (Linux; Android 10; K) AppleWebKit/537.36 (KHTML, like Gecko) Chrome/146.0.0.0 Mobile Safari/537.36" 3561439
178.240.236.6 - - [19/Mar/2026:14:02:50 +0300] "GET /api/son-aktiviteler?limit=10 HTTP/1.0" 200 2822 "https://minibartakip.com/sistem-yoneticisi" "Mozilla/5.0 (Linux; Android 10; K) AppleWebKit/537.36 (KHTML, like Gecko) Chrome/146.0.0.0 Mobile Safari/537.36" 4182292
88.231.129.62 - - [19/Mar/2026:14:02:50 +0300] "GET /api/son-aktiviteler?limit=10 HTTP/1.0" 200 2822 "https://minibartakip.com/sistem-yoneticisi" "Mozilla/5.0 (Windows NT 10.0; Win64; x64) AppleWebKit/537.36 (KHTML, like Gecko) Chrome/146.0.0.0 Safari/537.36" 2303595
88.231.129.62 - - [19/Mar/2026:14:03:12 +0300] "GET /api/bekleyen-dolum-sayisi HTTP/1.0" 200 27 "https://minibartakip.com/sistem-yoneticisi" "Mozilla/5.0 (Windows NT 10.0; Win64; x64) AppleWebKit/537.36 (KHTML, like Gecko) Chrome/146.0.0.0 Safari/537.36" 7698
88.231.129.62 - - [19/Mar/2026:14:03:14 +0300] "GET /api/dolum-talepleri HTTP/1.0" 200 41 "https://minibartakip.com/sistem-yoneticisi" "Mozilla/5.0 (Windows NT 10.0; Win64; x64) AppleWebKit/537.36 (KHTML, like Gecko) Chrome/146.0.0.0 Safari/537.36" 13584
88.231.129.62 - - [19/Mar/2026:14:03:14 +0300] "GET /api/son-aktiviteler?limit=10 HTTP/1.0" 200 2822 "https://minibartakip.com/sistem-yoneticisi" "Mozilla/5.0 (Windows NT 10.0; Win64; x64) AppleWebKit/537.36 (KHTML, like Gecko) Chrome/146.0.0.0 Safari/537.36" 24435
127.0.0.1 - - [19/Mar/2026:14:03:15 +0300] "GET /health HTTP/1.1" 200 244 "-" "curl/8.14.1" 4078
88.231.129.62 - - [19/Mar/2026:14:03:42 +0300] "GET /api/bekleyen-dolum-sayisi HTTP/1.0" 200 27 "https://minibartakip.com/sistem-yoneticisi" "Mozilla/5.0 (Windows NT 10.0; Win64; x64) AppleWebKit/537.36 (KHTML, like Gecko) Chrome/146.0.0.0 Safari/537.36" 7706
88.231.129.62 - - [19/Mar/2026:14:03:44 +0300] "GET /api/dolum-talepleri HTTP/1.0" 200 41 "https://minibartakip.com/sistem-yoneticisi" "Mozilla/5.0 (Windows NT 10.0; Win64; x64) AppleWebKit/537.36 (KHTML, like Gecko) Chrome/146.0.0.0 Safari/537.36" 11962
88.231.129.62 - - [19/Mar/2026:14:03:44 +0300] "GET /api/son-aktiviteler?limit=10 HTTP/1.0" 200 2822 "https://minibartakip.com/sistem-yoneticisi" "Mozilla/5.0 (Windows NT 10.0; Win64; x64) AppleWebKit/537.36 (KHTML, like Gecko) Chrome/146.0.0.0 Safari/537.36" 22944
88.231.129.62 - - [19/Mar/2026:14:03:44 +0300] "GET /api/bildirimler/poll?son_kontrol=2026-03-19T11%3A02%3A43.639Z HTTP/1.0" 200 112 "https://minibartakip.com/sistem-yoneticisi" "Mozilla/5.0 (Windows NT 10.0; Win64; x64) AppleWebKit/537.36 (KHTML, like Gecko) Chrome/146.0.0.0 Safari/537.36" 20954
127.0.0.1 - - [19/Mar/2026:14:03:45 +0300] "GET /health HTTP/1.1" 200 244 "-" "curl/8.14.1" 4722
88.231.129.62 - - [19/Mar/2026:14:04:12 +0300] "GET /api/bekleyen-dolum-sayisi HTTP/1.0" 200 27 "https://minibartakip.com/sistem-yoneticisi" "Mozilla/5.0 (Windows NT 10.0; Win64; x64) AppleWebKit/537.36 (KHTML, like Gecko) Chrome/146.0.0.0 Safari/537.36" 7277
88.231.129.62 - - [19/Mar/2026:14:04:14 +0300] "GET /api/dolum-talepleri HTTP/1.0" 200 41 "https://minibartakip.com/sistem-yoneticisi" "Mozilla/5.0 (Windows NT 10.0; Win64; x64) AppleWebKit/537.36 (KHTML, like Gecko) Chrome/146.0.0.0 Safari/537.36" 6595
88.231.129.62 - - [19/Mar/2026:14:04:14 +0300] "GET /api/son-aktiviteler?limit=10 HTTP/1.0" 200 2822 "https://minibartakip.com/sistem-yoneticisi" "Mozilla/5.0 (Windows NT 10.0; Win64; x64) AppleWebKit/537.36 (KHTML, like Gecko) Chrome/146.0.0.0 Safari/537.36" 15188
127.0.0.1 - - [19/Mar/2026:14:04:15 +0300] "GET /health HTTP/1.1" 200 244 "-" "curl/8.14.1" 4431
88.231.129.62 - - [19/Mar/2026:14:04:42 +0300] "GET /api/bekleyen-dolum-sayisi HTTP/1.0" 200 27 "https://minibartakip.com/sistem-yoneticisi" "Mozilla/5.0 (Windows NT 10.0; Win64; x64) AppleWebKit/537.36 (KHTML, like Gecko) Chrome/146.0.0.0 Safari/537.36" 7637
88.231.129.62 - - [19/Mar/2026:14:04:44 +0300] "GET /api/dolum-talepleri HTTP/1.0" 200 41 "https://minibartakip.com/sistem-yoneticisi" "Mozilla/5.0 (Windows NT 10.0; Win64; x64) AppleWebKit/537.36 (KHTML, like Gecko) Chrome/146.0.0.0 Safari/537.36" 14600
88.231.129.62 - - [19/Mar/2026:14:04:44 +0300] "GET /api/bildirimler/poll?son_kontrol=2026-03-19T13%3A03%3A44.639735%2B02%3A00 HTTP/1.0" 200 112 "https://minibartakip.com/sistem-yoneticisi" "Mozilla/5.0 (Windows NT 10.0; Win64; x64) AppleWebKit/537.36 (KHTML, like Gecko) Chrome/146.0.0.0 Safari/537.36" 12392
88.231.129.62 - - [19/Mar/2026:14:04:44 +0300] "GET /api/son-aktiviteler?limit=10 HTTP/1.0" 200 2822 "https://minibartakip.com/sistem-yoneticisi" "Mozilla/5.0 (Windows NT 10.0; Win64; x64) AppleWebKit/537.36 (KHTML, like Gecko) Chrome/146.0.0.0 Safari/537.36" 20199
127.0.0.1 - - [19/Mar/2026:14:04:45 +0300] "GET /health HTTP/1.1" 200 244 "-" "curl/8.14.1" 4219
88.231.129.62 - - [19/Mar/2026:14:05:12 +0300] "GET /api/bekleyen-dolum-sayisi HTTP/1.0" 200 27 "https://minibartakip.com/sistem-yoneticisi" "Mozilla/5.0 (Windows NT 10.0; Win64; x64) AppleWebKit/537.36 (KHTML, like Gecko) Chrome/146.0.0.0 Safari/537.36" 14157
88.231.129.62 - - [19/Mar/2026:14:05:14 +0300] "GET /api/dolum-talepleri HTTP/1.0" 200 41 "https://minibartakip.com/sistem-yoneticisi" "Mozilla/5.0 (Windows NT 10.0; Win64; x64) AppleWebKit/537.36 (KHTML, like Gecko) Chrome/146.0.0.0 Safari/537.36" 7388
88.231.129.62 - - [19/Mar/2026:14:05:14 +0300] "GET /api/son-aktiviteler?limit=10 HTTP/1.0" 200 2822 "https://minibartakip.com/sistem-yoneticisi" "Mozilla/5.0 (Windows NT 10.0; Win64; x64) AppleWebKit/537.36 (KHTML, like Gecko) Chrome/146.0.0.0 Safari/537.36" 21324
127.0.0.1 - - [19/Mar/2026:14:05:15 +0300] "GET /health HTTP/1.1" 200 244 "-" "curl/8.14.1" 6044
178.240.236.6 - - [19/Mar/2026:14:05:16 +0300] "GET /api/bekleyen-dolum-sayisi HTTP/1.0" 200 27 "https://minibartakip.com/sistem-yoneticisi" "Mozilla/5.0 (Linux; Android 10; K) AppleWebKit/537.36 (KHTML, like Gecko) Chrome/146.0.0.0 Mobile Safari/537.36" 6414
88.231.129.62 - - [19/Mar/2026:14:05:43 +0300] "GET /api/bekleyen-dolum-sayisi HTTP/1.0" 200 27 "https://minibartakip.com/sistem-yoneticisi" "Mozilla/5.0 (Windows NT 10.0; Win64; x64) AppleWebKit/537.36 (KHTML, like Gecko) Chrome/146.0.0.0 Safari/537.36" 7654
88.231.129.62 - - [19/Mar/2026:14:05:45 +0300] "GET /api/bildirimler/poll?son_kontrol=2026-03-19T13%3A04%3A44.625478%2B02%3A00 HTTP/1.0" 200 112 "https://minibartakip.com/sistem-yoneticisi" "Mozilla/5.0 (Windows NT 10.0; Win64; x64) AppleWebKit/537.36 (KHTML, like Gecko) Chrome/146.0.0.0 Safari/537.36" 415683
88.231.129.62 - - [19/Mar/2026:14:05:45 +0300] "GET /api/dolum-talepleri HTTP/1.0" 200 41 "https://minibartakip.com/sistem-yoneticisi" "Mozilla/5.0 (Windows NT 10.0; Win64; x64) AppleWebKit/537.36 (KHTML, like Gecko) Chrome/146.0.0.0 Safari/537.36" 1120221
88.231.129.62 - - [19/Mar/2026:14:05:46 +0300] "GET /api/son-aktiviteler?limit=10 HTTP/1.0" 200 2822 "https://minibartakip.com/sistem-yoneticisi" "Mozilla/5.0 (Windows NT 10.0; Win64; x64) AppleWebKit/537.36 (KHTML, like Gecko) Chrome/146.0.0.0 Safari/537.36" 2184151
127.0.0.1 - - [19/Mar/2026:14:05:50 +0300] "GET /health HTTP/1.1" 200 244 "-" "curl/8.14.1" 1171451


88.231.129.62 - - [19/Mar/2026:14:06:13 +0300] "GET /api/bekleyen-dolum-sayisi HTTP/1.0" 200 27 "https://minibartakip.com/sistem-yoneticisi" "Mozilla/5.0 (Windows NT 10.0; Win64; x64) AppleWebKit/537.36 (KHTML, like Gecko) Chrome/146.0.0.0 Safari/537.36" 649229
127.0.0.1 - - [19/Mar/2026:14:06:23 +0300] "GET /health HTTP/1.1" 200 244 "-" "curl/8.14.1" 7519
88.231.129.62 - - [19/Mar/2026:14:06:39 +0300] "GET /api/dolum-talepleri HTTP/1.0" 200 41 "https://minibartakip.com/sistem-yoneticisi" "Mozilla/5.0 (Windows NT 10.0; Win64; x64) AppleWebKit/537.36 (KHTML, like Gecko) Chrome/146.0.0.0 Safari/537.36" 122686
88.231.129.62 - - [19/Mar/2026:14:06:39 +0300] "GET /api/son-aktiviteler?limit=10 HTTP/1.0" 200 2822 "https://minibartakip.com/sistem-yoneticisi" "Mozilla/5.0 (Windows NT 10.0; Win64; x64) AppleWebKit/537.36 (KHTML, like Gecko) Chrome/146.0.0.0 Safari/537.36" 944414
88.231.129.62 - - [19/Mar/2026:14:06:45 +0300] "GET /api/bildirimler/poll?son_kontrol=2026-03-19T13%3A05%3A45.205641%2B02%3A00 HTTP/1.0" 200 112 "https://minibartakip.com/sistem-yoneticisi" "Mozilla/5.0 (Windows NT 10.0; Win64; x64) AppleWebKit/537.36 (KHTML, like Gecko) Chrome/146.0.0.0 Safari/537.36" 16343
127.0.0.1 - - [19/Mar/2026:14:06:54 +0300] "GET /health HTTP/1.1" 200 244 "-" "curl/8.14.1" 4393
127.0.0.1 - - [19/Mar/2026:14:07:24 +0300] "GET /health HTTP/1.1" 200 244 "-" "curl/8.14.1" 4935
88.231.129.62 - - [19/Mar/2026:14:07:38 +0300] "GET /api/bekleyen-dolum-sayisi HTTP/1.0" 200 27 "https://minibartakip.com/sistem-yoneticisi" "Mozilla/5.0 (Windows NT 10.0; Win64; x64) AppleWebKit/537.36 (KHTML, like Gecko) Chrome/146.0.0.0 Safari/537.36" 7492
88.231.129.62 - - [19/Mar/2026:14:07:38 +0300] "GET /api/dolum-talepleri HTTP/1.0" 200 41 "https://minibartakip.com/sistem-yoneticisi" "Mozilla/5.0 (Windows NT 10.0; Win64; x64) AppleWebKit/537.36 (KHTML, like Gecko) Chrome/146.0.0.0 Safari/537.36" 15859
88.231.129.62 - - [19/Mar/2026:14:07:38 +0300] "GET /api/son-aktiviteler?limit=10 HTTP/1.0" 200 2822 "https://minibartakip.com/sistem-yoneticisi" "Mozilla/5.0 (Windows NT 10.0; Win64; x64) AppleWebKit/537.36 (KHTML, like Gecko) Chrome/146.0.0.0 Safari/537.36" 13952
88.231.129.62 - - [19/Mar/2026:14:07:44 +0300] "GET /api/bildirimler/poll?son_kontrol=2026-03-19T13%3A06%3A45.088189%2B02%3A00 HTTP/1.0" 200 112 "https://minibartakip.com/sistem-yoneticisi" "Mozilla/5.0 (Windows NT 10.0; Win64; x64) AppleWebKit/537.36 (KHTML, like Gecko) Chrome/146.0.0.0 Safari/537.36" 7383
127.0.0.1 - - [19/Mar/2026:14:07:54 +0300] "GET /health HTTP/1.1" 200 244 "-" "curl/8.14.1" 5941
127.0.0.1 - - [19/Mar/2026:14:08:24 +0300] "GET /health HTTP/1.1" 200 244 "-" "curl/8.14.1" 5003
88.231.129.62 - - [19/Mar/2026:14:08:38 +0300] "GET /api/dolum-talepleri HTTP/1.0" 200 41 "https://minibartakip.com/sistem-yoneticisi" "Mozilla/5.0 (Windows NT 10.0; Win64; x64) AppleWebKit/537.36 (KHTML, like Gecko) Chrome/146.0.0.0 Safari/537.36" 7372
88.231.129.62 - - [19/Mar/2026:14:08:38 +0300] "GET /api/bekleyen-dolum-sayisi HTTP/1.0" 200 27 "https://minibartakip.com/sistem-yoneticisi" "Mozilla/5.0 (Windows NT 10.0; Win64; x64) AppleWebKit/537.36 (KHTML, like Gecko) Chrome/146.0.0.0 Safari/537.36" 6845
88.231.129.62 - - [19/Mar/2026:14:08:38 +0300] "GET /api/son-aktiviteler?limit=10 HTTP/1.0" 200 2822 "https://minibartakip.com/sistem-yoneticisi" "Mozilla/5.0 (Windows NT 10.0; Win64; x64) AppleWebKit/537.36 (KHTML, like Gecko) Chrome/146.0.0.0 Safari/537.36" 15156
88.231.129.62 - - [19/Mar/2026:14:08:45 +0300] "GET /api/bildirimler/poll?son_kontrol=2026-03-19T13%3A07%3A44.862956%2B02%3A00 HTTP/1.0" 200 112 "https://minibartakip.com/sistem-yoneticisi" "Mozilla/5.0 (Windows NT 10.0; Win64; x64) AppleWebKit/537.36 (KHTML, like Gecko) Chrome/146.0.0.0 Safari/537.36" 12999
88.231.129.62 - - [19/Mar/2026:14:08:52 +0300] "GET /api/dolum-talepleri HTTP/1.0" 200 41 "https://minibartakip.com/sistem-yoneticisi" "Mozilla/5.0 (Windows NT 10.0; Win64; x64) AppleWebKit/537.36 (KHTML, like Gecko) Chrome/146.0.0.0 Safari/537.36" 10167
88.231.129.62 - - [19/Mar/2026:14:08:52 +0300] "GET /api/bekleyen-dolum-sayisi HTTP/1.0" 200 27 "https://minibartakip.com/sistem-yoneticisi" "Mozilla/5.0 (Windows NT 10.0; Win64; x64) AppleWebKit/537.36 (KHTML, like Gecko) Chrome/146.0.0.0 Safari/537.36" 16591
88.231.129.62 - - [19/Mar/2026:14:08:52 +0300] "GET /api/son-aktiviteler?limit=10 HTTP/1.0" 200 2822 "https://minibartakip.com/sistem-yoneticisi" "Mozilla/5.0 (Windows NT 10.0; Win64; x64) AppleWebKit/537.36 (KHTML, like Gecko) Chrome/146.0.0.0 Safari/537.36" 22622
127.0.0.1 - - [19/Mar/2026:14:08:54 +0300] "GET /health HTTP/1.1" 200 244 "-" "curl/8.14.1" 5772
88.231.129.62 - - [19/Mar/2026:14:09:05 +0300] "GET /executive-dashboard HTTP/1.0" 200 106891 "https://minibartakip.com/sistem-yoneticisi" "Mozilla/5.0 (Windows NT 10.0; Win64; x64) AppleWebKit/537.36 (KHTML, like Gecko) Chrome/146.0.0.0 Safari/537.36" 10272121
88.231.129.62 - - [19/Mar/2026:14:09:06 +0300] "GET /static/js/executive_dashboard.js?v=1.1.87 HTTP/1.0" 200 0 "https://minibartakip.com/executive-dashboard" "Mozilla/5.0 (Windows NT 10.0; Win64; x64) AppleWebKit/537.36 (KHTML, like Gecko) Chrome/146.0.0.0 Safari/537.36" 3901
88.231.129.62 - - [19/Mar/2026:14:09:06 +0300] "GET /static/css/executive-dashboard.css?v=1.1.87 HTTP/1.0" 200 0 "https://minibartakip.com/executive-dashboard" "Mozilla/5.0 (Windows NT 10.0; Win64; x64) AppleWebKit/537.36 (KHTML, like Gecko) Chrome/146.0.0.0 Safari/537.36" 5926
88.231.129.62 - - [19/Mar/2026:14:09:06 +0300] "GET /api/bildirimler?limit=20 HTTP/1.0" 200 55 "https://minibartakip.com/executive-dashboard" "Mozilla/5.0 (Windows NT 10.0; Win64; x64) AppleWebKit/537.36 (KHTML, like Gecko) Chrome/146.0.0.0 Safari/537.36" 10178
88.231.129.62 - - [19/Mar/2026:14:09:06 +0300] "GET /api/executive/summary-cards HTTP/1.0" 200 144 "https://minibartakip.com/executive-dashboard" "Mozilla/5.0 (Windows NT 10.0; Win64; x64) AppleWebKit/537.36 (KHTML, like Gecko) Chrome/146.0.0.0 Safari/537.36" 92529
88.231.129.62 - - [19/Mar/2026:14:09:10 +0300] "GET /api/executive/top-products?period=today HTTP/1.0" 200 393 "https://minibartakip.com/executive-dashboard" "Mozilla/5.0 (Windows NT 10.0; Win64; x64) AppleWebKit/537.36 (KHTML, like Gecko) Chrome/146.0.0.0 Safari/537.36" 3110176
88.231.129.62 - - [19/Mar/2026:14:09:10 +0300] "GET /api/executive/hourly-activity?period=today HTTP/1.0" 200 291 "https://minibartakip.com/executive-dashboard" "Mozilla/5.0 (Windows NT 10.0; Win64; x64) AppleWebKit/537.36 (KHTML, like Gecko) Chrome/146.0.0.0 Safari/537.36" 3119749
88.231.129.62 - - [19/Mar/2026:14:09:11 +0300] "GET /api/executive/room-controls?period=today HTTP/1.0" 200 60 "https://minibartakip.com/executive-dashboard" "Mozilla/5.0 (Windows NT 10.0; Win64; x64) AppleWebKit/537.36 (KHTML, like Gecko) Chrome/146.0.0.0 Safari/537.36" 4702446
88.231.129.62 - - [19/Mar/2026:14:09:11 +0300] "GET /api/executive/consumption-trends?period=today HTTP/1.0" 200 59 "https://minibartakip.com/executive-dashboard" "Mozilla/5.0 (Windows NT 10.0; Win64; x64) AppleWebKit/537.36 (KHTML, like Gecko) Chrome/146.0.0.0 Safari/537.36" 4446510
88.231.129.62 - - [19/Mar/2026:14:09:13 +0300] "GET /api/executive/task-completion?period=today HTTP/1.0" 200 222 "https://minibartakip.com/executive-dashboard" "Mozilla/5.0 (Windows NT 10.0; Win64; x64) AppleWebKit/537.36 (KHTML, like Gecko) Chrome/146.0.0.0 Safari/537.36" 5901846
88.231.129.62 - - [19/Mar/2026:14:09:14 +0300] "GET /api/executive/activity-feed?limit=30 HTTP/1.0" 200 6759 "https://minibartakip.com/executive-dashboard" "Mozilla/5.0 (Windows NT 10.0; Win64; x64) AppleWebKit/537.36 (KHTML, like Gecko) Chrome/146.0.0.0 Safari/537.36" 3362901
88.231.129.62 - - [19/Mar/2026:14:09:14 +0300] "GET /api/executive/hotel-comparison?period=today HTTP/1.0" 200 282 "https://minibartakip.com/executive-dashboard" "Mozilla/5.0 (Windows NT 10.0; Win64; x64) AppleWebKit/537.36 (KHTML, like Gecko) Chrome/146.0.0.0 Safari/537.36" 7792309
88.231.129.62 - - [19/Mar/2026:14:09:21 +0300] "GET /api/executive/activity-feed?limit=30 HTTP/1.0" 200 6759 "https://minibartakip.com/executive-dashboard" "Mozilla/5.0 (Windows NT 10.0; Win64; x64) AppleWebKit/537.36 (KHTML, like Gecko) Chrome/146.0.0.0 Safari/537.36" 47400
127.0.0.1 - - [19/Mar/2026:14:09:24 +0300] "GET /health HTTP/1.1" 200 243 "-" "curl/8.14.1" 4579
88.231.129.62 - - [19/Mar/2026:14:09:34 +0300] "GET /system-monitor HTTP/1.0" 200 90518 "https://minibartakip.com/executive-dashboard" "Mozilla/5.0 (Windows NT 10.0; Win64; x64) AppleWebKit/537.36 (KHTML, like Gecko) Chrome/146.0.0.0 Safari/537.36" 45628
88.231.129.62 - - [19/Mar/2026:14:09:34 +0300] "GET /static/css/system_monitor.css?v=1.1.87 HTTP/1.0" 304 0 "https://minibartakip.com/system-monitor" "Mozilla/5.0 (Windows NT 10.0; Win64; x64) AppleWebKit/537.36 (KHTML, like Gecko) Chrome/146.0.0.0 Safari/537.36" 2766
88.231.129.62 - - [19/Mar/2026:14:09:34 +0300] "GET /static/js/system_monitor.js?v=1.1.87 HTTP/1.0" 304 0 "https://minibartakip.com/system-monitor" "Mozilla/5.0 (Windows NT 10.0; Win64; x64) AppleWebKit/537.36 (KHTML, like Gecko) Chrome/146.0.0.0 Safari/537.36" 2695
88.231.129.62 - - [19/Mar/2026:14:09:34 +0300] "GET /api/bildirimler?limit=20 HTTP/1.0" 200 55 "https://minibartakip.com/system-monitor" "Mozilla/5.0 (Windows NT 10.0; Win64; x64) AppleWebKit/537.36 (KHTML, like Gecko) Chrome/146.0.0.0 Safari/537.36" 12931
88.231.129.62 - - [19/Mar/2026:14:09:34 +0300] "GET /api/system-monitor/endpoints?sort=avg_time HTTP/1.0" 200 4367 "https://minibartakip.com/system-monitor" "Mozilla/5.0 (Windows NT 10.0; Win64; x64) AppleWebKit/537.36 (KHTML, like Gecko) Chrome/146.0.0.0 Safari/537.36" 2925
88.231.129.62 - - [19/Mar/2026:14:09:34 +0300] "GET /api/system-monitor/error-log?limit=50 HTTP/1.0" 200 37 "https://minibartakip.com/system-monitor" "Mozilla/5.0 (Windows NT 10.0; Win64; x64) AppleWebKit/537.36 (KHTML, like Gecko) Chrome/146.0.0.0 Safari/537.36" 2526
88.231.129.62 - - [19/Mar/2026:14:09:35 +0300] "GET /api/system-monitor/db-stats HTTP/1.0" 200 771 "https://minibartakip.com/system-monitor" "Mozilla/5.0 (Windows NT 10.0; Win64; x64) AppleWebKit/537.36 (KHTML, like Gecko) Chrome/146.0.0.0 Safari/537.36" 144241
88.231.129.62 - - [19/Mar/2026:14:09:35 +0300] "GET /api/system-monitor/overview HTTP/1.0" 200 452 "https://minibartakip.com/system-monitor" "Mozilla/5.0 (Windows NT 10.0; Win64; x64) AppleWebKit/537.36 (KHTML, like Gecko) Chrome/146.0.0.0 Safari/537.36" 524840
88.231.129.62 - - [19/Mar/2026:14:09:44 +0300] "GET /api/system-monitor/endpoints?sort=avg_time HTTP/1.0" 200 4908 "https://minibartakip.com/system-monitor" "Mozilla/5.0 (Windows NT 10.0; Win64; x64) AppleWebKit/537.36 (KHTML, like Gecko) Chrome/146.0.0.0 Safari/537.36" 3687
88.231.129.62 - - [19/Mar/2026:14:09:44 +0300] "GET /api/system-monitor/error-log?limit=50 HTTP/1.0" 200 37 "https://minibartakip.com/system-monitor" "Mozilla/5.0 (Windows NT 10.0; Win64; x64) AppleWebKit/537.36 (KHTML, like Gecko) Chrome/146.0.0.0 Safari/537.36" 2202
88.231.129.62 - - [19/Mar/2026:14:09:45 +0300] "GET /api/system-monitor/db-stats HTTP/1.0" 200 771 "https://minibartakip.com/system-monitor" "Mozilla/5.0 (Windows NT 10.0; Win64; x64) AppleWebKit/537.36 (KHTML, like Gecko) Chrome/146.0.0.0 Safari/537.36" 144690
88.231.129.62 - - [19/Mar/2026:14:09:45 +0300] "GET /api/system-monitor/overview HTTP/1.0" 200 452 "https://minibartakip.com/system-monitor" "Mozilla/5.0 (Windows NT 10.0; Win64; x64) AppleWebKit/537.36 (KHTML, like Gecko) Chrome/146.0.0.0 Safari/537.36" 515697
127.0.0.1 - - [19/Mar/2026:14:09:54 +0300] "GET /health HTTP/1.1" 200 244 "-" "curl/8.14.1" 4796
88.231.129.62 - - [19/Mar/2026:14:09:55 +0300] "GET /api/system-monitor/error-log?limit=50 HTTP/1.0" 200 37 "https://minibartakip.com/system-monitor" "Mozilla/5.0 (Windows NT 10.0; Win64; x64) AppleWebKit/537.36 (KHTML, like Gecko) Chrome/146.0.0.0 Safari/537.36" 2492
88.231.129.62 - - [19/Mar/2026:14:09:55 +0300] "GET /api/system-monitor/endpoints?sort=avg_time HTTP/1.0" 200 4923 "https://minibartakip.com/system-monitor" "Mozilla/5.0 (Windows NT 10.0; Win64; x64) AppleWebKit/537.36 (KHTML, like Gecko) Chrome/146.0.0.0 Safari/537.36" 2856
88.231.129.62 - - [19/Mar/2026:14:09:55 +0300] "GET /api/system-monitor/db-stats HTTP/1.0" 200 771 "https://minibartakip.com/system-monitor" "Mozilla/5.0 (Windows NT 10.0; Win64; x64) AppleWebKit/537.36 (KHTML, like Gecko) Chrome/146.0.0.0 Safari/537.36" 142646
88.231.129.62 - - [19/Mar/2026:14:09:56 +0300] "GET /api/system-monitor/overview HTTP/1.0" 200 452 "https://minibartakip.com/system-monitor" "Mozilla/5.0 (Windows NT 10.0; Win64; x64) AppleWebKit/537.36 (KHTML, like Gecko) Chrome/146.0.0.0 Safari/537.36" 523454
88.231.129.62 - - [19/Mar/2026:14:10:04 +0300] "GET /api/system-monitor/endpoints?sort=avg_time HTTP/1.0" 200 4627 "https://minibartakip.com/system-monitor" "Mozilla/5.0 (Windows NT 10.0; Win64; x64) AppleWebKit/537.36 (KHTML, like Gecko) Chrome/146.0.0.0 Safari/537.36" 5009
88.231.129.62 - - [19/Mar/2026:14:10:04 +0300] "GET /api/system-monitor/error-log?limit=50 HTTP/1.0" 200 37 "https://minibartakip.com/system-monitor" "Mozilla/5.0 (Windows NT 10.0; Win64; x64) AppleWebKit/537.36 (KHTML, like Gecko) Chrome/146.0.0.0 Safari/537.36" 2654
88.231.129.62 - - [19/Mar/2026:14:10:05 +0300] "GET /api/system-monitor/db-stats HTTP/1.0" 200 771 "https://minibartakip.com/system-monitor" "Mozilla/5.0 (Windows NT 10.0; Win64; x64) AppleWebKit/537.36 (KHTML, like Gecko) Chrome/146.0.0.0 Safari/537.36" 130640
88.231.129.62 - - [19/Mar/2026:14:10:05 +0300] "GET /api/system-monitor/overview HTTP/1.0" 200 452 "https://minibartakip.com/system-monitor" "Mozilla/5.0 (Windows NT 10.0; Win64; x64) AppleWebKit/537.36 (KHTML, like Gecko) Chrome/146.0.0.0 Safari/537.36" 523390
88.231.129.62 - - [19/Mar/2026:14:10:15 +0300] "GET /api/system-monitor/endpoints?sort=avg_time HTTP/1.0" 200 4932 "https://minibartakip.com/system-monitor" "Mozilla/5.0 (Windows NT 10.0; Win64; x64) AppleWebKit/537.36 (KHTML, like Gecko) Chrome/146.0.0.0 Safari/537.36" 3320
88.231.129.62 - - [19/Mar/2026:14:10:15 +0300] "GET /api/system-monitor/error-log?limit=50 HTTP/1.0" 200 37 "https://minibartakip.com/system-monitor" "Mozilla/5.0 (Windows NT 10.0; Win64; x64) AppleWebKit/537.36 (KHTML, like Gecko) Chrome/146.0.0.0 Safari/537.36" 2556
88.231.129.62 - - [19/Mar/2026:14:10:15 +0300] "GET /api/system-monitor/db-stats HTTP/1.0" 200 771 "https://minibartakip.com/system-monitor" "Mozilla/5.0 (Windows NT 10.0; Win64; x64) AppleWebKit/537.36 (KHTML, like Gecko) Chrome/146.0.0.0 Safari/537.36" 117394
88.231.129.62 - - [19/Mar/2026:14:10:16 +0300] "GET /api/system-monitor/overview HTTP/1.0" 200 451 "https://minibartakip.com/system-monitor" "Mozilla/5.0 (Windows NT 10.0; Win64; x64) AppleWebKit/537.36 (KHTML, like Gecko) Chrome/146.0.0.0 Safari/537.36" 518187
127.0.0.1 - - [19/Mar/2026:14:10:24 +0300] "GET /health HTTP/1.1" 200 244 "-" "curl/8.14.1" 5995
88.231.129.62 - - [19/Mar/2026:14:10:25 +0300] "GET /api/system-monitor/endpoints?sort=avg_time HTTP/1.0" 200 4931 "https://minibartakip.com/system-monitor" "Mozilla/5.0 (Windows NT 10.0; Win64; x64) AppleWebKit/537.36 (KHTML, like Gecko) Chrome/146.0.0.0 Safari/537.36" 3930
88.231.129.62 - - [19/Mar/2026:14:10:25 +0300] "GET /api/system-monitor/error-log?limit=50 HTTP/1.0" 200 37 "https://minibartakip.com/system-monitor" "Mozilla/5.0 (Windows NT 10.0; Win64; x64) AppleWebKit/537.36 (KHTML, like Gecko) Chrome/146.0.0.0 Safari/537.36" 2461
88.231.129.62 - - [19/Mar/2026:14:10:25 +0300] "GET /api/system-monitor/db-stats HTTP/1.0" 200 771 "https://minibartakip.com/system-monitor" "Mozilla/5.0 (Windows NT 10.0; Win64; x64) AppleWebKit/537.36 (KHTML, like Gecko) Chrome/146.0.0.0 Safari/537.36" 157596
88.231.129.62 - - [19/Mar/2026:14:10:26 +0300] "GET /api/system-monitor/overview HTTP/1.0" 200 452 "https://minibartakip.com/system-monitor" "Mozilla/5.0 (Windows NT 10.0; Win64; x64) AppleWebKit/537.36 (KHTML, like Gecko) Chrome/146.0.0.0 Safari/537.36" 511086
178.240.236.6 - - [19/Mar/2026:14:10:26 +0300] "GET /api/dolum-talepleri HTTP/1.0" 200 41 "https://minibartakip.com/sistem-yoneticisi" "Mozilla/5.0 (Linux; Android 10; K) AppleWebKit/537.36 (KHTML, like Gecko) Chrome/146.0.0.0 Mobile Safari/537.36" 8963
178.240.236.6 - - [19/Mar/2026:14:10:26 +0300] "GET /api/son-aktiviteler?limit=10 HTTP/1.0" 200 2822 "https://minibartakip.com/sistem-yoneticisi" "Mozilla/5.0 (Linux; Android 10; K) AppleWebKit/537.36 (KHTML, like Gecko) Chrome/146.0.0.0 Mobile Safari/537.36" 18387
88.231.129.62 - - [19/Mar/2026:14:10:35 +0300] "GET /api/system-monitor/error-log?limit=50 HTTP/1.0" 200 37 "https://minibartakip.com/system-monitor" "Mozilla/5.0 (Windows NT 10.0; Win64; x64) AppleWebKit/537.36 (KHTML, like Gecko) Chrome/146.0.0.0 Safari/537.36" 2026
88.231.129.62 - - [19/Mar/2026:14:10:35 +0300] "GET /api/system-monitor/endpoints?sort=avg_time HTTP/1.0" 200 4627 "https://minibartakip.com/system-monitor" "Mozilla/5.0 (Windows NT 10.0; Win64; x64) AppleWebKit/537.36 (KHTML, like Gecko) Chrome/146.0.0.0 Safari/537.36" 3185
88.231.129.62 - - [19/Mar/2026:14:10:35 +0300] "GET /api/system-monitor/db-stats HTTP/1.0" 200 771 "https://minibartakip.com/system-monitor" "Mozilla/5.0 (Windows NT 10.0; Win64; x64) AppleWebKit/537.36 (KHTML, like Gecko) Chrome/146.0.0.0 Safari/537.36" 142698
88.231.129.62 - - [19/Mar/2026:14:10:36 +0300] "GET /api/system-monitor/overview HTTP/1.0" 200 452 "https://minibartakip.com/system-monitor" "Mozilla/5.0 (Windows NT 10.0; Win64; x64) AppleWebKit/537.36 (KHTML, like Gecko) Chrome/146.0.0.0 Safari/537.36" 509870
88.231.129.62 - - [19/Mar/2026:14:10:45 +0300] "GET /api/system-monitor/endpoints?sort=avg_time HTTP/1.0" 200 4930 "https://minibartakip.com/system-monitor" "Mozilla/5.0 (Windows NT 10.0; Win64; x64) AppleWebKit/537.36 (KHTML, like Gecko) Chrome/146.0.0.0 Safari/537.36" 3448
88.231.129.62 - - [19/Mar/2026:14:10:45 +0300] "GET /api/system-monitor/error-log?limit=50 HTTP/1.0" 200 37 "https://minibartakip.com/system-monitor" "Mozilla/5.0 (Windows NT 10.0; Win64; x64) AppleWebKit/537.36 (KHTML, like Gecko) Chrome/146.0.0.0 Safari/537.36" 4729
88.231.129.62 - - [19/Mar/2026:14:10:45 +0300] "GET /api/system-monitor/db-stats HTTP/1.0" 200 771 "https://minibartakip.com/system-monitor" "Mozilla/5.0 (Windows NT 10.0; Win64; x64) AppleWebKit/537.36 (KHTML, like Gecko) Chrome/146.0.0.0 Safari/537.36" 122202
88.231.129.62 - - [19/Mar/2026:14:10:46 +0300] "GET /api/system-monitor/overview HTTP/1.0" 200 452 "https://minibartakip.com/system-monitor" "Mozilla/5.0 (Windows NT 10.0; Win64; x64) AppleWebKit/537.36 (KHTML, like Gecko) Chrome/146.0.0.0 Safari/537.36" 508612
127.0.0.1 - - [19/Mar/2026:14:10:55 +0300] "GET /health HTTP/1.1" 200 243 "-" "curl/8.14.1" 5049
88.231.129.62 - - [19/Mar/2026:14:10:55 +0300] "GET /api/system-monitor/endpoints?sort=avg_time HTTP/1.0" 200 4628 "https://minibartakip.com/system-monitor" "Mozilla/5.0 (Windows NT 10.0; Win64; x64) AppleWebKit/537.36 (KHTML, like Gecko) Chrome/146.0.0.0 Safari/537.36" 3697
88.231.129.62 - - [19/Mar/2026:14:10:55 +0300] "GET /api/system-monitor/error-log?limit=50 HTTP/1.0" 200 37 "https://minibartakip.com/system-monitor" "Mozilla/5.0 (Windows NT 10.0; Win64; x64) AppleWebKit/537.36 (KHTML, like Gecko) Chrome/146.0.0.0 Safari/537.36" 2107
88.231.129.62 - - [19/Mar/2026:14:10:55 +0300] "GET /api/system-monitor/db-stats HTTP/1.0" 200 771 "https://minibartakip.com/system-monitor" "Mozilla/5.0 (Windows NT 10.0; Win64; x64) AppleWebKit/537.36 (KHTML, like Gecko) Chrome/146.0.0.0 Safari/537.36" 137940
88.231.129.62 - - [19/Mar/2026:14:10:56 +0300] "GET /api/system-monitor/overview HTTP/1.0" 200 452 "https://minibartakip.com/system-monitor" "Mozilla/5.0 (Windows NT 10.0; Win64; x64) AppleWebKit/537.36 (KHTML, like Gecko) Chrome/146.0.0.0 Safari/537.36" 512987
88.231.129.62 - - [19/Mar/2026:14:11:05 +0300] "GET /api/system-monitor/endpoints?sort=avg_time HTTP/1.0" 200 4628 "https://minibartakip.com/system-monitor" "Mozilla/5.0 (Windows NT 10.0; Win64; x64) AppleWebKit/537.36 (KHTML, like Gecko) Chrome/146.0.0.0 Safari/537.36" 4506
88.231.129.62 - - [19/Mar/2026:14:11:05 +0300] "GET /api/system-monitor/error-log?limit=50 HTTP/1.0" 200 37 "https://minibartakip.com/system-monitor" "Mozilla/5.0 (Windows NT 10.0; Win64; x64) AppleWebKit/537.36 (KHTML, like Gecko) Chrome/146.0.0.0 Safari/537.36" 5205
88.231.129.62 - - [19/Mar/2026:14:11:06 +0300] "GET /api/system-monitor/db-stats HTTP/1.0" 200 771 "https://minibartakip.com/system-monitor" "Mozilla/5.0 (Windows NT 10.0; Win64; x64) AppleWebKit/537.36 (KHTML, like Gecko) Chrome/146.0.0.0 Safari/537.36" 122990
88.231.129.62 - - [19/Mar/2026:14:11:06 +0300] "GET /api/system-monitor/overview HTTP/1.0" 200 452 "https://minibartakip.com/system-monitor" "Mozilla/5.0 (Windows NT 10.0; Win64; x64) AppleWebKit/537.36 (KHTML, like Gecko) Chrome/146.0.0.0 Safari/537.36" 516792
127.0.0.1 - - [19/Mar/2026:14:11:25 +0300] "GET /health HTTP/1.1" 200 243 "-" "curl/8.14.1" 4084
88.231.129.62 - - [19/Mar/2026:14:11:38 +0300] "GET /api/system-monitor/endpoints?sort=avg_time HTTP/1.0" 200 4928 "https://minibartakip.com/system-monitor" "Mozilla/5.0 (Windows NT 10.0; Win64; x64) AppleWebKit/537.36 (KHTML, like Gecko) Chrome/146.0.0.0 Safari/537.36" 2415
88.231.129.62 - - [19/Mar/2026:14:11:38 +0300] "GET /api/system-monitor/error-log?limit=50 HTTP/1.0" 200 37 "https://minibartakip.com/system-monitor" "Mozilla/5.0 (Windows NT 10.0; Win64; x64) AppleWebKit/537.36 (KHTML, like Gecko) Chrome/146.0.0.0 Safari/537.36" 2023
88.231.129.62 - - [19/Mar/2026:14:11:39 +0300] "GET /api/system-monitor/db-stats HTTP/1.0" 200 771 "https://minibartakip.com/system-monitor" "Mozilla/5.0 (Windows NT 10.0; Win64; x64) AppleWebKit/537.36 (KHTML, like Gecko) Chrome/146.0.0.0 Safari/537.36" 131774
88.231.129.62 - - [19/Mar/2026:14:11:39 +0300] "GET /api/system-monitor/overview HTTP/1.0" 200 451 "https://minibartakip.com/system-monitor" "Mozilla/5.0 (Windows NT 10.0; Win64; x64) AppleWebKit/537.36 (KHTML, like Gecko) Chrome/146.0.0.0 Safari/537.36" 512703
127.0.0.1 - - [19/Mar/2026:14:11:55 +0300] "GET /health HTTP/1.1" 200 244 "-" "curl/8.14.1" 4193
127.0.0.1 - - [19/Mar/2026:14:12:25 +0300] "GET /health HTTP/1.1" 200 243 "-" "curl/8.14.1" 4718
88.231.129.62 - - [19/Mar/2026:14:12:38 +0300] "GET /api/system-monitor/endpoints?sort=avg_time HTTP/1.0" 200 4932 "https://minibartakip.com/system-monitor" "Mozilla/5.0 (Windows NT 10.0; Win64; x64) AppleWebKit/537.36 (KHTML, like Gecko) Chrome/146.0.0.0 Safari/537.36" 4084
88.231.129.62 - - [19/Mar/2026:14:12:38 +0300] "GET /api/system-monitor/error-log?limit=50 HTTP/1.0" 200 37 "https://minibartakip.com/system-monitor" "Mozilla/5.0 (Windows NT 10.0; Win64; x64) AppleWebKit/537.36 (KHTML, like Gecko) Chrome/146.0.0.0 Safari/537.36" 4030
88.231.129.62 - - [19/Mar/2026:14:12:39 +0300] "GET /api/system-monitor/db-stats HTTP/1.0" 200 771 "https://minibartakip.com/system-monitor" "Mozilla/5.0 (Windows NT 10.0; Win64; x64) AppleWebKit/537.36 (KHTML, like Gecko) Chrome/146.0.0.0 Safari/537.36" 27372
88.231.129.62 - - [19/Mar/2026:14:12:39 +0300] "GET /api/system-monitor/overview HTTP/1.0" 200 451 "https://minibartakip.com/system-monitor" "Mozilla/5.0 (Windows NT 10.0; Win64; x64) AppleWebKit/537.36 (KHTML, like Gecko) Chrome/146.0.0.0 Safari/537.36" 508618
127.0.0.1 - - [19/Mar/2026:14:12:55 +0300] "GET /health HTTP/1.1" 200 244 "-" "curl/8.14.1" 4596
127.0.0.1 - - [19/Mar/2026:14:13:25 +0300] "GET /health HTTP/1.1" 200 243 "-" "curl/8.14.1" 6330
88.231.129.62 - - [19/Mar/2026:14:13:38 +0300] "GET /api/system-monitor/error-log?limit=50 HTTP/1.0" 200 37 "https://minibartakip.com/system-monitor" "Mozilla/5.0 (Windows NT 10.0; Win64; x64) AppleWebKit/537.36 (KHTML, like Gecko) Chrome/146.0.0.0 Safari/537.36" 3369
88.231.129.62 - - [19/Mar/2026:14:13:38 +0300] "GET /api/system-monitor/endpoints?sort=avg_time HTTP/1.0" 200 4632 "https://minibartakip.com/system-monitor" "Mozilla/5.0 (Windows NT 10.0; Win64; x64) AppleWebKit/537.36 (KHTML, like Gecko) Chrome/146.0.0.0 Safari/537.36" 4450
88.231.129.62 - - [19/Mar/2026:14:13:38 +0300] "GET /api/system-monitor/db-stats HTTP/1.0" 200 771 "https://minibartakip.com/system-monitor" "Mozilla/5.0 (Windows NT 10.0; Win64; x64) AppleWebKit/537.36 (KHTML, like Gecko) Chrome/146.0.0.0 Safari/537.36" 33816
88.231.129.62 - - [19/Mar/2026:14:13:39 +0300] "GET /api/system-monitor/overview HTTP/1.0" 200 451 "https://minibartakip.com/system-monitor" "Mozilla/5.0 (Windows NT 10.0; Win64; x64) AppleWebKit/537.36 (KHTML, like Gecko) Chrome/146.0.0.0 Safari/537.36" 509796
127.0.0.1 - - [19/Mar/2026:14:13:55 +0300] "GET /health HTTP/1.1" 200 244 "-" "curl/8.14.1" 4309
127.0.0.1 - - [19/Mar/2026:14:14:25 +0300] "GET /health HTTP/1.1" 200 243 "-" "curl/8.14.1" 4281
88.231.129.62 - - [19/Mar/2026:14:14:38 +0300] "GET /api/system-monitor/endpoints?sort=avg_time HTTP/1.0" 200 4930 "https://minibartakip.com/system-monitor" "Mozilla/5.0 (Windows NT 10.0; Win64; x64) AppleWebKit/537.36 (KHTML, like Gecko) Chrome/146.0.0.0 Safari/537.36" 2899
