94.78.89.124 - - [19/Mar/2026:14:35:05 +0300] "GET /static/js/tema_secenekleri.js?v=1.1.87 HTTP/1.0" 200 0 "https://minibartakip.com/kat-sorumlusu/oda-kontrol?kat_id=24&oda_id=1596&from_kat_detay=1" "Mozilla/5.0 (Windows NT 10.0; Win64; x64) AppleWebKit/537.36 (KHTML, like Gecko) Chrome/144.0.0.0 Safari/537.36" 4216
94.78.89.124 - - [19/Mar/2026:14:35:05 +0300] "GET /api/bildirimler?limit=20 HTTP/1.0" 200 2016 "https://minibartakip.com/kat-sorumlusu/oda-kontrol?kat_id=24&oda_id=1596&from_kat_detay=1" "Mozilla/5.0 (Windows NT 10.0; Win64; x64) AppleWebKit/537.36 (KHTML, like Gecko) Chrome/144.0.0.0 Safari/537.36" 9599
94.78.89.124 - - [19/Mar/2026:14:35:05 +0300] "GET /gorevler/api/bekleyen HTTP/1.0" 200 49 "https://minibartakip.com/kat-sorumlusu/oda-kontrol?kat_id=24&oda_id=1596&from_kat_detay=1" "Mozilla/5.0 (Windows NT 10.0; Win64; x64) AppleWebKit/537.36 (KHTML, like Gecko) Chrome/144.0.0.0 Safari/537.36" 16546
94.78.89.124 - - [19/Mar/2026:14:35:05 +0300] "GET /kat-odalari?kat_id=24 HTTP/1.0" 200 1000 "https://minibartakip.com/kat-sorumlusu/oda-kontrol?kat_id=24&oda_id=1596&from_kat_detay=1" "Mozilla/5.0 (Windows NT 10.0; Win64; x64) AppleWebKit/537.36 (KHTML, like Gecko) Chrome/144.0.0.0 Safari/537.36" 24222
94.78.89.124 - - [19/Mar/2026:14:35:05 +0300] "GET /static/icons/android/android-launchericon-144-144.png HTTP/1.0" 304 0 "https://minibartakip.com/kat-sorumlusu/oda-kontrol?kat_id=24&oda_id=1596&from_kat_detay=1" "Mozilla/5.0 (Windows NT 10.0; Win64; x64) AppleWebKit/537.36 (KHTML, like Gecko) Chrome/144.0.0.0 Safari/537.36" 2287
94.78.89.124 - - [19/Mar/2026:14:35:06 +0300] "GET /api/kat-sorumlusu/bugun-eklemeler/1596 HTTP/1.0" 200 32 "https://minibartakip.com/kat-sorumlusu/oda-kontrol?kat_id=24&oda_id=1596&from_kat_detay=1" "Mozilla/5.0 (Windows NT 10.0; Win64; x64) AppleWebKit/537.36 (KHTML, like Gecko) Chrome/144.0.0.0 Safari/537.36" 7962
94.78.89.124 - - [19/Mar/2026:14:35:06 +0300] "GET /api/kat-sorumlusu/oda-setup/1596 HTTP/1.0" 200 7298 "https://minibartakip.com/kat-sorumlusu/oda-kontrol?kat_id=24&oda_id=1596&from_kat_detay=1" "Mozilla/5.0 (Windows NT 10.0; Win64; x64) AppleWebKit/537.36 (KHTML, like Gecko) Chrome/144.0.0.0 Safari/537.36" 93536
88.231.129.62 - - [19/Mar/2026:14:35:06 +0300] "GET /api/executive/kpi?period=today HTTP/1.0" 200 229 "https://minibartakip.com/executive-dashboard" "Mozilla/5.0 (Windows NT 10.0; Win64; x64) AppleWebKit/537.36 (KHTML, like Gecko) Chrome/146.0.0.0 Safari/537.36" 6328
88.231.129.62 - - [19/Mar/2026:14:35:06 +0300] "GET /api/executive/consumption-trends?period=today HTTP/1.0" 200 60 "https://minibartakip.com/executive-dashboard" "Mozilla/5.0 (Windows NT 10.0; Win64; x64) AppleWebKit/537.36 (KHTML, like Gecko) Chrome/146.0.0.0 Safari/537.36" 5533
88.231.129.62 - - [19/Mar/2026:14:35:06 +0300] "GET /api/bildirimler/poll?son_kontrol=2026-03-19T11%3A34%3A05.820Z HTTP/1.0" 200 112 "https://minibartakip.com/executive-dashboard" "Mozilla/5.0 (Windows NT 10.0; Win64; x64) AppleWebKit/537.36 (KHTML, like Gecko) Chrome/146.0.0.0 Safari/537.36" 15192
88.231.129.62 - - [19/Mar/2026:14:35:07 +0300] "GET /api/executive/top-products?period=today HTTP/1.0" 200 394 "https://minibartakip.com/executive-dashboard" "Mozilla/5.0 (Windows NT 10.0; Win64; x64) AppleWebKit/537.36 (KHTML, like Gecko) Chrome/146.0.0.0 Safari/537.36" 2695
88.231.129.62 - - [19/Mar/2026:14:35:07 +0300] "GET /api/executive/room-controls?period=today HTTP/1.0" 200 60 "https://minibartakip.com/executive-dashboard" "Mozilla/5.0 (Windows NT 10.0; Win64; x64) AppleWebKit/537.36 (KHTML, like Gecko) Chrome/146.0.0.0 Safari/537.36" 12717
88.231.129.62 - - [19/Mar/2026:14:35:08 +0300] "GET /api/executive/hourly-activity?period=today HTTP/1.0" 200 292 "https://minibartakip.com/executive-dashboard" "Mozilla/5.0 (Windows NT 10.0; Win64; x64) AppleWebKit/537.36 (KHTML, like Gecko) Chrome/146.0.0.0 Safari/537.36" 743929
88.231.129.62 - - [19/Mar/2026:14:35:09 +0300] "GET /api/executive/summary-cards HTTP/1.0" 200 144 "https://minibartakip.com/executive-dashboard" "Mozilla/5.0 (Windows NT 10.0; Win64; x64) AppleWebKit/537.36 (KHTML, like Gecko) Chrome/146.0.0.0 Safari/537.36" 2493859
88.231.129.62 - - [19/Mar/2026:14:35:11 +0300] "GET /api/executive/activity-feed?limit=30 HTTP/1.0" 200 6479 "https://minibartakip.com/executive-dashboard" "Mozilla/5.0 (Windows NT 10.0; Win64; x64) AppleWebKit/537.36 (KHTML, like Gecko) Chrome/146.0.0.0 Safari/537.36" 2401301
88.231.129.62 - - [19/Mar/2026:14:35:11 +0300] "GET /api/executive/task-completion?period=today HTTP/1.0" 200 222 "https://minibartakip.com/executive-dashboard" "Mozilla/5.0 (Windows NT 10.0; Win64; x64) AppleWebKit/537.36 (KHTML, like Gecko) Chrome/146.0.0.0 Safari/537.36" 3165150
88.231.129.62 - - [19/Mar/2026:14:35:14 +0300] "GET /api/executive/hotel-comparison?period=today HTTP/1.0" 200 283 "https://minibartakip.com/executive-dashboard" "Mozilla/5.0 (Windows NT 10.0; Win64; x64) AppleWebKit/537.36 (KHTML, like Gecko) Chrome/146.0.0.0 Safari/537.36" 6721159
88.231.129.62 - - [19/Mar/2026:14:35:16 +0300] "GET /api/executive/activity-feed?limit=30 HTTP/1.0" 200 6479 "https://minibartakip.com/executive-dashboard" "Mozilla/5.0 (Windows NT 10.0; Win64; x64) AppleWebKit/537.36 (KHTML, like Gecko) Chrome/146.0.0.0 Safari/537.36" 1398527
94.78.89.124 - - [19/Mar/2026:14:35:18 +0300] "GET /kat-doluluk/24 HTTP/1.0" 200 150612 "https://minibartakip.com/kat-sorumlusu/oda-kontrol" "Mozilla/5.0 (Windows NT 10.0; Win64; x64) AppleWebKit/537.36 (KHTML, like Gecko) Chrome/144.0.0.0 Safari/537.36" 9521981
94.78.89.124 - - [19/Mar/2026:14:35:19 +0300] "GET /static/icons/android/android-launchericon-144-144.png HTTP/1.0" 304 0 "https://minibartakip.com/kat-doluluk/24" "Mozilla/5.0 (Windows NT 10.0; Win64; x64) AppleWebKit/537.36 (KHTML, like Gecko) Chrome/144.0.0.0 Safari/537.36" 6460
94.78.89.124 - - [19/Mar/2026:14:35:20 +0300] "GET /gorevler/api/bekleyen HTTP/1.0" 200 49 "https://minibartakip.com/kat-doluluk/24" "Mozilla/5.0 (Windows NT 10.0; Win64; x64) AppleWebKit/537.36 (KHTML, like Gecko) Chrome/144.0.0.0 Safari/537.36" 869982
94.78.89.124 - - [19/Mar/2026:14:35:20 +0300] "GET /api/bildirimler?limit=20 HTTP/1.0" 200 2016 "https://minibartakip.com/kat-doluluk/24" "Mozilla/5.0 (Windows NT 10.0; Win64; x64) AppleWebKit/537.36 (KHTML, like Gecko) Chrome/144.0.0.0 Safari/537.36" 880344
88.231.129.62 - - [19/Mar/2026:14:35:23 +0300] "GET /api/executive/activity-feed?limit=30 HTTP/1.0" 200 6479 "https://minibartakip.com/executive-dashboard" "Mozilla/5.0 (Windows NT 10.0; Win64; x64) AppleWebKit/537.36 (KHTML, like Gecko) Chrome/146.0.0.0 Safari/537.36" 1768639
94.79.89.124 - - [19/Mar/2026:14:35:25 +0300] "GET /api/kat-sorumlusu/oda-setup/1224 HTTP/1.0" 200 7375 "https://minibartakip.com/kat-sorumlusu/oda-kontrol?kat_id=21&oda_id=1224&from_kat_detay=1" "Mozilla/5.0 (iPhone; CPU iPhone OS 18_7 like Mac OS X) AppleWebKit/605.1.15 (KHTML, like Gecko) Version/26.3 Mobile/15E148 Safari/604.1" 3690611
127.0.0.1 - - [19/Mar/2026:14:35:30 +0300] "GET /health HTTP/1.1" 200 244 "-" "curl/8.14.1" 676426
2026-03-19 14:35:32,738 - root - ERROR - Hata: str - gunluk_doluluk
Modül: expected token 'end of statement block', got '='
URL: https://minibartakip.com/gunluk-doluluk
Kullanıcı: 15
Detay:
Traceback (most recent call last):
  File "/app/routes/doluluk_routes.py", line 146, in gunluk_doluluk
    return render_template("kat_sorumlusu/gunluk_doluluk.html", rapor=rapor, kat_bazli_ozet=kat_bazli_ozet,
           ^^^^^^^^^^^^^^^^^^^^^^^^^^^^^^^^^^^^^^^^^^^^^^^^^^^^^^^^^^^^^^^^^^^^^^^^^^^^^^^^^^^^^^^^^^^^^^^^
  File "/usr/local/lib/python3.11/site-packages/flask/templating.py", line 151, in render_template
    template = app.jinja_env.get_or_select_template(template_name_or_list)
               ^^^^^^^^^^^^^^^^^^^^^^^^^^^^^^^^^^^^^^^^^^^^^^^^^^^^^^^^^^^
  File "/usr/local/lib/python3.11/site-packages/jinja2/environment.py", line 1087, in get_or_select_template
    return self.get_template(template_name_or_list, parent, globals)
           ^^^^^^^^^^^^^^^^^^^^^^^^^^^^^^^^^^^^^^^^^^^^^^^^^^^^^^^^^
  File "/usr/local/lib/python3.11/site-packages/jinja2/environment.py", line 1016, in get_template
    return self._load_template(name, globals)
           ^^^^^^^^^^^^^^^^^^^^^^^^^^^^^^^^^^
  File "/usr/local/lib/python3.11/site-packages/jinja2/environment.py", line 975, in _load_template
    template = self.loader.load(self, name, self.make_globals(globals))
               ^^^^^^^^^^^^^^^^^^^^^^^^^^^^^^^^^^^^^^^^^^^^^^^^^^^^^^^^
  File "/usr/local/lib/python3.11/site-packages/jinja2/loaders.py", line 138, in load
    code = environment.compile(source, name, filename)
           ^^^^^^^^^^^^^^^^^^^^^^^^^^^^^^^^^^^^^^^^^^^
  File "/usr/local/lib/python3.11/site-packages/jinja2/environment.py", line 771, in compile
    self.handle_exception(source=source_hint)
  File "/usr/local/lib/python3.11/site-packages/jinja2/environment.py", line 942, in handle_exception
    raise rewrite_traceback_stack(source=source)
  File "/app/templates/kat_sorumlusu/gunluk_doluluk.html", line 55, in template
    secili_otel_id=""
jinja2.exceptions.TemplateSyntaxError: expected token 'end of statement block', got '='


Ek Bilgiler:
15
94.78.89.124 - - [19/Mar/2026:14:35:32 +0300] "GET /gunluk-doluluk HTTP/1.0" 302 235 "https://minibartakip.com/kat-doluluk/24" "Mozilla/5.0 (Windows NT 10.0; Win64; x64) AppleWebKit/537.36 (KHTML, like Gecko) Chrome/144.0.0.0 Safari/537.36" 9095066
2026-03-19 14:35:35,926 - utils.otel_zimmet_servisleri - INFO - Otel zimmet stok düşüşü: otel_id=1, urun_id=154, miktar=2, personel_id=2, kalan=1951
88.231.129.62 - - [19/Mar/2026:14:35:36 +0300] "GET /api/executive/room-controls?period=today HTTP/1.0" 200 60 "https://minibartakip.com/executive-dashboard" "Mozilla/5.0 (Windows NT 10.0; Win64; x64) AppleWebKit/537.36 (KHTML, like Gecko) Chrome/146.0.0.0 Safari/537.36" 7202
88.231.129.62 - - [19/Mar/2026:14:35:36 +0300] "GET /api/executive/consumption-trends?period=today HTTP/1.0" 200 60 "https://minibartakip.com/executive-dashboard" "Mozilla/5.0 (Windows NT 10.0; Win64; x64) AppleWebKit/537.36 (KHTML, like Gecko) Chrome/146.0.0.0 Safari/537.36" 5241
88.231.129.62 - - [19/Mar/2026:14:35:36 +0300] "GET /api/executive/summary-cards HTTP/1.0" 200 144 "https://minibartakip.com/executive-dashboard" "Mozilla/5.0 (Windows NT 10.0; Win64; x64) AppleWebKit/537.36 (KHTML, like Gecko) Chrome/146.0.0.0 Safari/537.36" 5071
88.231.129.62 - - [19/Mar/2026:14:35:37 +0300] "GET /api/executive/top-products?period=today HTTP/1.0" 200 394 "https://minibartakip.com/executive-dashboard" "Mozilla/5.0 (Windows NT 10.0; Win64; x64) AppleWebKit/537.36 (KHTML, like Gecko) Chrome/146.0.0.0 Safari/537.36" 795955
88.231.129.62 - - [19/Mar/2026:14:35:38 +0300] "GET /api/executive/hourly-activity?period=today HTTP/1.0" 200 292 "https://minibartakip.com/executive-dashboard" "Mozilla/5.0 (Windows NT 10.0; Win64; x64) AppleWebKit/537.36 (KHTML, like Gecko) Chrome/146.0.0.0 Safari/537.36" 2219070
2026-03-19 14:35:39,027 - utils.minibar_servisleri - INFO - Görev tamamlandı: oda_id=1224, gorev_detay_id=51460
88.231.129.62 - - [19/Mar/2026:14:35:41 +0300] "GET /api/executive/activity-feed?limit=30 HTTP/1.0" 200 6422 "https://minibartakip.com/executive-dashboard" "Mozilla/5.0 (Windows NT 10.0; Win64; x64) AppleWebKit/537.36 (KHTML, like Gecko) Chrome/146.0.0.0 Safari/537.36" 3841456
88.231.129.62 - - [19/Mar/2026:14:35:41 +0300] "GET /api/executive/task-completion?period=today HTTP/1.0" 200 222 "https://minibartakip.com/executive-dashboard" "Mozilla/5.0 (Windows NT 10.0; Win64; x64) AppleWebKit/537.36 (KHTML, like Gecko) Chrome/146.0.0.0 Safari/537.36" 3845945
88.231.129.62 - - [19/Mar/2026:14:35:43 +0300] "GET /api/executive/kpi?period=today HTTP/1.0" 200 229 "https://minibartakip.com/executive-dashboard" "Mozilla/5.0 (Windows NT 10.0; Win64; x64) AppleWebKit/537.36 (KHTML, like Gecko) Chrome/146.0.0.0 Safari/537.36" 7135486
88.231.129.62 - - [19/Mar/2026:14:35:43 +0300] "GET /api/executive/hotel-comparison?period=today HTTP/1.0" 200 283 "https://minibartakip.com/executive-dashboard" "Mozilla/5.0 (Windows NT 10.0; Win64; x64) AppleWebKit/537.36 (KHTML, like Gecko) Chrome/146.0.0.0 Safari/537.36" 4916333
88.231.129.62 - - [19/Mar/2026:14:35:43 +0300] "GET /api/executive/activity-feed?limit=30 HTTP/1.0" 200 6422 "https://minibartakip.com/executive-dashboard" "Mozilla/5.0 (Windows NT 10.0; Win64; x64) AppleWebKit/537.36 (KHTML, like Gecko) Chrome/146.0.0.0 Safari/537.36" 1935877
94.79.89.124 - - [19/Mar/2026:14:35:46 +0300] "POST /api/kat-sorumlusu/urun-ekle HTTP/1.0" 200 174 "https://minibartakip.com/kat-sorumlusu/oda-kontrol" "Mozilla/5.0 (iPhone; CPU iPhone OS 18_7 like Mac OS X) AppleWebKit/605.1.15 (KHTML, like Gecko) Version/26.3 Mobile/15E148 Safari/604.1" 12785693
94.78.89.124 - - [19/Mar/2026:14:35:47 +0300] "GET /kat-sorumlusu/dashboard HTTP/1.0" 200 138399 "https://minibartakip.com/kat-doluluk/24" "Mozilla/5.0 (Windows NT 10.0; Win64; x64) AppleWebKit/537.36 (KHTML, like Gecko) Chrome/144.0.0.0 Safari/537.36" 14103701
94.79.89.124 - - [19/Mar/2026:14:35:47 +0300] "POST /api/kat-sorumlusu/kontrol-tamamla HTTP/1.0" 200 120 "https://minibartakip.com/kat-sorumlusu/oda-kontrol" "Mozilla/5.0 (iPhone; CPU iPhone OS 18_7 like Mac OS X) AppleWebKit/605.1.15 (KHTML, like Gecko) Version/26.3 Mobile/15E148 Safari/604.1" 28629
94.78.89.124 - - [19/Mar/2026:14:35:47 +0300] "GET /api/bildirimler?limit=20 HTTP/1.0" 200 2016 "https://minibartakip.com/kat-sorumlusu/dashboard" "Mozilla/5.0 (Windows NT 10.0; Win64; x64) AppleWebKit/537.36 (KHTML, like Gecko) Chrome/144.0.0.0 Safari/537.36" 11470
94.78.89.124 - - [19/Mar/2026:14:35:47 +0300] "GET /api/dolum-talepleri HTTP/1.0" 200 41 "https://minibartakip.com/kat-sorumlusu/dashboard" "Mozilla/5.0 (Windows NT 10.0; Win64; x64) AppleWebKit/537.36 (KHTML, like Gecko) Chrome/144.0.0.0 Safari/537.36" 10244
94.78.89.124 - - [19/Mar/2026:14:35:47 +0300] "GET /gorevler/api/bekleyen HTTP/1.0" 200 49 "https://minibartakip.com/kat-sorumlusu/dashboard" "Mozilla/5.0 (Windows NT 10.0; Win64; x64) AppleWebKit/537.36 (KHTML, like Gecko) Chrome/144.0.0.0 Safari/537.36" 19051
94.78.89.124 - - [19/Mar/2026:14:35:48 +0300] "GET /static/icons/android/android-launchericon-144-144.png HTTP/1.0" 304 0 "https://minibartakip.com/kat-sorumlusu/dashboard" "Mozilla/5.0 (Windows NT 10.0; Win64; x64) AppleWebKit/537.36 (KHTML, like Gecko) Chrome/144.0.0.0 Safari/537.36" 6334
2026-03-19 14:35:49,911 - utils.otel_zimmet_servisleri - INFO - Otel zimmet stok düşüşü: otel_id=1, urun_id=154, miktar=2, personel_id=2, kalan=1949
94.79.89.124 - - [19/Mar/2026:14:35:49 +0300] "POST /api/kat-sorumlusu/urun-ekle HTTP/1.0" 200 145 "https://minibartakip.com/kat-sorumlusu/oda-kontrol" "Mozilla/5.0 (iPhone; CPU iPhone OS 18_7 like Mac OS X) AppleWebKit/605.1.15 (KHTML, like Gecko) Version/26.3 Mobile/15E148 Safari/604.1" 67522
94.79.89.124 - - [19/Mar/2026:14:35:50 +0300] "POST /api/kat-sorumlusu/kontrol-tamamla HTTP/1.0" 200 120 "https://minibartakip.com/kat-sorumlusu/oda-kontrol" "Mozilla/5.0 (iPhone; CPU iPhone OS 18_7 like Mac OS X) AppleWebKit/605.1.15 (KHTML, like Gecko) Version/26.3 Mobile/15E148 Safari/604.1" 218136
88.231.129.62 - - [19/Mar/2026:14:35:52 +0300] "GET /api/executive/activity-feed?limit=30 HTTP/1.0" 200 6455 "https://minibartakip.com/executive-dashboard" "Mozilla/5.0 (Windows NT 10.0; Win64; x64) AppleWebKit/537.36 (KHTML, like Gecko) Chrome/146.0.0.0 Safari/537.36" 849748
94.79.89.124 - - [19/Mar/2026:14:35:54 +0300] "GET /kat-doluluk/21 HTTP/1.0" 200 207020 "-" "Mozilla/5.0 (iPhone; CPU iPhone OS 18_7 like Mac OS X) AppleWebKit/605.1.15 (KHTML, like Gecko) Version/26.3 Mobile/15E148 Safari/604.1" 3872946
94.79.89.124 - - [19/Mar/2026:14:35:55 +0300] "GET /gorevler/api/bekleyen HTTP/1.0" 200 53 "https://minibartakip.com/kat-doluluk/21" "Mozilla/5.0 (iPhone; CPU iPhone OS 18_7 like Mac OS X) AppleWebKit/605.1.15 (KHTML, like Gecko) Version/26.3 Mobile/15E148 Safari/604.1" 24391
94.79.89.124 - - [19/Mar/2026:14:35:55 +0300] "GET /api/bildirimler?limit=20 HTTP/1.0" 200 2016 "https://minibartakip.com/kat-doluluk/21" "Mozilla/5.0 (iPhone; CPU iPhone OS 18_7 like Mac OS X) AppleWebKit/605.1.15 (KHTML, like Gecko) Version/26.3 Mobile/15E148 Safari/604.1" 7059
127.0.0.1 - - [19/Mar/2026:14:36:00 +0300] "GET /health HTTP/1.1" 200 243 "-" "curl/8.14.1" 4549
94.79.89.124 - - [19/Mar/2026:14:36:01 +0300] "GET /kat-sorumlusu/oda-kontrol?kat_id=21&oda_id=1221&from_kat_detay=1 HTTP/1.0" 200 115084 "https://minibartakip.com/kat-doluluk/21" "Mozilla/5.0 (iPhone; CPU iPhone OS 18_7 like Mac OS X) AppleWebKit/605.1.15 (KHTML, like Gecko) Version/26.3 Mobile/15E148 Safari/604.1" 17301
94.79.89.124 - - [19/Mar/2026:14:36:01 +0300] "GET /api/bildirimler?limit=20 HTTP/1.0" 200 2016 "https://minibartakip.com/kat-sorumlusu/oda-kontrol?kat_id=21&oda_id=1221&from_kat_detay=1" "Mozilla/5.0 (iPhone; CPU iPhone OS 18_7 like Mac OS X) AppleWebKit/605.1.15 (KHTML, like Gecko) Version/26.3 Mobile/15E148 Safari/604.1" 6095
94.79.89.124 - - [19/Mar/2026:14:36:01 +0300] "GET /gorevler/api/bekleyen HTTP/1.0" 200 53 "https://minibartakip.com/kat-sorumlusu/oda-kontrol?kat_id=21&oda_id=1221&from_kat_detay=1" "Mozilla/5.0 (iPhone; CPU iPhone OS 18_7 like Mac OS X) AppleWebKit/605.1.15 (KHTML, like Gecko) Version/26.3 Mobile/15E148 Safari/604.1" 24995
94.79.89.124 - - [19/Mar/2026:14:36:01 +0300] "GET /kat-odalari?kat_id=21 HTTP/1.0" 200 1624 "https://minibartakip.com/kat-sorumlusu/oda-kontrol?kat_id=21&oda_id=1221&from_kat_detay=1" "Mozilla/5.0 (iPhone; CPU iPhone OS 18_7 like Mac OS X) AppleWebKit/605.1.15 (KHTML, like Gecko) Version/26.3 Mobile/15E148 Safari/604.1" 26944
94.79.89.124 - - [19/Mar/2026:14:36:02 +0300] "GET /api/kat-sorumlusu/bugun-eklemeler/1221 HTTP/1.0" 200 32 "https://minibartakip.com/kat-sorumlusu/oda-kontrol?kat_id=21&oda_id=1221&from_kat_detay=1" "Mozilla/5.0 (iPhone; CPU iPhone OS 18_7 like Mac OS X) AppleWebKit/605.1.15 (KHTML, like Gecko) Version/26.3 Mobile/15E148 Safari/604.1" 7352
94.79.89.124 - - [19/Mar/2026:14:36:02 +0300] "GET /api/kat-sorumlusu/oda-setup/1221 HTTP/1.0" 200 7371 "https://minibartakip.com/kat-sorumlusu/oda-kontrol?kat_id=21&oda_id=1221&from_kat_detay=1" "Mozilla/5.0 (iPhone; CPU iPhone OS 18_7 like Mac OS X) AppleWebKit/605.1.15 (KHTML, like Gecko) Version/26.3 Mobile/15E148 Safari/604.1" 261586
88.231.129.62 - - [19/Mar/2026:14:36:07 +0300] "GET /api/executive/kpi?period=today HTTP/1.0" 200 229 "https://minibartakip.com/executive-dashboard" "Mozilla/5.0 (Windows NT 10.0; Win64; x64) AppleWebKit/537.36 (KHTML, like Gecko) Chrome/146.0.0.0 Safari/537.36" 12722
88.231.129.62 - - [19/Mar/2026:14:36:07 +0300] "GET /api/executive/room-controls?period=today HTTP/1.0" 200 60 "https://minibartakip.com/executive-dashboard" "Mozilla/5.0 (Windows NT 10.0; Win64; x64) AppleWebKit/537.36 (KHTML, like Gecko) Chrome/146.0.0.0 Safari/537.36" 11653
88.231.129.62 - - [19/Mar/2026:14:36:07 +0300] "GET /api/bildirimler/poll?son_kontrol=2026-03-19T13%3A35%3A06.971510%2B02%3A00 HTTP/1.0" 200 112 "https://minibartakip.com/executive-dashboard" "Mozilla/5.0 (Windows NT 10.0; Win64; x64) AppleWebKit/537.36 (KHTML, like Gecko) Chrome/146.0.0.0 Safari/537.36" 14180
88.231.129.62 - - [19/Mar/2026:14:36:07 +0300] "GET /api/executive/top-products?period=today HTTP/1.0" 200 394 "https://minibartakip.com/executive-dashboard" "Mozilla/5.0 (Windows NT 10.0; Win64; x64) AppleWebKit/537.36 (KHTML, like Gecko) Chrome/146.0.0.0 Safari/537.36" 18007
88.231.129.62 - - [19/Mar/2026:14:36:07 +0300] "GET /api/executive/consumption-trends?period=today HTTP/1.0" 200 60 "https://minibartakip.com/executive-dashboard" "Mozilla/5.0 (Windows NT 10.0; Win64; x64) AppleWebKit/537.36 (KHTML, like Gecko) Chrome/146.0.0.0 Safari/537.36" 15379
88.231.129.62 - - [19/Mar/2026:14:36:07 +0300] "GET /api/executive/hourly-activity?period=today HTTP/1.0" 200 292 "https://minibartakip.com/executive-dashboard" "Mozilla/5.0 (Windows NT 10.0; Win64; x64) AppleWebKit/537.36 (KHTML, like Gecko) Chrome/146.0.0.0 Safari/537.36" 28805
88.231.129.62 - - [19/Mar/2026:14:36:07 +0300] "GET /api/executive/summary-cards HTTP/1.0" 200 144 "https://minibartakip.com/executive-dashboard" "Mozilla/5.0 (Windows NT 10.0; Win64; x64) AppleWebKit/537.36 (KHTML, like Gecko) Chrome/146.0.0.0 Safari/537.36" 72855
88.231.129.62 - - [19/Mar/2026:14:36:08 +0300] "GET /api/executive/activity-feed?limit=30 HTTP/1.0" 200 6437 "https://minibartakip.com/executive-dashboard" "Mozilla/5.0 (Windows NT 10.0; Win64; x64) AppleWebKit/537.36 (KHTML, like Gecko) Chrome/146.0.0.0 Safari/537.36" 1199840
88.231.129.62 - - [19/Mar/2026:14:36:08 +0300] "GET /api/executive/task-completion?period=today HTTP/1.0" 200 222 "https://minibartakip.com/executive-dashboard" "Mozilla/5.0 (Windows NT 10.0; Win64; x64) AppleWebKit/537.36 (KHTML, like Gecko) Chrome/146.0.0.0 Safari/537.36" 1210065
88.231.129.62 - - [19/Mar/2026:14:36:08 +0300] "GET /api/executive/hotel-comparison?period=today HTTP/1.0" 200 283 "https://minibartakip.com/executive-dashboard" "Mozilla/5.0 (Windows NT 10.0; Win64; x64) AppleWebKit/537.36 (KHTML, like Gecko) Chrome/146.0.0.0 Safari/537.36" 1698527
88.231.129.62 - - [19/Mar/2026:14:36:09 +0300] "GET /api/executive/activity-feed?limit=30 HTTP/1.0" 200 6437 "https://minibartakip.com/executive-dashboard" "Mozilla/5.0 (Windows NT 10.0; Win64; x64) AppleWebKit/537.36 (KHTML, like Gecko) Chrome/146.0.0.0 Safari/537.36" 796357
94.78.89.124 - - [19/Mar/2026:14:36:17 +0300] "GET /api/dolum-talepleri HTTP/1.0" 200 41 "https://minibartakip.com/kat-sorumlusu/dashboard" "Mozilla/5.0 (Windows NT 10.0; Win64; x64) AppleWebKit/537.36 (KHTML, like Gecko) Chrome/144.0.0.0 Safari/537.36" 6909
88.231.129.62 - - [19/Mar/2026:14:36:22 +0300] "GET /api/executive/activity-feed?limit=30 HTTP/1.0" 200 6437 "https://minibartakip.com/executive-dashboard" "Mozilla/5.0 (Windows NT 10.0; Win64; x64) AppleWebKit/537.36 (KHTML, like Gecko) Chrome/146.0.0.0 Safari/537.36" 37451
127.0.0.1 - - [19/Mar/2026:14:36:30 +0300] "GET /health HTTP/1.1" 200 244 "-" "curl/8.14.1" 3949
45.131.155.111 - - [19/Mar/2026:14:36:34 +0300] "GET /favicon.ico HTTP/1.0" 404 73897 "https://web.185-9-38-66.plesk.page/" "Mozilla/5.0 (X11; Linux x86_64) AppleWebKit/537.36 (KHTML, like Gecko) Chrome/137.0.0.0 Safari/537.36" 3507
88.231.129.62 - - [19/Mar/2026:14:36:36 +0300] "GET /api/executive/consumption-trends?period=today HTTP/1.0" 200 60 "https://minibartakip.com/executive-dashboard" "Mozilla/5.0 (Windows NT 10.0; Win64; x64) AppleWebKit/537.36 (KHTML, like Gecko) Chrome/146.0.0.0 Safari/537.36" 3082
88.231.129.62 - - [19/Mar/2026:14:36:36 +0300] "GET /api/executive/summary-cards HTTP/1.0" 200 144 "https://minibartakip.com/executive-dashboard" "Mozilla/5.0 (Windows NT 10.0; Win64; x64) AppleWebKit/537.36 (KHTML, like Gecko) Chrome/146.0.0.0 Safari/537.36" 8349
88.231.129.62 - - [19/Mar/2026:14:36:36 +0300] "GET /api/executive/kpi?period=today HTTP/1.0" 200 229 "https://minibartakip.com/executive-dashboard" "Mozilla/5.0 (Windows NT 10.0; Win64; x64) AppleWebKit/537.36 (KHTML, like Gecko) Chrome/146.0.0.0 Safari/537.36" 8847
88.231.129.62 - - [19/Mar/2026:14:36:36 +0300] "GET /api/executive/top-products?period=today HTTP/1.0" 200 394 "https://minibartakip.com/executive-dashboard" "Mozilla/5.0 (Windows NT 10.0; Win64; x64) AppleWebKit/537.36 (KHTML, like Gecko) Chrome/146.0.0.0 Safari/537.36" 6929
45.131.155.111 - - [19/Mar/2026:14:36:36 +0300] "GET /favicon.ico HTTP/1.0" 404 73897 "https://admin.185-9-38-66.plesk.page/" "Mozilla/5.0 (Macintosh; Intel Mac OS X 10_15_7) AppleWebKit/605.1.15 (KHTML, like Gecko)" 6577
88.231.129.62 - - [19/Mar/2026:14:36:36 +0300] "GET /api/executive/hourly-activity?period=today HTTP/1.0" 200 292 "https://minibartakip.com/executive-dashboard" "Mozilla/5.0 (Windows NT 10.0; Win64; x64) AppleWebKit/537.36 (KHTML, like Gecko) Chrome/146.0.0.0 Safari/537.36" 21601
45.131.155.111 - - [19/Mar/2026:14:36:36 +0300] "GET /favicon.ico HTTP/1.0" 404 73897 "https://m.185-9-38-66.plesk.page/" "Mozilla/5.0 (Windows NT 10.0; Win64; x64) AppleWebKit/537.36 (KHTML, like Gecko) Chrome/138.0.0.0 Safari/537.36" 5231
88.231.129.62 - - [19/Mar/2026:14:36:37 +0300] "GET /api/executive/room-controls?period=today HTTP/1.0" 200 60 "https://minibartakip.com/executive-dashboard" "Mozilla/5.0 (Windows NT 10.0; Win64; x64) AppleWebKit/537.36 (KHTML, like Gecko) Chrome/146.0.0.0 Safari/537.36" 5989
88.231.129.62 - - [19/Mar/2026:14:36:37 +0300] "GET /api/executive/hotel-comparison?period=today HTTP/1.0" 200 283 "https://minibartakip.com/executive-dashboard" "Mozilla/5.0 (Windows NT 10.0; Win64; x64) AppleWebKit/537.36 (KHTML, like Gecko) Chrome/146.0.0.0 Safari/537.36" 72175
88.231.129.62 - - [19/Mar/2026:14:36:37 +0300] "GET /api/executive/task-completion?period=today HTTP/1.0" 200 222 "https://minibartakip.com/executive-dashboard" "Mozilla/5.0 (Windows NT 10.0; Win64; x64) AppleWebKit/537.36 (KHTML, like Gecko) Chrome/146.0.0.0 Safari/537.36" 50645
88.231.129.62 - - [19/Mar/2026:14:36:37 +0300] "GET /api/executive/activity-feed?limit=30 HTTP/1.0" 200 6437 "https://minibartakip.com/executive-dashboard" "Mozilla/5.0 (Windows NT 10.0; Win64; x64) AppleWebKit/537.36 (KHTML, like Gecko) Chrome/146.0.0.0 Safari/537.36" 55773
88.231.129.62 - - [19/Mar/2026:14:36:37 +0300] "GET /api/executive/activity-feed?limit=30 HTTP/1.0" 200 6437 "https://minibartakip.com/executive-dashboard" "Mozilla/5.0 (Windows NT 10.0; Win64; x64) AppleWebKit/537.36 (KHTML, like Gecko) Chrome/146.0.0.0 Safari/537.36" 36709
45.131.155.111 - - [19/Mar/2026:14:36:39 +0300] "GET /favicon.ico HTTP/1.0" 404 73897 "https://www.185-9-38-66.plesk.page/" "Mozilla/5.0 (X11; Linux x86_64) AppleWebKit/537.36 (KHTML, like Gecko) Chrome/137.0.0.0 Safari/537.36" 3369
45.131.155.111 - - [19/Mar/2026:14:36:39 +0300] "GET /favicon.ico HTTP/1.0" 404 73897 "https://PKVMr.185-9-38-66.plesk.page/" "Mozilla/5.0 (X11; Linux x86_64) AppleWebKit/537.36 (KHTML, like Gecko) Chrome/136.0.0.0 Safari/537.36" 3201
45.131.155.111 - - [19/Mar/2026:14:36:42 +0300] "GET /favicon.ico HTTP/1.0" 404 73897 "https://galaxy1.birdns.com/" "Mozilla/5.0 (Macintosh; Intel Mac OS X 10_15_7) AppleWebKit/537.36 (KHTML, like Gecko) obsidian/1.8.10 Chrome/132.0.6834.196 Electron/34.2.0 Safari/537.36" 3153
94.78.89.124 - - [19/Mar/2026:14:36:47 +0300] "GET /kat-doluluk/26 HTTP/1.0" 200 132025 "https://minibartakip.com/kat-sorumlusu/dashboard" "Mozilla/5.0 (Windows NT 10.0; Win64; x64) AppleWebKit/537.36 (KHTML, like Gecko) Chrome/144.0.0.0 Safari/537.36" 121428
94.78.89.124 - - [19/Mar/2026:14:36:47 +0300] "GET /api/bildirimler?limit=20 HTTP/1.0" 200 2016 "https://minibartakip.com/kat-doluluk/26" "Mozilla/5.0 (Windows NT 10.0; Win64; x64) AppleWebKit/537.36 (KHTML, like Gecko) Chrome/144.0.0.0 Safari/537.36" 6458
94.78.89.124 - - [19/Mar/2026:14:36:47 +0300] "GET /gorevler/api/bekleyen HTTP/1.0" 200 49 "https://minibartakip.com/kat-doluluk/26" "Mozilla/5.0 (Windows NT 10.0; Win64; x64) AppleWebKit/537.36 (KHTML, like Gecko) Chrome/144.0.0.0 Safari/537.36" 14684
94.78.89.124 - - [19/Mar/2026:14:36:47 +0300] "GET /static/icons/android/android-launchericon-144-144.png HTTP/1.0" 304 0 "https://minibartakip.com/kat-doluluk/26" "Mozilla/5.0 (Windows NT 10.0; Win64; x64) AppleWebKit/537.36 (KHTML, like Gecko) Chrome/144.0.0.0 Safari/537.36" 2647
94.78.89.124 - - [19/Mar/2026:14:36:50 +0300] "GET /kat-sorumlusu/oda-kontrol?kat_id=26&oda_id=1673&from_kat_detay=1 HTTP/1.0" 200 114966 "https://minibartakip.com/kat-doluluk/26" "Mozilla/5.0 (Windows NT 10.0; Win64; x64) AppleWebKit/537.36 (KHTML, like Gecko) Chrome/144.0.0.0 Safari/537.36" 16338
94.78.89.124 - - [19/Mar/2026:14:36:50 +0300] "GET /api/bildirimler?limit=20 HTTP/1.0" 200 2016 "https://minibartakip.com/kat-sorumlusu/oda-kontrol?kat_id=26&oda_id=1673&from_kat_detay=1" "Mozilla/5.0 (Windows NT 10.0; Win64; x64) AppleWebKit/537.36 (KHTML, like Gecko) Chrome/144.0.0.0 Safari/537.36" 13398
94.78.89.124 - - [19/Mar/2026:14:36:50 +0300] "GET /gorevler/api/bekleyen HTTP/1.0" 200 49 "https://minibartakip.com/kat-sorumlusu/oda-kontrol?kat_id=26&oda_id=1673&from_kat_detay=1" "Mozilla/5.0 (Windows NT 10.0; Win64; x64) AppleWebKit/537.36 (KHTML, like Gecko) Chrome/144.0.0.0 Safari/537.36" 19504
94.78.89.124 - - [19/Mar/2026:14:36:50 +0300] "GET /kat-odalari?kat_id=26 HTTP/1.0" 200 649 "https://minibartakip.com/kat-sorumlusu/oda-kontrol?kat_id=26&oda_id=1673&from_kat_detay=1" "Mozilla/5.0 (Windows NT 10.0; Win64; x64) AppleWebKit/537.36 (KHTML, like Gecko) Chrome/144.0.0.0 Safari/537.36" 21995
94.78.89.124 - - [19/Mar/2026:14:36:50 +0300] "GET /static/icons/android/android-launchericon-144-144.png HTTP/1.0" 304 0 "https://minibartakip.com/kat-sorumlusu/oda-kontrol?kat_id=26&oda_id=1673&from_kat_detay=1" "Mozilla/5.0 (Windows NT 10.0; Win64; x64) AppleWebKit/537.36 (KHTML, like Gecko) Chrome/144.0.0.0 Safari/537.36" 2332
94.78.89.124 - - [19/Mar/2026:14:36:51 +0300] "GET /api/kat-sorumlusu/bugun-eklemeler/1673 HTTP/1.0" 200 32 "https://minibartakip.com/kat-sorumlusu/oda-kontrol?kat_id=26&oda_id=1673&from_kat_detay=1" "Mozilla/5.0 (Windows NT 10.0; Win64; x64) AppleWebKit/537.36 (KHTML, like Gecko) Chrome/144.0.0.0 Safari/537.36" 6740
94.78.89.124 - - [19/Mar/2026:14:36:51 +0300] "GET /api/kat-sorumlusu/oda-setup/1673 HTTP/1.0" 200 7147 "https://minibartakip.com/kat-sorumlusu/oda-kontrol?kat_id=26&oda_id=1673&from_kat_detay=1" "Mozilla/5.0 (Windows NT 10.0; Win64; x64) AppleWebKit/537.36 (KHTML, like Gecko) Chrome/144.0.0.0 Safari/537.36" 79708
88.231.129.62 - - [19/Mar/2026:14:36:51 +0300] "GET /api/executive/activity-feed?limit=30 HTTP/1.0" 200 6416 "https://minibartakip.com/executive-dashboard" "Mozilla/5.0 (Windows NT 10.0; Win64; x64) AppleWebKit/537.36 (KHTML, like Gecko) Chrome/146.0.0.0 Safari/537.36" 39873
94.78.89.124 - - [19/Mar/2026:14:36:53 +0300] "GET /kat-doluluk/26 HTTP/1.0" 200 132025 "https://minibartakip.com/kat-sorumlusu/oda-kontrol" "Mozilla/5.0 (Windows NT 10.0; Win64; x64) AppleWebKit/537.36 (KHTML, like Gecko) Chrome/144.0.0.0 Safari/537.36" 773280
94.78.89.124 - - [19/Mar/2026:14:36:53 +0300] "GET /api/bildirimler?limit=20 HTTP/1.0" 200 2016 "https://minibartakip.com/kat-doluluk/26" "Mozilla/5.0 (Windows NT 10.0; Win64; x64) AppleWebKit/537.36 (KHTML, like Gecko) Chrome/144.0.0.0 Safari/537.36" 28913
94.78.89.124 - - [19/Mar/2026:14:36:53 +0300] "GET /gorevler/api/bekleyen HTTP/1.0" 200 49 "https://minibartakip.com/kat-doluluk/26" "Mozilla/5.0 (Windows NT 10.0; Win64; x64) AppleWebKit/537.36 (KHTML, like Gecko) Chrome/144.0.0.0 Safari/537.36" 31017
94.78.89.124 - - [19/Mar/2026:14:36:54 +0300] "GET /static/icons/android/android-launchericon-144-144.png HTTP/1.0" 304 0 "https://minibartakip.com/kat-doluluk/26" "Mozilla/5.0 (Windows NT 10.0; Win64; x64) AppleWebKit/537.36 (KHTML, like Gecko) Chrome/144.0.0.0 Safari/537.36" 2586
94.78.89.124 - - [19/Mar/2026:14:36:54 +0300] "GET /kat-sorumlusu/oda-kontrol?kat_id=26&oda_id=1676&from_kat_detay=1 HTTP/1.0" 200 114966 "https://minibartakip.com/kat-doluluk/26" "Mozilla/5.0 (Windows NT 10.0; Win64; x64) AppleWebKit/537.36 (KHTML, like Gecko) Chrome/144.0.0.0 Safari/537.36" 17997
94.78.89.124 - - [19/Mar/2026:14:36:55 +0300] "GET /static/icons/android/android-launchericon-144-144.png HTTP/1.0" 304 0 "https://minibartakip.com/kat-sorumlusu/oda-kontrol?kat_id=26&oda_id=1676&from_kat_detay=1" "Mozilla/5.0 (Windows NT 10.0; Win64; x64) AppleWebKit/537.36 (KHTML, like Gecko) Chrome/144.0.0.0 Safari/537.36" 7903
94.78.89.124 - - [19/Mar/2026:14:36:55 +0300] "GET /gorevler/api/bekleyen HTTP/1.0" 200 49 "https://minibartakip.com/kat-sorumlusu/oda-kontrol?kat_id=26&oda_id=1676&from_kat_detay=1" "Mozilla/5.0 (Windows NT 10.0; Win64; x64) AppleWebKit/537.36 (KHTML, like Gecko) Chrome/144.0.0.0 Safari/537.36" 836059
94.78.89.124 - - [19/Mar/2026:14:36:55 +0300] "GET /api/bildirimler?limit=20 HTTP/1.0" 200 2016 "https://minibartakip.com/kat-sorumlusu/oda-kontrol?kat_id=26&oda_id=1676&from_kat_detay=1" "Mozilla/5.0 (Windows NT 10.0; Win64; x64) AppleWebKit/537.36 (KHTML, like Gecko) Chrome/144.0.0.0 Safari/537.36" 834587
94.78.89.124 - - [19/Mar/2026:14:36:55 +0300] "GET /kat-odalari?kat_id=26 HTTP/1.0" 200 649 "https://minibartakip.com/kat-sorumlusu/oda-kontrol?kat_id=26&oda_id=1676&from_kat_detay=1" "Mozilla/5.0 (Windows NT 10.0; Win64; x64) AppleWebKit/537.36 (KHTML, like Gecko) Chrome/144.0.0.0 Safari/537.36" 842967
94.78.89.124 - - [19/Mar/2026:14:36:56 +0300] "GET /api/kat-sorumlusu/bugun-eklemeler/1676 HTTP/1.0" 200 32 "https://minibartakip.com/kat-sorumlusu/oda-kontrol?kat_id=26&oda_id=1676&from_kat_detay=1" "Mozilla/5.0 (Windows NT 10.0; Win64; x64) AppleWebKit/537.36 (KHTML, like Gecko) Chrome/144.0.0.0 Safari/537.36" 7572
94.78.89.124 - - [19/Mar/2026:14:36:58 +0300] "GET /api/kat-sorumlusu/oda-setup/1676 HTTP/1.0" 200 7145 "https://minibartakip.com/kat-sorumlusu/oda-kontrol?kat_id=26&oda_id=1676&from_kat_detay=1" "Mozilla/5.0 (Windows NT 10.0; Win64; x64) AppleWebKit/537.36 (KHTML, like Gecko) Chrome/144.0.0.0 Safari/537.36" 862568
94.78.89.124 - - [19/Mar/2026:14:36:59 +0300] "GET /kat-doluluk/26 HTTP/1.0" 200 132025 "https://minibartakip.com/kat-sorumlusu/oda-kontrol" "Mozilla/5.0 (Windows NT 10.0; Win64; x64) AppleWebKit/537.36 (KHTML, like Gecko) Chrome/144.0.0.0 Safari/537.36" 295201
94.78.89.124 - - [19/Mar/2026:14:37:00 +0300] "GET /api/bildirimler?limit=20 HTTP/1.0" 200 2016 "https://minibartakip.com/kat-doluluk/26" "Mozilla/5.0 (Windows NT 10.0; Win64; x64) AppleWebKit/537.36 (KHTML, like Gecko) Chrome/144.0.0.0 Safari/537.36" 6743
94.78.89.124 - - [19/Mar/2026:14:37:00 +0300] "GET /gorevler/api/bekleyen HTTP/1.0" 200 49 "https://minibartakip.com/kat-doluluk/26" "Mozilla/5.0 (Windows NT 10.0; Win64; x64) AppleWebKit/537.36 (KHTML, like Gecko) Chrome/144.0.0.0 Safari/537.36" 14473
94.78.89.124 - - [19/Mar/2026:14:37:00 +0300] "GET /static/icons/android/android-launchericon-144-144.png HTTP/1.0" 304 0 "https://minibartakip.com/kat-doluluk/26" "Mozilla/5.0 (Windows NT 10.0; Win64; x64) AppleWebKit/537.36 (KHTML, like Gecko) Chrome/144.0.0.0 Safari/537.36" 3015
127.0.0.1 - - [19/Mar/2026:14:37:01 +0300] "GET /health HTTP/1.1" 200 244 "-" "curl/8.14.1" 4189
94.78.89.124 - - [19/Mar/2026:14:37:02 +0300] "GET /kat-sorumlusu/oda-kontrol?kat_id=26&oda_id=1684&from_kat_detay=1 HTTP/1.0" 200 114966 "https://minibartakip.com/kat-doluluk/26" "Mozilla/5.0 (Windows NT 10.0; Win64; x64) AppleWebKit/537.36 (KHTML, like Gecko) Chrome/144.0.0.0 Safari/537.36" 18929
94.78.89.124 - - [19/Mar/2026:14:37:03 +0300] "GET /api/bildirimler?limit=20 HTTP/1.0" 200 2016 "https://minibartakip.com/kat-sorumlusu/oda-kontrol?kat_id=26&oda_id=1684&from_kat_detay=1" "Mozilla/5.0 (Windows NT 10.0; Win64; x64) AppleWebKit/537.36 (KHTML, like Gecko) Chrome/144.0.0.0 Safari/537.36" 11939
94.78.89.124 - - [19/Mar/2026:14:37:03 +0300] "GET /static/icons/android/android-launchericon-144-144.png HTTP/1.0" 304 0 "https://minibartakip.com/kat-sorumlusu/oda-kontrol?kat_id=26&oda_id=1684&from_kat_detay=1" "Mozilla/5.0 (Windows NT 10.0; Win64; x64) AppleWebKit/537.36 (KHTML, like Gecko) Chrome/144.0.0.0 Safari/537.36" 427521
94.78.89.124 - - [19/Mar/2026:14:37:03 +0300] "GET /gorevler/api/bekleyen HTTP/1.0" 200 49 "https://minibartakip.com/kat-sorumlusu/oda-kontrol?kat_id=26&oda_id=1684&from_kat_detay=1" "Mozilla/5.0 (Windows NT 10.0; Win64; x64) AppleWebKit/537.36 (KHTML, like Gecko) Chrome/144.0.0.0 Safari/537.36" 450729
94.78.89.124 - - [19/Mar/2026:14:37:03 +0300] "GET /kat-odalari?kat_id=26 HTTP/1.0" 200 649 "https://minibartakip.com/kat-sorumlusu/oda-kontrol?kat_id=26&oda_id=1684&from_kat_detay=1" "Mozilla/5.0 (Windows NT 10.0; Win64; x64) AppleWebKit/537.36 (KHTML, like Gecko) Chrome/144.0.0.0 Safari/537.36" 458874
94.78.89.124 - - [19/Mar/2026:14:37:04 +0300] "GET /api/kat-sorumlusu/bugun-eklemeler/1684 HTTP/1.0" 200 32 "https://minibartakip.com/kat-sorumlusu/oda-kontrol?kat_id=26&oda_id=1684&from_kat_detay=1" "Mozilla/5.0 (Windows NT 10.0; Win64; x64) AppleWebKit/537.36 (KHTML, like Gecko) Chrome/144.0.0.0 Safari/537.36" 7457
94.78.89.124 - - [19/Mar/2026:14:37:05 +0300] "GET /api/kat-sorumlusu/oda-setup/1684 HTTP/1.0" 200 7296 "https://minibartakip.com/kat-sorumlusu/oda-kontrol?kat_id=26&oda_id=1684&from_kat_detay=1" "Mozilla/5.0 (Windows NT 10.0; Win64; x64) AppleWebKit/537.36 (KHTML, like Gecko) Chrome/144.0.0.0 Safari/537.36" 923875
88.231.129.62 - - [19/Mar/2026:14:37:07 +0300] "GET /api/executive/kpi?period=today HTTP/1.0" 200 229 "https://minibartakip.com/executive-dashboard" "Mozilla/5.0 (Windows NT 10.0; Win64; x64) AppleWebKit/537.36 (KHTML, like Gecko) Chrome/146.0.0.0 Safari/537.36" 4253
88.231.129.62 - - [19/Mar/2026:14:37:07 +0300] "GET /api/executive/room-controls?period=today HTTP/1.0" 200 60 "https://minibartakip.com/executive-dashboard" "Mozilla/5.0 (Windows NT 10.0; Win64; x64) AppleWebKit/537.36 (KHTML, like Gecko) Chrome/146.0.0.0 Safari/537.36" 5609
88.231.129.62 - - [19/Mar/2026:14:37:07 +0300] "GET /api/executive/consumption-trends?period=today HTTP/1.0" 200 60 "https://minibartakip.com/executive-dashboard" "Mozilla/5.0 (Windows NT 10.0; Win64; x64) AppleWebKit/537.36 (KHTML, like Gecko) Chrome/146.0.0.0 Safari/537.36" 8646
88.231.129.62 - - [19/Mar/2026:14:37:07 +0300] "GET /api/bildirimler/poll?son_kontrol=2026-03-19T13%3A36%3A07.149816%2B02%3A00 HTTP/1.0" 200 112 "https://minibartakip.com/executive-dashboard" "Mozilla/5.0 (Windows NT 10.0; Win64; x64) AppleWebKit/537.36 (KHTML, like Gecko) Chrome/146.0.0.0 Safari/537.36" 11507
88.231.129.62 - - [19/Mar/2026:14:37:07 +0300] "GET /api/executive/summary-cards HTTP/1.0" 200 144 "https://minibartakip.com/executive-dashboard" "Mozilla/5.0 (Windows NT 10.0; Win64; x64) AppleWebKit/537.36 (KHTML, like Gecko) Chrome/146.0.0.0 Safari/537.36" 16257
88.231.129.62 - - [19/Mar/2026:14:37:07 +0300] "GET /api/executive/top-products?period=today HTTP/1.0" 200 394 "https://minibartakip.com/executive-dashboard" "Mozilla/5.0 (Windows NT 10.0; Win64; x64) AppleWebKit/537.36 (KHTML, like Gecko) Chrome/146.0.0.0 Safari/537.36" 2729
88.231.129.62 - - [19/Mar/2026:14:37:07 +0300] "GET /api/executive/activity-feed?limit=30 HTTP/1.0" 200 6367 "https://minibartakip.com/executive-dashboard" "Mozilla/5.0 (Windows NT 10.0; Win64; x64) AppleWebKit/537.36 (KHTML, like Gecko) Chrome/146.0.0.0 Safari/537.36" 49626
88.231.129.62 - - [19/Mar/2026:14:37:07 +0300] "GET /api/executive/hourly-activity?period=today HTTP/1.0" 200 292 "https://minibartakip.com/executive-dashboard" "Mozilla/5.0 (Windows NT 10.0; Win64; x64) AppleWebKit/537.36 (KHTML, like Gecko) Chrome/146.0.0.0 Safari/537.36" 19503
88.231.129.62 - - [19/Mar/2026:14:37:09 +0300] "GET /api/executive/hotel-comparison?period=today HTTP/1.0" 200 283 "https://minibartakip.com/executive-dashboard" "Mozilla/5.0 (Windows NT 10.0; Win64; x64) AppleWebKit/537.36 (KHTML, like Gecko) Chrome/146.0.0.0 Safari/537.36" 2051057
88.231.129.62 - - [19/Mar/2026:14:37:09 +0300] "GET /api/executive/task-completion?period=today HTTP/1.0" 200 222 "https://minibartakip.com/executive-dashboard" "Mozilla/5.0 (Windows NT 10.0; Win64; x64) AppleWebKit/537.36 (KHTML, like Gecko) Chrome/146.0.0.0 Safari/537.36" 2049751
88.231.129.62 - - [19/Mar/2026:14:37:09 +0300] "GET /api/executive/activity-feed?limit=30 HTTP/1.0" 200 6367 "https://minibartakip.com/executive-dashboard" "Mozilla/5.0 (Windows NT 10.0; Win64; x64) AppleWebKit/537.36 (KHTML, like Gecko) Chrome/146.0.0.0 Safari/537.36" 1769897
94.79.89.124 - - [19/Mar/2026:14:37:09 +0300] "GET /api/kat-sorumlusu/dnd-durum/1221 HTTP/1.0" 200 35 "https://minibartakip.com/kat-sorumlusu/oda-kontrol" "Mozilla/5.0 (iPhone; CPU iPhone OS 18_7 like Mac OS X) AppleWebKit/605.1.15 (KHTML, like Gecko) Version/26.3 Mobile/15E148 Safari/604.1" 7388
🔍 DND Görev Arama - Otel: 1, Tarih: 2026-03-19, Oda: 1221
✅ Görev detay bulundu: ID=51435, Durum=pending
94.78.89.124 - - [19/Mar/2026:14:37:14 +0300] "GET /kat-doluluk/26 HTTP/1.0" 200 132025 "https://minibartakip.com/kat-sorumlusu/oda-kontrol" "Mozilla/5.0 (Windows NT 10.0; Win64; x64) AppleWebKit/537.36 (KHTML, like Gecko) Chrome/144.0.0.0 Safari/537.36" 733351
✅ DND bildirimi gönderildi: Oda 1338
94.79.89.124 - - [19/Mar/2026:14:37:15 +0300] "POST /api/kat-sorumlusu/dnd-kaydet HTTP/1.0" 200 171 "https://minibartakip.com/kat-sorumlusu/oda-kontrol" "Mozilla/5.0 (iPhone; CPU iPhone OS 18_7 like Mac OS X) AppleWebKit/605.1.15 (KHTML, like Gecko) Version/26.3 Mobile/15E148 Safari/604.1" 1089512
94.78.89.124 - - [19/Mar/2026:14:37:15 +0300] "GET /api/bildirimler?limit=20 HTTP/1.0" 200 2016 "https://minibartakip.com/kat-doluluk/26" "Mozilla/5.0 (Windows NT 10.0; Win64; x64) AppleWebKit/537.36 (KHTML, like Gecko) Chrome/144.0.0.0 Safari/537.36" 6107
94.78.89.124 - - [19/Mar/2026:14:37:16 +0300] "GET /gorevler/api/bekleyen HTTP/1.0" 200 49 "https://minibartakip.com/kat-doluluk/26" "Mozilla/5.0 (Windows NT 10.0; Win64; x64) AppleWebKit/537.36 (KHTML, like Gecko) Chrome/144.0.0.0 Safari/537.36" 292117
94.78.89.124 - - [19/Mar/2026:14:37:16 +0300] "GET /static/icons/android/android-launchericon-144-144.png HTTP/1.0" 304 0 "https://minibartakip.com/kat-doluluk/26" "Mozilla/5.0 (Windows NT 10.0; Win64; x64) AppleWebKit/537.36 (KHTML, like Gecko) Chrome/144.0.0.0 Safari/537.36" 3311
88.231.129.62 - - [19/Mar/2026:14:37:22 +0300] "GET /api/executive/activity-feed?limit=30 HTTP/1.0" 200 6344 "https://minibartakip.com/executive-dashboard" "Mozilla/5.0 (Windows NT 10.0; Win64; x64) AppleWebKit/537.36 (KHTML, like Gecko) Chrome/146.0.0.0 Safari/537.36" 37421
94.79.89.124 - - [19/Mar/2026:14:37:23 +0300] "GET /kat-doluluk/21 HTTP/1.0" 200 207694 "-" "Mozilla/5.0 (iPhone; CPU iPhone OS 18_7 like Mac OS X) AppleWebKit/605.1.15 (KHTML, like Gecko) Version/26.3 Mobile/15E148 Safari/604.1" 150307
94.79.89.124 - - [19/Mar/2026:14:37:24 +0300] "GET /gorevler/api/bekleyen HTTP/1.0" 200 53 "https://minibartakip.com/kat-doluluk/21" "Mozilla/5.0 (iPhone; CPU iPhone OS 18_7 like Mac OS X) AppleWebKit/605.1.15 (KHTML, like Gecko) Version/26.3 Mobile/15E148 Safari/604.1" 22301
94.79.89.124 - - [19/Mar/2026:14:37:24 +0300] "GET /api/bildirimler?limit=20 HTTP/1.0" 200 2016 "https://minibartakip.com/kat-doluluk/21" "Mozilla/5.0 (iPhone; CPU iPhone OS 18_7 like Mac OS X) AppleWebKit/605.1.15 (KHTML, like Gecko) Version/26.3 Mobile/15E148 Safari/604.1" 6259
94.79.89.124 - - [19/Mar/2026:14:37:27 +0300] "GET /kat-sorumlusu/oda-kontrol?kat_id=21&oda_id=1220&from_kat_detay=1 HTTP/1.0" 200 115084 "https://minibartakip.com/kat-doluluk/21" "Mozilla/5.0 (iPhone; CPU iPhone OS 18_7 like Mac OS X) AppleWebKit/605.1.15 (KHTML, like Gecko) Version/26.3 Mobile/15E148 Safari/604.1" 16377
94.79.89.124 - - [19/Mar/2026:14:37:28 +0300] "GET /api/bildirimler?limit=20 HTTP/1.0" 200 2016 "https://minibartakip.com/kat-sorumlusu/oda-kontrol?kat_id=21&oda_id=1220&from_kat_detay=1" "Mozilla/5.0 (iPhone; CPU iPhone OS 18_7 like Mac OS X) AppleWebKit/605.1.15 (KHTML, like Gecko) Version/26.3 Mobile/15E148 Safari/604.1" 6033
94.79.89.124 - - [19/Mar/2026:14:37:28 +0300] "GET /gorevler/api/bekleyen HTTP/1.0" 200 53 "https://minibartakip.com/kat-sorumlusu/oda-kontrol?kat_id=21&oda_id=1220&from_kat_detay=1" "Mozilla/5.0 (iPhone; CPU iPhone OS 18_7 like Mac OS X) AppleWebKit/605.1.15 (KHTML, like Gecko) Version/26.3 Mobile/15E148 Safari/604.1" 26152
94.79.89.124 - - [19/Mar/2026:14:37:28 +0300] "GET /kat-odalari?kat_id=21 HTTP/1.0" 200 1624 "https://minibartakip.com/kat-sorumlusu/oda-kontrol?kat_id=21&oda_id=1220&from_kat_detay=1" "Mozilla/5.0 (iPhone; CPU iPhone OS 18_7 like Mac OS X) AppleWebKit/605.1.15 (KHTML, like Gecko) Version/26.3 Mobile/15E148 Safari/604.1" 25027
94.79.89.124 - - [19/Mar/2026:14:37:28 +0300] "GET /api/kat-sorumlusu/bugun-eklemeler/1220 HTTP/1.0" 200 32 "https://minibartakip.com/kat-sorumlusu/oda-kontrol?kat_id=21&oda_id=1220&from_kat_detay=1" "Mozilla/5.0 (iPhone; CPU iPhone OS 18_7 like Mac OS X) AppleWebKit/605.1.15 (KHTML, like Gecko) Version/26.3 Mobile/15E148 Safari/604.1" 6743
94.79.89.124 - - [19/Mar/2026:14:37:29 +0300] "GET /api/kat-sorumlusu/oda-setup/1220 HTTP/1.0" 200 7364 "https://minibartakip.com/kat-sorumlusu/oda-kontrol?kat_id=21&oda_id=1220&from_kat_detay=1" "Mozilla/5.0 (iPhone; CPU iPhone OS 18_7 like Mac OS X) AppleWebKit/605.1.15 (KHTML, like Gecko) Version/26.3 Mobile/15E148 Safari/604.1" 65854
94.79.89.124 - - [19/Mar/2026:14:37:30 +0300] "GET /api/kat-sorumlusu/dnd-durum/1220 HTTP/1.0" 200 35 "https://minibartakip.com/kat-sorumlusu/oda-kontrol" "Mozilla/5.0 (iPhone; CPU iPhone OS 18_7 like Mac OS X) AppleWebKit/605.1.15 (KHTML, like Gecko) Version/26.3 Mobile/15E148 Safari/604.1" 5802
🔍 DND Görev Arama - Otel: 1, Tarih: 2026-03-19, Oda: 1220
✅ Görev detay bulundu: ID=51398, Durum=pending
✅ DND bildirimi gönderildi: Oda 1337
94.79.89.124 - - [19/Mar/2026:14:37:31 +0300] "POST /api/kat-sorumlusu/dnd-kaydet HTTP/1.0" 200 171 "https://minibartakip.com/kat-sorumlusu/oda-kontrol" "Mozilla/5.0 (iPhone; CPU iPhone OS 18_7 like Mac OS X) AppleWebKit/605.1.15 (KHTML, like Gecko) Version/26.3 Mobile/15E148 Safari/604.1" 61688
127.0.0.1 - - [19/Mar/2026:14:37:32 +0300] "GET /health HTTP/1.1" 200 243 "-" "curl/8.14.1" 4519
94.79.89.124 - - [19/Mar/2026:14:37:36 +0300] "GET /kat-doluluk/21 HTTP/1.0" 200 208368 "-" "Mozilla/5.0 (iPhone; CPU iPhone OS 18_7 like Mac OS X) AppleWebKit/605.1.15 (KHTML, like Gecko) Version/26.3 Mobile/15E148 Safari/604.1" 1444946
94.79.89.124 - - [19/Mar/2026:14:37:36 +0300] "GET /gorevler/api/bekleyen HTTP/1.0" 200 53 "https://minibartakip.com/kat-doluluk/21" "Mozilla/5.0 (iPhone; CPU iPhone OS 18_7 like Mac OS X) AppleWebKit/605.1.15 (KHTML, like Gecko) Version/26.3 Mobile/15E148 Safari/604.1" 22651
94.79.89.124 - - [19/Mar/2026:14:37:36 +0300] "GET /api/bildirimler?limit=20 HTTP/1.0" 200 2016 "https://minibartakip.com/kat-doluluk/21" "Mozilla/5.0 (iPhone; CPU iPhone OS 18_7 like Mac OS X) AppleWebKit/605.1.15 (KHTML, like Gecko) Version/26.3 Mobile/15E148 Safari/604.1" 9566
88.231.129.62 - - [19/Mar/2026:14:37:36 +0300] "GET /api/executive/consumption-trends?period=today HTTP/1.0" 200 60 "https://minibartakip.com/executive-dashboard" "Mozilla/5.0 (Windows NT 10.0; Win64; x64) AppleWebKit/537.36 (KHTML, like Gecko) Chrome/146.0.0.0 Safari/537.36" 2852
88.231.129.62 - - [19/Mar/2026:14:37:36 +0300] "GET /api/executive/room-controls?period=today HTTP/1.0" 200 60 "https://minibartakip.com/executive-dashboard" "Mozilla/5.0 (Windows NT 10.0; Win64; x64) AppleWebKit/537.36 (KHTML, like Gecko) Chrome/146.0.0.0 Safari/537.36" 2289
88.231.129.62 - - [19/Mar/2026:14:37:38 +0300] "GET /api/executive/hotel-comparison?period=today HTTP/1.0" 200 283 "https://minibartakip.com/executive-dashboard" "Mozilla/5.0 (Windows NT 10.0; Win64; x64) AppleWebKit/537.36 (KHTML, like Gecko) Chrome/146.0.0.0 Safari/537.36" 2016524
88.231.129.62 - - [19/Mar/2026:14:37:38 +0300] "GET /api/executive/summary-cards HTTP/1.0" 200 145 "https://minibartakip.com/executive-dashboard" "Mozilla/5.0 (Windows NT 10.0; Win64; x64) AppleWebKit/537.36 (KHTML, like Gecko) Chrome/146.0.0.0 Safari/537.36" 1999048
88.231.129.62 - - [19/Mar/2026:14:37:39 +0300] "GET /api/executive/task-completion?period=today HTTP/1.0" 200 222 "https://minibartakip.com/executive-dashboard" "Mozilla/5.0 (Windows NT 10.0; Win64; x64) AppleWebKit/537.36 (KHTML, like Gecko) Chrome/146.0.0.0 Safari/537.36" 878953
88.231.129.62 - - [19/Mar/2026:14:37:39 +0300] "GET /api/executive/top-products?period=today HTTP/1.0" 200 394 "https://minibartakip.com/executive-dashboard" "Mozilla/5.0 (Windows NT 10.0; Win64; x64) AppleWebKit/537.36 (KHTML, like Gecko) Chrome/146.0.0.0 Safari/537.36" 3450
88.231.129.62 - - [19/Mar/2026:14:37:40 +0300] "GET /api/executive/hourly-activity?period=today HTTP/1.0" 200 292 "https://minibartakip.com/executive-dashboard" "Mozilla/5.0 (Windows NT 10.0; Win64; x64) AppleWebKit/537.36 (KHTML, like Gecko) Chrome/146.0.0.0 Safari/537.36" 3547260
88.231.129.62 - - [19/Mar/2026:14:37:40 +0300] "GET /api/executive/activity-feed?limit=30 HTTP/1.0" 200 6273 "https://minibartakip.com/executive-dashboard" "Mozilla/5.0 (Windows NT 10.0; Win64; x64) AppleWebKit/537.36 (KHTML, like Gecko) Chrome/146.0.0.0 Safari/537.36" 3518124
88.231.129.62 - - [19/Mar/2026:14:37:42 +0300] "GET /api/executive/kpi?period=today HTTP/1.0" 200 229 "https://minibartakip.com/executive-dashboard" "Mozilla/5.0 (Windows NT 10.0; Win64; x64) AppleWebKit/537.36 (KHTML, like Gecko) Chrome/146.0.0.0 Safari/537.36" 5153290
88.231.129.62 - - [19/Mar/2026:14:37:43 +0300] "GET /api/executive/activity-feed?limit=30 HTTP/1.0" 200 6273 "https://minibartakip.com/executive-dashboard" "Mozilla/5.0 (Windows NT 10.0; Win64; x64) AppleWebKit/537.36 (KHTML, like Gecko) Chrome/146.0.0.0 Safari/537.36" 1821000
94.79.89.124 - - [19/Mar/2026:14:37:43 +0300] "GET /kat-sorumlusu/oda-kontrol?kat_id=21&oda_id=1219&from_kat_detay=1 HTTP/1.0" 200 115084 "https://minibartakip.com/kat-doluluk/21" "Mozilla/5.0 (iPhone; CPU iPhone OS 18_7 like Mac OS X) AppleWebKit/605.1.15 (KHTML, like Gecko) Version/26.3 Mobile/15E148 Safari/604.1" 18938
94.79.89.124 - - [19/Mar/2026:14:37:45 +0300] "GET /gorevler/api/bekleyen HTTP/1.0" 200 53 "https://minibartakip.com/kat-sorumlusu/oda-kontrol?kat_id=21&oda_id=1219&from_kat_detay=1" "Mozilla/5.0 (iPhone; CPU iPhone OS 18_7 like Mac OS X) AppleWebKit/605.1.15 (KHTML, like Gecko) Version/26.3 Mobile/15E148 Safari/604.1" 558937
94.79.89.124 - - [19/Mar/2026:14:37:47 +0300] "GET /api/bildirimler?limit=20 HTTP/1.0" 200 2016 "https://minibartakip.com/kat-sorumlusu/oda-kontrol?kat_id=21&oda_id=1219&from_kat_detay=1" "Mozilla/5.0 (iPhone; CPU iPhone OS 18_7 like Mac OS X) AppleWebKit/605.1.15 (KHTML, like Gecko) Version/26.3 Mobile/15E148 Safari/604.1" 810987
